<!doctype html public "-//w3c//dtd html 4.0 transitional//en">
<html><head>
<title>Static Call Graph - [OLED\OLED.axf]</title></head>
<body><HR>
<H1>Static Call Graph for image OLED\OLED.axf</H1><HR>
<BR><P>#&#060CALLGRAPH&#062# ARM Linker, 5060960: Last Updated: Tue Sep 21 01:34:30 2021
<BR><P>
<H3>Maximum Stack Usage =        240 bytes + Unknown(Cycles, Untraceable Function Pointers)</H3><H3>
Call chain for Maximum Stack Depth:</H3>
prvTimerTask &rArr; prvProcessReceivedCommands &rArr; prvSampleTimeNow &rArr; prvSwitchTimerLists &rArr; xTimerGenericCommand &rArr; xQueueGenericSend &rArr; xTaskResumeAll &rArr; xTaskIncrementTick
<P>
<H3>
Mutually Recursive functions
</H3> <LI><a href="#[1c]">ADC1_2_IRQHandler</a>&nbsp;&nbsp;&nbsp;&rArr;&nbsp;&nbsp;&nbsp;<a href="#[1c]">ADC1_2_IRQHandler</a><BR>
 <LI><a href="#[4]">BusFault_Handler</a>&nbsp;&nbsp;&nbsp;&rArr;&nbsp;&nbsp;&nbsp;<a href="#[4]">BusFault_Handler</a><BR>
 <LI><a href="#[2]">HardFault_Handler</a>&nbsp;&nbsp;&nbsp;&rArr;&nbsp;&nbsp;&nbsp;<a href="#[2]">HardFault_Handler</a><BR>
 <LI><a href="#[3]">MemManage_Handler</a>&nbsp;&nbsp;&nbsp;&rArr;&nbsp;&nbsp;&nbsp;<a href="#[3]">MemManage_Handler</a><BR>
 <LI><a href="#[1]">NMI_Handler</a>&nbsp;&nbsp;&nbsp;&rArr;&nbsp;&nbsp;&nbsp;<a href="#[1]">NMI_Handler</a><BR>
 <LI><a href="#[38]">StartDefaultTask</a>&nbsp;&nbsp;&nbsp;&rArr;&nbsp;&nbsp;&nbsp;<a href="#[38]">StartDefaultTask</a><BR>
 <LI><a href="#[5]">UsageFault_Handler</a>&nbsp;&nbsp;&nbsp;&rArr;&nbsp;&nbsp;&nbsp;<a href="#[5]">UsageFault_Handler</a><BR>
</UL>
<P>
<H3>
Function Pointers
</H3><UL>
 <LI><a href="#[1c]">ADC1_2_IRQHandler</a> from startup_stm32f103xb.o(.text) referenced from startup_stm32f103xb.o(RESET)
 <LI><a href="#[4]">BusFault_Handler</a> from stm32f1xx_it.o(i.BusFault_Handler) referenced from startup_stm32f103xb.o(RESET)
 <LI><a href="#[1f]">CAN1_RX1_IRQHandler</a> from startup_stm32f103xb.o(.text) referenced from startup_stm32f103xb.o(RESET)
 <LI><a href="#[20]">CAN1_SCE_IRQHandler</a> from startup_stm32f103xb.o(.text) referenced from startup_stm32f103xb.o(RESET)
 <LI><a href="#[15]">DMA1_Channel1_IRQHandler</a> from startup_stm32f103xb.o(.text) referenced from startup_stm32f103xb.o(RESET)
 <LI><a href="#[16]">DMA1_Channel2_IRQHandler</a> from startup_stm32f103xb.o(.text) referenced from startup_stm32f103xb.o(RESET)
 <LI><a href="#[17]">DMA1_Channel3_IRQHandler</a> from startup_stm32f103xb.o(.text) referenced from startup_stm32f103xb.o(RESET)
 <LI><a href="#[18]">DMA1_Channel4_IRQHandler</a> from startup_stm32f103xb.o(.text) referenced from startup_stm32f103xb.o(RESET)
 <LI><a href="#[19]">DMA1_Channel5_IRQHandler</a> from startup_stm32f103xb.o(.text) referenced from startup_stm32f103xb.o(RESET)
 <LI><a href="#[1a]">DMA1_Channel6_IRQHandler</a> from startup_stm32f103xb.o(.text) referenced from startup_stm32f103xb.o(RESET)
 <LI><a href="#[1b]">DMA1_Channel7_IRQHandler</a> from startup_stm32f103xb.o(.text) referenced from startup_stm32f103xb.o(RESET)
 <LI><a href="#[3d]">Date_Callback</a> from main.o(i.Date_Callback) referenced from main.o(i.main)
 <LI><a href="#[7]">DebugMon_Handler</a> from stm32f1xx_it.o(i.DebugMon_Handler) referenced from startup_stm32f103xb.o(RESET)
 <LI><a href="#[10]">EXTI0_IRQHandler</a> from startup_stm32f103xb.o(.text) referenced from startup_stm32f103xb.o(RESET)
 <LI><a href="#[32]">EXTI15_10_IRQHandler</a> from stm32f1xx_it.o(i.EXTI15_10_IRQHandler) referenced from startup_stm32f103xb.o(RESET)
 <LI><a href="#[11]">EXTI1_IRQHandler</a> from startup_stm32f103xb.o(.text) referenced from startup_stm32f103xb.o(RESET)
 <LI><a href="#[12]">EXTI2_IRQHandler</a> from startup_stm32f103xb.o(.text) referenced from startup_stm32f103xb.o(RESET)
 <LI><a href="#[13]">EXTI3_IRQHandler</a> from startup_stm32f103xb.o(.text) referenced from startup_stm32f103xb.o(RESET)
 <LI><a href="#[14]">EXTI4_IRQHandler</a> from startup_stm32f103xb.o(.text) referenced from startup_stm32f103xb.o(RESET)
 <LI><a href="#[21]">EXTI9_5_IRQHandler</a> from startup_stm32f103xb.o(.text) referenced from startup_stm32f103xb.o(RESET)
 <LI><a href="#[e]">FLASH_IRQHandler</a> from startup_stm32f103xb.o(.text) referenced from startup_stm32f103xb.o(RESET)
 <LI><a href="#[2]">HardFault_Handler</a> from stm32f1xx_it.o(i.HardFault_Handler) referenced from startup_stm32f103xb.o(RESET)
 <LI><a href="#[2a]">I2C1_ER_IRQHandler</a> from startup_stm32f103xb.o(.text) referenced from startup_stm32f103xb.o(RESET)
 <LI><a href="#[29]">I2C1_EV_IRQHandler</a> from startup_stm32f103xb.o(.text) referenced from startup_stm32f103xb.o(RESET)
 <LI><a href="#[2c]">I2C2_ER_IRQHandler</a> from startup_stm32f103xb.o(.text) referenced from startup_stm32f103xb.o(RESET)
 <LI><a href="#[2b]">I2C2_EV_IRQHandler</a> from startup_stm32f103xb.o(.text) referenced from startup_stm32f103xb.o(RESET)
 <LI><a href="#[3]">MemManage_Handler</a> from stm32f1xx_it.o(i.MemManage_Handler) referenced from startup_stm32f103xb.o(RESET)
 <LI><a href="#[3c]">Menu_Callback</a> from main.o(i.Menu_Callback) referenced from main.o(i.main)
 <LI><a href="#[1]">NMI_Handler</a> from stm32f1xx_it.o(i.NMI_Handler) referenced from startup_stm32f103xb.o(RESET)
 <LI><a href="#[b]">PVD_IRQHandler</a> from startup_stm32f103xb.o(.text) referenced from startup_stm32f103xb.o(RESET)
 <LI><a href="#[8]">PendSV_Handler</a> from port.o(.emb_text) referenced from startup_stm32f103xb.o(RESET)
 <LI><a href="#[f]">RCC_IRQHandler</a> from startup_stm32f103xb.o(.text) referenced from startup_stm32f103xb.o(RESET)
 <LI><a href="#[33]">RTC_Alarm_IRQHandler</a> from stm32f1xx_it.o(i.RTC_Alarm_IRQHandler) referenced from startup_stm32f103xb.o(RESET)
 <LI><a href="#[d]">RTC_IRQHandler</a> from stm32f1xx_it.o(i.RTC_IRQHandler) referenced from startup_stm32f103xb.o(RESET)
 <LI><a href="#[0]">Reset_Handler</a> from startup_stm32f103xb.o(.text) referenced from startup_stm32f103xb.o(RESET)
 <LI><a href="#[3b]">SLEEP_Callback</a> from main.o(i.SLEEP_Callback) referenced from main.o(i.main)
 <LI><a href="#[2d]">SPI1_IRQHandler</a> from startup_stm32f103xb.o(.text) referenced from startup_stm32f103xb.o(RESET)
 <LI><a href="#[2e]">SPI2_IRQHandler</a> from startup_stm32f103xb.o(.text) referenced from startup_stm32f103xb.o(RESET)
 <LI><a href="#[6]">SVC_Handler</a> from port.o(.emb_text) referenced from startup_stm32f103xb.o(RESET)
 <LI><a href="#[3f]">Set_Alarm</a> from main.o(i.Set_Alarm) referenced from main.o(i.main)
 <LI><a href="#[40]">Set_Date</a> from main.o(i.Set_Date) referenced from main.o(i.main)
 <LI><a href="#[3e]">Set_Time</a> from main.o(i.Set_Time) referenced from main.o(i.main)
 <LI><a href="#[38]">StartDefaultTask</a> from freertos.o(i.StartDefaultTask) referenced from freertos.o(i.MX_FREERTOS_Init)
 <LI><a href="#[9]">SysTick_Handler</a> from port.o(i.SysTick_Handler) referenced from startup_stm32f103xb.o(RESET)
 <LI><a href="#[36]">SystemInit</a> from system_stm32f1xx.o(i.SystemInit) referenced from startup_stm32f103xb.o(.text)
 <LI><a href="#[c]">TAMPER_IRQHandler</a> from startup_stm32f103xb.o(.text) referenced from startup_stm32f103xb.o(RESET)
 <LI><a href="#[22]">TIM1_BRK_IRQHandler</a> from startup_stm32f103xb.o(.text) referenced from startup_stm32f103xb.o(RESET)
 <LI><a href="#[25]">TIM1_CC_IRQHandler</a> from stm32f1xx_it.o(i.TIM1_CC_IRQHandler) referenced from startup_stm32f103xb.o(RESET)
 <LI><a href="#[24]">TIM1_TRG_COM_IRQHandler</a> from stm32f1xx_it.o(i.TIM1_TRG_COM_IRQHandler) referenced from startup_stm32f103xb.o(RESET)
 <LI><a href="#[23]">TIM1_UP_IRQHandler</a> from stm32f1xx_it.o(i.TIM1_UP_IRQHandler) referenced from startup_stm32f103xb.o(RESET)
 <LI><a href="#[26]">TIM2_IRQHandler</a> from stm32f1xx_it.o(i.TIM2_IRQHandler) referenced from startup_stm32f103xb.o(RESET)
 <LI><a href="#[27]">TIM3_IRQHandler</a> from startup_stm32f103xb.o(.text) referenced from startup_stm32f103xb.o(RESET)
 <LI><a href="#[28]">TIM4_IRQHandler</a> from stm32f1xx_it.o(i.TIM4_IRQHandler) referenced from startup_stm32f103xb.o(RESET)
 <LI><a href="#[3a]">Timer_Callback</a> from main.o(i.Timer_Callback) referenced from main.o(i.main)
 <LI><a href="#[2f]">USART1_IRQHandler</a> from startup_stm32f103xb.o(.text) referenced from startup_stm32f103xb.o(RESET)
 <LI><a href="#[30]">USART2_IRQHandler</a> from startup_stm32f103xb.o(.text) referenced from startup_stm32f103xb.o(RESET)
 <LI><a href="#[31]">USART3_IRQHandler</a> from startup_stm32f103xb.o(.text) referenced from startup_stm32f103xb.o(RESET)
 <LI><a href="#[34]">USBWakeUp_IRQHandler</a> from startup_stm32f103xb.o(.text) referenced from startup_stm32f103xb.o(RESET)
 <LI><a href="#[1d]">USB_HP_CAN1_TX_IRQHandler</a> from startup_stm32f103xb.o(.text) referenced from startup_stm32f103xb.o(RESET)
 <LI><a href="#[1e]">USB_LP_CAN1_RX0_IRQHandler</a> from startup_stm32f103xb.o(.text) referenced from startup_stm32f103xb.o(RESET)
 <LI><a href="#[5]">UsageFault_Handler</a> from stm32f1xx_it.o(i.UsageFault_Handler) referenced from startup_stm32f103xb.o(RESET)
 <LI><a href="#[a]">WWDG_IRQHandler</a> from startup_stm32f103xb.o(.text) referenced from startup_stm32f103xb.o(RESET)
 <LI><a href="#[37]">__main</a> from entry.o(.ARM.Collect$$$$00000000) referenced from startup_stm32f103xb.o(.text)
 <LI><a href="#[39]">_sputc</a> from printf1.o(i._sputc) referenced from printf1.o(i.__0sprintf$1)
 <LI><a href="#[35]">main</a> from main.o(i.main) referenced from entry9a.o(.ARM.Collect$$$$0000000B)
 <LI><a href="#[45]">prvIdleTask</a> from tasks.o(i.prvIdleTask) referenced from tasks.o(i.vTaskStartScheduler)
 <LI><a href="#[44]">prvTaskExitError</a> from port.o(i.prvTaskExitError) referenced from port.o(i.pxPortInitialiseStack)
 <LI><a href="#[48]">prvTimerTask</a> from timers.o(i.prvTimerTask) referenced from timers.o(i.xTimerCreateTimerTask)
 <LI><a href="#[46]">vEventGroupClearBitsCallback</a> from event_groups.o(i.vEventGroupClearBitsCallback) referenced from event_groups.o(i.xEventGroupClearBitsFromISR)
 <LI><a href="#[47]">vEventGroupSetBitsCallback</a> from event_groups.o(i.vEventGroupSetBitsCallback) referenced from event_groups.o(i.xEventGroupSetBitsFromISR)
 <LI><a href="#[42]">vLED</a> from main.o(i.vLED) referenced from main.o(i.main)
 <LI><a href="#[43]">vOLED</a> from main.o(i.vOLED) referenced from main.o(i.main)
 <LI><a href="#[41]">vSLEEP</a> from main.o(i.vSLEEP) referenced from main.o(i.main)
</UL>
<P>
<H3>
Global Symbols
</H3>
<P><STRONG><a name="[37]"></a>__main</STRONG> (Thumb, 0 bytes, Stack size unknown bytes, entry.o(.ARM.Collect$$$$00000000))
<BR>[Address Reference Count : 1]<UL><LI> startup_stm32f103xb.o(.text)
</UL>
<P><STRONG><a name="[117]"></a>_main_stk</STRONG> (Thumb, 0 bytes, Stack size unknown bytes, entry2.o(.ARM.Collect$$$$00000001))

<P><STRONG><a name="[49]"></a>_main_scatterload</STRONG> (Thumb, 0 bytes, Stack size unknown bytes, entry5.o(.ARM.Collect$$$$00000004))
<BR><BR>[Calls]<UL><LI><a href="#[4a]">&gt;&gt;</a>&nbsp;&nbsp;&nbsp;__scatterload
</UL>

<P><STRONG><a name="[4f]"></a>__main_after_scatterload</STRONG> (Thumb, 0 bytes, Stack size unknown bytes, entry5.o(.ARM.Collect$$$$00000004))
<BR><BR>[Called By]<UL><LI><a href="#[4a]">&gt;&gt;</a>&nbsp;&nbsp;&nbsp;__scatterload
</UL>

<P><STRONG><a name="[118]"></a>_main_clock</STRONG> (Thumb, 0 bytes, Stack size unknown bytes, entry7b.o(.ARM.Collect$$$$00000008))

<P><STRONG><a name="[119]"></a>_main_cpp_init</STRONG> (Thumb, 0 bytes, Stack size unknown bytes, entry8b.o(.ARM.Collect$$$$0000000A))

<P><STRONG><a name="[11a]"></a>_main_init</STRONG> (Thumb, 0 bytes, Stack size unknown bytes, entry9a.o(.ARM.Collect$$$$0000000B))

<P><STRONG><a name="[11b]"></a>__rt_lib_shutdown_fini</STRONG> (Thumb, 0 bytes, Stack size unknown bytes, entry12b.o(.ARM.Collect$$$$0000000E))

<P><STRONG><a name="[11c]"></a>__rt_final_cpp</STRONG> (Thumb, 0 bytes, Stack size unknown bytes, entry10a.o(.ARM.Collect$$$$0000000F))

<P><STRONG><a name="[11d]"></a>__rt_final_exit</STRONG> (Thumb, 0 bytes, Stack size unknown bytes, entry11a.o(.ARM.Collect$$$$00000011))

<P><STRONG><a name="[6]"></a>SVC_Handler</STRONG> (Thumb, 32 bytes, Stack size 0 bytes, port.o(.emb_text))
<BR>[Address Reference Count : 1]<UL><LI> startup_stm32f103xb.o(RESET)
</UL>
<P><STRONG><a name="[110]"></a>__asm___6_port_c_39a90d8d__prvStartFirstTask</STRONG> (Thumb, 28 bytes, Stack size 0 bytes, port.o(.emb_text))
<BR><BR>[Called By]<UL><LI><a href="#[10a]">&gt;&gt;</a>&nbsp;&nbsp;&nbsp;xPortStartScheduler
</UL>

<P><STRONG><a name="[8]"></a>PendSV_Handler</STRONG> (Thumb, 72 bytes, Stack size 0 bytes, port.o(.emb_text))
<BR><BR>[Stack]<UL><LI>Max Depth = 8<LI>Call Chain = PendSV_Handler &rArr; vTaskSwitchContext
</UL>
<BR>[Calls]<UL><LI><a href="#[4b]">&gt;&gt;</a>&nbsp;&nbsp;&nbsp;vTaskSwitchContext
</UL>
<BR>[Address Reference Count : 1]<UL><LI> startup_stm32f103xb.o(RESET)
</UL>
<P><STRONG><a name="[102]"></a>vPortGetIPSR</STRONG> (Thumb, 6 bytes, Stack size 0 bytes, port.o(.emb_text))
<BR><BR>[Called By]<UL><LI><a href="#[101]">&gt;&gt;</a>&nbsp;&nbsp;&nbsp;vPortValidateInterruptPriority
</UL>

<P><STRONG><a name="[0]"></a>Reset_Handler</STRONG> (Thumb, 8 bytes, Stack size 0 bytes, startup_stm32f103xb.o(.text))
<BR>[Address Reference Count : 1]<UL><LI> startup_stm32f103xb.o(RESET)
</UL>
<P><STRONG><a name="[1c]"></a>ADC1_2_IRQHandler</STRONG> (Thumb, 0 bytes, Stack size 0 bytes, startup_stm32f103xb.o(.text))
<BR><BR>[Calls]<UL><LI><a href="#[1c]">&gt;&gt;</a>&nbsp;&nbsp;&nbsp;ADC1_2_IRQHandler
</UL>
<BR>[Called By]<UL><LI><a href="#[1c]">&gt;&gt;</a>&nbsp;&nbsp;&nbsp;ADC1_2_IRQHandler
</UL>
<BR>[Address Reference Count : 1]<UL><LI> startup_stm32f103xb.o(RESET)
</UL>
<P><STRONG><a name="[1f]"></a>CAN1_RX1_IRQHandler</STRONG> (Thumb, 0 bytes, Stack size 0 bytes, startup_stm32f103xb.o(.text))
<BR>[Address Reference Count : 1]<UL><LI> startup_stm32f103xb.o(RESET)
</UL>
<P><STRONG><a name="[20]"></a>CAN1_SCE_IRQHandler</STRONG> (Thumb, 0 bytes, Stack size 0 bytes, startup_stm32f103xb.o(.text))
<BR>[Address Reference Count : 1]<UL><LI> startup_stm32f103xb.o(RESET)
</UL>
<P><STRONG><a name="[15]"></a>DMA1_Channel1_IRQHandler</STRONG> (Thumb, 0 bytes, Stack size 0 bytes, startup_stm32f103xb.o(.text))
<BR>[Address Reference Count : 1]<UL><LI> startup_stm32f103xb.o(RESET)
</UL>
<P><STRONG><a name="[16]"></a>DMA1_Channel2_IRQHandler</STRONG> (Thumb, 0 bytes, Stack size 0 bytes, startup_stm32f103xb.o(.text))
<BR>[Address Reference Count : 1]<UL><LI> startup_stm32f103xb.o(RESET)
</UL>
<P><STRONG><a name="[17]"></a>DMA1_Channel3_IRQHandler</STRONG> (Thumb, 0 bytes, Stack size 0 bytes, startup_stm32f103xb.o(.text))
<BR>[Address Reference Count : 1]<UL><LI> startup_stm32f103xb.o(RESET)
</UL>
<P><STRONG><a name="[18]"></a>DMA1_Channel4_IRQHandler</STRONG> (Thumb, 0 bytes, Stack size 0 bytes, startup_stm32f103xb.o(.text))
<BR>[Address Reference Count : 1]<UL><LI> startup_stm32f103xb.o(RESET)
</UL>
<P><STRONG><a name="[19]"></a>DMA1_Channel5_IRQHandler</STRONG> (Thumb, 0 bytes, Stack size 0 bytes, startup_stm32f103xb.o(.text))
<BR>[Address Reference Count : 1]<UL><LI> startup_stm32f103xb.o(RESET)
</UL>
<P><STRONG><a name="[1a]"></a>DMA1_Channel6_IRQHandler</STRONG> (Thumb, 0 bytes, Stack size 0 bytes, startup_stm32f103xb.o(.text))
<BR>[Address Reference Count : 1]<UL><LI> startup_stm32f103xb.o(RESET)
</UL>
<P><STRONG><a name="[1b]"></a>DMA1_Channel7_IRQHandler</STRONG> (Thumb, 0 bytes, Stack size 0 bytes, startup_stm32f103xb.o(.text))
<BR>[Address Reference Count : 1]<UL><LI> startup_stm32f103xb.o(RESET)
</UL>
<P><STRONG><a name="[10]"></a>EXTI0_IRQHandler</STRONG> (Thumb, 0 bytes, Stack size 0 bytes, startup_stm32f103xb.o(.text))
<BR>[Address Reference Count : 1]<UL><LI> startup_stm32f103xb.o(RESET)
</UL>
<P><STRONG><a name="[11]"></a>EXTI1_IRQHandler</STRONG> (Thumb, 0 bytes, Stack size 0 bytes, startup_stm32f103xb.o(.text))
<BR>[Address Reference Count : 1]<UL><LI> startup_stm32f103xb.o(RESET)
</UL>
<P><STRONG><a name="[12]"></a>EXTI2_IRQHandler</STRONG> (Thumb, 0 bytes, Stack size 0 bytes, startup_stm32f103xb.o(.text))
<BR>[Address Reference Count : 1]<UL><LI> startup_stm32f103xb.o(RESET)
</UL>
<P><STRONG><a name="[13]"></a>EXTI3_IRQHandler</STRONG> (Thumb, 0 bytes, Stack size 0 bytes, startup_stm32f103xb.o(.text))
<BR>[Address Reference Count : 1]<UL><LI> startup_stm32f103xb.o(RESET)
</UL>
<P><STRONG><a name="[14]"></a>EXTI4_IRQHandler</STRONG> (Thumb, 0 bytes, Stack size 0 bytes, startup_stm32f103xb.o(.text))
<BR>[Address Reference Count : 1]<UL><LI> startup_stm32f103xb.o(RESET)
</UL>
<P><STRONG><a name="[21]"></a>EXTI9_5_IRQHandler</STRONG> (Thumb, 0 bytes, Stack size 0 bytes, startup_stm32f103xb.o(.text))
<BR>[Address Reference Count : 1]<UL><LI> startup_stm32f103xb.o(RESET)
</UL>
<P><STRONG><a name="[e]"></a>FLASH_IRQHandler</STRONG> (Thumb, 0 bytes, Stack size 0 bytes, startup_stm32f103xb.o(.text))
<BR>[Address Reference Count : 1]<UL><LI> startup_stm32f103xb.o(RESET)
</UL>
<P><STRONG><a name="[2a]"></a>I2C1_ER_IRQHandler</STRONG> (Thumb, 0 bytes, Stack size 0 bytes, startup_stm32f103xb.o(.text))
<BR>[Address Reference Count : 1]<UL><LI> startup_stm32f103xb.o(RESET)
</UL>
<P><STRONG><a name="[29]"></a>I2C1_EV_IRQHandler</STRONG> (Thumb, 0 bytes, Stack size 0 bytes, startup_stm32f103xb.o(.text))
<BR>[Address Reference Count : 1]<UL><LI> startup_stm32f103xb.o(RESET)
</UL>
<P><STRONG><a name="[2c]"></a>I2C2_ER_IRQHandler</STRONG> (Thumb, 0 bytes, Stack size 0 bytes, startup_stm32f103xb.o(.text))
<BR>[Address Reference Count : 1]<UL><LI> startup_stm32f103xb.o(RESET)
</UL>
<P><STRONG><a name="[2b]"></a>I2C2_EV_IRQHandler</STRONG> (Thumb, 0 bytes, Stack size 0 bytes, startup_stm32f103xb.o(.text))
<BR>[Address Reference Count : 1]<UL><LI> startup_stm32f103xb.o(RESET)
</UL>
<P><STRONG><a name="[b]"></a>PVD_IRQHandler</STRONG> (Thumb, 0 bytes, Stack size 0 bytes, startup_stm32f103xb.o(.text))
<BR>[Address Reference Count : 1]<UL><LI> startup_stm32f103xb.o(RESET)
</UL>
<P><STRONG><a name="[f]"></a>RCC_IRQHandler</STRONG> (Thumb, 0 bytes, Stack size 0 bytes, startup_stm32f103xb.o(.text))
<BR>[Address Reference Count : 1]<UL><LI> startup_stm32f103xb.o(RESET)
</UL>
<P><STRONG><a name="[2d]"></a>SPI1_IRQHandler</STRONG> (Thumb, 0 bytes, Stack size 0 bytes, startup_stm32f103xb.o(.text))
<BR>[Address Reference Count : 1]<UL><LI> startup_stm32f103xb.o(RESET)
</UL>
<P><STRONG><a name="[2e]"></a>SPI2_IRQHandler</STRONG> (Thumb, 0 bytes, Stack size 0 bytes, startup_stm32f103xb.o(.text))
<BR>[Address Reference Count : 1]<UL><LI> startup_stm32f103xb.o(RESET)
</UL>
<P><STRONG><a name="[c]"></a>TAMPER_IRQHandler</STRONG> (Thumb, 0 bytes, Stack size 0 bytes, startup_stm32f103xb.o(.text))
<BR>[Address Reference Count : 1]<UL><LI> startup_stm32f103xb.o(RESET)
</UL>
<P><STRONG><a name="[22]"></a>TIM1_BRK_IRQHandler</STRONG> (Thumb, 0 bytes, Stack size 0 bytes, startup_stm32f103xb.o(.text))
<BR>[Address Reference Count : 1]<UL><LI> startup_stm32f103xb.o(RESET)
</UL>
<P><STRONG><a name="[27]"></a>TIM3_IRQHandler</STRONG> (Thumb, 0 bytes, Stack size 0 bytes, startup_stm32f103xb.o(.text))
<BR>[Address Reference Count : 1]<UL><LI> startup_stm32f103xb.o(RESET)
</UL>
<P><STRONG><a name="[2f]"></a>USART1_IRQHandler</STRONG> (Thumb, 0 bytes, Stack size 0 bytes, startup_stm32f103xb.o(.text))
<BR>[Address Reference Count : 1]<UL><LI> startup_stm32f103xb.o(RESET)
</UL>
<P><STRONG><a name="[30]"></a>USART2_IRQHandler</STRONG> (Thumb, 0 bytes, Stack size 0 bytes, startup_stm32f103xb.o(.text))
<BR>[Address Reference Count : 1]<UL><LI> startup_stm32f103xb.o(RESET)
</UL>
<P><STRONG><a name="[31]"></a>USART3_IRQHandler</STRONG> (Thumb, 0 bytes, Stack size 0 bytes, startup_stm32f103xb.o(.text))
<BR>[Address Reference Count : 1]<UL><LI> startup_stm32f103xb.o(RESET)
</UL>
<P><STRONG><a name="[34]"></a>USBWakeUp_IRQHandler</STRONG> (Thumb, 0 bytes, Stack size 0 bytes, startup_stm32f103xb.o(.text))
<BR>[Address Reference Count : 1]<UL><LI> startup_stm32f103xb.o(RESET)
</UL>
<P><STRONG><a name="[1d]"></a>USB_HP_CAN1_TX_IRQHandler</STRONG> (Thumb, 0 bytes, Stack size 0 bytes, startup_stm32f103xb.o(.text))
<BR>[Address Reference Count : 1]<UL><LI> startup_stm32f103xb.o(RESET)
</UL>
<P><STRONG><a name="[1e]"></a>USB_LP_CAN1_RX0_IRQHandler</STRONG> (Thumb, 0 bytes, Stack size 0 bytes, startup_stm32f103xb.o(.text))
<BR>[Address Reference Count : 1]<UL><LI> startup_stm32f103xb.o(RESET)
</UL>
<P><STRONG><a name="[a]"></a>WWDG_IRQHandler</STRONG> (Thumb, 0 bytes, Stack size 0 bytes, startup_stm32f103xb.o(.text))
<BR>[Address Reference Count : 1]<UL><LI> startup_stm32f103xb.o(RESET)
</UL>
<P><STRONG><a name="[dd]"></a>__aeabi_memcpy</STRONG> (Thumb, 36 bytes, Stack size 0 bytes, memcpya.o(.text))
<BR><BR>[Called By]<UL><LI><a href="#[de]">&gt;&gt;</a>&nbsp;&nbsp;&nbsp;prvCopyDataToQueue
<LI><a href="#[dc]">&gt;&gt;</a>&nbsp;&nbsp;&nbsp;prvCopyDataFromQueue
</UL>

<P><STRONG><a name="[11e]"></a>__aeabi_memcpy4</STRONG> (Thumb, 0 bytes, Stack size 0 bytes, memcpya.o(.text), UNUSED)

<P><STRONG><a name="[11f]"></a>__aeabi_memcpy8</STRONG> (Thumb, 0 bytes, Stack size 0 bytes, memcpya.o(.text), UNUSED)

<P><STRONG><a name="[4d]"></a>__aeabi_memset</STRONG> (Thumb, 14 bytes, Stack size 0 bytes, memseta.o(.text))
<BR><BR>[Called By]<UL><LI><a href="#[e4]">&gt;&gt;</a>&nbsp;&nbsp;&nbsp;prvInitialiseNewTask
<LI><a href="#[4e]">&gt;&gt;</a>&nbsp;&nbsp;&nbsp;memset
<LI><a href="#[4c]">&gt;&gt;</a>&nbsp;&nbsp;&nbsp;__aeabi_memclr
</UL>

<P><STRONG><a name="[120]"></a>__aeabi_memset4</STRONG> (Thumb, 0 bytes, Stack size 0 bytes, memseta.o(.text), UNUSED)

<P><STRONG><a name="[121]"></a>__aeabi_memset8</STRONG> (Thumb, 0 bytes, Stack size 0 bytes, memseta.o(.text), UNUSED)

<P><STRONG><a name="[4c]"></a>__aeabi_memclr</STRONG> (Thumb, 4 bytes, Stack size 0 bytes, memseta.o(.text), UNUSED)
<BR><BR>[Calls]<UL><LI><a href="#[4d]">&gt;&gt;</a>&nbsp;&nbsp;&nbsp;__aeabi_memset
</UL>

<P><STRONG><a name="[b6]"></a>__aeabi_memclr4</STRONG> (Thumb, 0 bytes, Stack size 0 bytes, memseta.o(.text))
<BR><BR>[Called By]<UL><LI><a href="#[b9]">&gt;&gt;</a>&nbsp;&nbsp;&nbsp;MX_TIM2_Init
<LI><a href="#[b5]">&gt;&gt;</a>&nbsp;&nbsp;&nbsp;MX_TIM1_Init
<LI><a href="#[c1]">&gt;&gt;</a>&nbsp;&nbsp;&nbsp;SystemClock_Config
</UL>

<P><STRONG><a name="[122]"></a>__aeabi_memclr8</STRONG> (Thumb, 0 bytes, Stack size 0 bytes, memseta.o(.text), UNUSED)

<P><STRONG><a name="[4e]"></a>memset</STRONG> (Thumb, 18 bytes, Stack size 8 bytes, memseta.o(.text), UNUSED)
<BR><BR>[Calls]<UL><LI><a href="#[4d]">&gt;&gt;</a>&nbsp;&nbsp;&nbsp;__aeabi_memset
</UL>

<P><STRONG><a name="[123]"></a>__aeabi_uidiv</STRONG> (Thumb, 0 bytes, Stack size 12 bytes, uidiv.o(.text), UNUSED)

<P><STRONG><a name="[c8]"></a>__aeabi_uidivmod</STRONG> (Thumb, 44 bytes, Stack size 12 bytes, uidiv.o(.text), UNUSED)
<BR><BR>[Called By]<UL><LI><a href="#[c7]">&gt;&gt;</a>&nbsp;&nbsp;&nbsp;_printf_core
</UL>

<P><STRONG><a name="[4a]"></a>__scatterload</STRONG> (Thumb, 28 bytes, Stack size 0 bytes, init.o(.text))
<BR><BR>[Calls]<UL><LI><a href="#[4f]">&gt;&gt;</a>&nbsp;&nbsp;&nbsp;__main_after_scatterload
</UL>
<BR>[Called By]<UL><LI><a href="#[49]">&gt;&gt;</a>&nbsp;&nbsp;&nbsp;_main_scatterload
</UL>

<P><STRONG><a name="[124]"></a>__scatterload_rt2</STRONG> (Thumb, 0 bytes, Stack size 0 bytes, init.o(.text), UNUSED)

<P><STRONG><a name="[4]"></a>BusFault_Handler</STRONG> (Thumb, 2 bytes, Stack size 0 bytes, stm32f1xx_it.o(i.BusFault_Handler))
<BR><BR>[Calls]<UL><LI><a href="#[4]">&gt;&gt;</a>&nbsp;&nbsp;&nbsp;BusFault_Handler
</UL>
<BR>[Called By]<UL><LI><a href="#[4]">&gt;&gt;</a>&nbsp;&nbsp;&nbsp;BusFault_Handler
</UL>
<BR>[Address Reference Count : 1]<UL><LI> startup_stm32f103xb.o(RESET)
</UL>
<P><STRONG><a name="[50]"></a>Date</STRONG> (Thumb, 128 bytes, Stack size 32 bytes, main.o(i.Date))
<BR><BR>[Stack]<UL><LI>Max Depth = 208<LI>Call Chain = Date &rArr; ssd1306_Init &rArr; ssd1306_UpdateScreen &rArr; ssd1306_WriteCommand &rArr; HAL_I2C_Mem_Write &rArr; I2C_RequestMemoryWrite &rArr; I2C_WaitOnMasterAddressFlagUntilTimeout
</UL>
<BR>[Calls]<UL><LI><a href="#[57]">&gt;&gt;</a>&nbsp;&nbsp;&nbsp;HAL_RTC_GetTime
<LI><a href="#[53]">&gt;&gt;</a>&nbsp;&nbsp;&nbsp;HAL_RTC_GetDate
<LI><a href="#[56]">&gt;&gt;</a>&nbsp;&nbsp;&nbsp;ssd1306_WriteString
<LI><a href="#[58]">&gt;&gt;</a>&nbsp;&nbsp;&nbsp;ssd1306_UpdateScreen
<LI><a href="#[55]">&gt;&gt;</a>&nbsp;&nbsp;&nbsp;ssd1306_SetCursor
<LI><a href="#[51]">&gt;&gt;</a>&nbsp;&nbsp;&nbsp;ssd1306_Init
<LI><a href="#[52]">&gt;&gt;</a>&nbsp;&nbsp;&nbsp;ssd1306_Fill
<LI><a href="#[54]">&gt;&gt;</a>&nbsp;&nbsp;&nbsp;__2sprintf
</UL>
<BR>[Called By]<UL><LI><a href="#[42]">&gt;&gt;</a>&nbsp;&nbsp;&nbsp;vLED
</UL>

<P><STRONG><a name="[3d]"></a>Date_Callback</STRONG> (Thumb, 26 bytes, Stack size 16 bytes, main.o(i.Date_Callback))
<BR><BR>[Stack]<UL><LI>Max Depth = 112<LI>Call Chain = Date_Callback &rArr; xEventGroupSetBitsFromISR &rArr; xTimerPendFunctionCallFromISR &rArr; xQueueGenericSendFromISR &rArr; prvCopyDataToQueue &rArr; xTaskPriorityDisinherit
</UL>
<BR>[Calls]<UL><LI><a href="#[59]">&gt;&gt;</a>&nbsp;&nbsp;&nbsp;xEventGroupSetBitsFromISR
</UL>
<BR>[Address Reference Count : 1]<UL><LI> main.o(i.main)
</UL>
<P><STRONG><a name="[7]"></a>DebugMon_Handler</STRONG> (Thumb, 2 bytes, Stack size 0 bytes, stm32f1xx_it.o(i.DebugMon_Handler))
<BR>[Address Reference Count : 1]<UL><LI> startup_stm32f103xb.o(RESET)
</UL>
<P><STRONG><a name="[32]"></a>EXTI15_10_IRQHandler</STRONG> (Thumb, 22 bytes, Stack size 8 bytes, stm32f1xx_it.o(i.EXTI15_10_IRQHandler))
<BR><BR>[Stack]<UL><LI>Max Depth = 192<LI>Call Chain = EXTI15_10_IRQHandler &rArr; HAL_GPIO_EXTI_IRQHandler &rArr; HAL_GPIO_EXTI_Callback &rArr; xTimerGenericCommand &rArr; xQueueGenericSend &rArr; xTaskResumeAll &rArr; xTaskIncrementTick
</UL>
<BR>[Calls]<UL><LI><a href="#[5a]">&gt;&gt;</a>&nbsp;&nbsp;&nbsp;HAL_GPIO_EXTI_IRQHandler
</UL>
<BR>[Address Reference Count : 1]<UL><LI> startup_stm32f103xb.o(RESET)
</UL>
<P><STRONG><a name="[b3]"></a>Error_Handler</STRONG> (Thumb, 4 bytes, Stack size 0 bytes, main.o(i.Error_Handler))
<BR><BR>[Called By]<UL><LI><a href="#[b9]">&gt;&gt;</a>&nbsp;&nbsp;&nbsp;MX_TIM2_Init
<LI><a href="#[b5]">&gt;&gt;</a>&nbsp;&nbsp;&nbsp;MX_TIM1_Init
<LI><a href="#[b4]">&gt;&gt;</a>&nbsp;&nbsp;&nbsp;MX_RTC_Init
<LI><a href="#[b2]">&gt;&gt;</a>&nbsp;&nbsp;&nbsp;MX_I2C1_Init
</UL>

<P><STRONG><a name="[5b]"></a>HAL_Delay</STRONG> (Thumb, 32 bytes, Stack size 16 bytes, stm32f1xx_hal.o(i.HAL_Delay))
<BR><BR>[Stack]<UL><LI>Max Depth = 16<LI>Call Chain = HAL_Delay
</UL>
<BR>[Calls]<UL><LI><a href="#[5c]">&gt;&gt;</a>&nbsp;&nbsp;&nbsp;HAL_GetTick
</UL>
<BR>[Called By]<UL><LI><a href="#[51]">&gt;&gt;</a>&nbsp;&nbsp;&nbsp;ssd1306_Init
</UL>

<P><STRONG><a name="[5d]"></a>HAL_GPIO_EXTI_Callback</STRONG> (Thumb, 82 bytes, Stack size 24 bytes, main.o(i.HAL_GPIO_EXTI_Callback))
<BR><BR>[Stack]<UL><LI>Max Depth = 176<LI>Call Chain = HAL_GPIO_EXTI_Callback &rArr; xTimerGenericCommand &rArr; xQueueGenericSend &rArr; xTaskResumeAll &rArr; xTaskIncrementTick
</UL>
<BR>[Calls]<UL><LI><a href="#[60]">&gt;&gt;</a>&nbsp;&nbsp;&nbsp;xTimerGenericCommand
<LI><a href="#[5f]">&gt;&gt;</a>&nbsp;&nbsp;&nbsp;xTaskGetTickCountFromISR
<LI><a href="#[5e]">&gt;&gt;</a>&nbsp;&nbsp;&nbsp;HAL_ResumeTick
</UL>
<BR>[Called By]<UL><LI><a href="#[5a]">&gt;&gt;</a>&nbsp;&nbsp;&nbsp;HAL_GPIO_EXTI_IRQHandler
</UL>

<P><STRONG><a name="[5a]"></a>HAL_GPIO_EXTI_IRQHandler</STRONG> (Thumb, 18 bytes, Stack size 8 bytes, stm32f1xx_hal_gpio.o(i.HAL_GPIO_EXTI_IRQHandler))
<BR><BR>[Stack]<UL><LI>Max Depth = 184<LI>Call Chain = HAL_GPIO_EXTI_IRQHandler &rArr; HAL_GPIO_EXTI_Callback &rArr; xTimerGenericCommand &rArr; xQueueGenericSend &rArr; xTaskResumeAll &rArr; xTaskIncrementTick
</UL>
<BR>[Calls]<UL><LI><a href="#[5d]">&gt;&gt;</a>&nbsp;&nbsp;&nbsp;HAL_GPIO_EXTI_Callback
</UL>
<BR>[Called By]<UL><LI><a href="#[32]">&gt;&gt;</a>&nbsp;&nbsp;&nbsp;EXTI15_10_IRQHandler
</UL>

<P><STRONG><a name="[69]"></a>HAL_GPIO_Init</STRONG> (Thumb, 446 bytes, Stack size 40 bytes, stm32f1xx_hal_gpio.o(i.HAL_GPIO_Init))
<BR><BR>[Stack]<UL><LI>Max Depth = 40<LI>Call Chain = HAL_GPIO_Init
</UL>
<BR>[Called By]<UL><LI><a href="#[b0]">&gt;&gt;</a>&nbsp;&nbsp;&nbsp;MX_GPIO_Init
<LI><a href="#[a1]">&gt;&gt;</a>&nbsp;&nbsp;&nbsp;HAL_TIM_MspPostInit
<LI><a href="#[62]">&gt;&gt;</a>&nbsp;&nbsp;&nbsp;HAL_I2C_MspInit
</UL>

<P><STRONG><a name="[bb]"></a>HAL_GPIO_ReadPin</STRONG> (Thumb, 10 bytes, Stack size 0 bytes, stm32f1xx_hal_gpio.o(i.HAL_GPIO_ReadPin))
<BR><BR>[Called By]<UL><LI><a href="#[3a]">&gt;&gt;</a>&nbsp;&nbsp;&nbsp;Timer_Callback
<LI><a href="#[3c]">&gt;&gt;</a>&nbsp;&nbsp;&nbsp;Menu_Callback
</UL>

<P><STRONG><a name="[b1]"></a>HAL_GPIO_WritePin</STRONG> (Thumb, 10 bytes, Stack size 0 bytes, stm32f1xx_hal_gpio.o(i.HAL_GPIO_WritePin))
<BR><BR>[Called By]<UL><LI><a href="#[b0]">&gt;&gt;</a>&nbsp;&nbsp;&nbsp;MX_GPIO_Init
</UL>

<P><STRONG><a name="[5c]"></a>HAL_GetTick</STRONG> (Thumb, 6 bytes, Stack size 0 bytes, stm32f1xx_hal.o(i.HAL_GetTick))
<BR><BR>[Called By]<UL><LI><a href="#[79]">&gt;&gt;</a>&nbsp;&nbsp;&nbsp;HAL_RCC_OscConfig
<LI><a href="#[77]">&gt;&gt;</a>&nbsp;&nbsp;&nbsp;HAL_RCC_ClockConfig
<LI><a href="#[76]">&gt;&gt;</a>&nbsp;&nbsp;&nbsp;HAL_RCCEx_PeriphCLKConfig
<LI><a href="#[5b]">&gt;&gt;</a>&nbsp;&nbsp;&nbsp;HAL_Delay
<LI><a href="#[64]">&gt;&gt;</a>&nbsp;&nbsp;&nbsp;HAL_I2C_Mem_Write
<LI><a href="#[67]">&gt;&gt;</a>&nbsp;&nbsp;&nbsp;I2C_WaitOnTXEFlagUntilTimeout
<LI><a href="#[ac]">&gt;&gt;</a>&nbsp;&nbsp;&nbsp;I2C_WaitOnMasterAddressFlagUntilTimeout
<LI><a href="#[65]">&gt;&gt;</a>&nbsp;&nbsp;&nbsp;I2C_WaitOnFlagUntilTimeout
<LI><a href="#[68]">&gt;&gt;</a>&nbsp;&nbsp;&nbsp;I2C_WaitOnBTFFlagUntilTimeout
<LI><a href="#[89]">&gt;&gt;</a>&nbsp;&nbsp;&nbsp;HAL_RTC_WaitForSynchro
<LI><a href="#[8b]">&gt;&gt;</a>&nbsp;&nbsp;&nbsp;RTC_ExitInitMode
<LI><a href="#[8a]">&gt;&gt;</a>&nbsp;&nbsp;&nbsp;RTC_EnterInitMode
</UL>

<P><STRONG><a name="[61]"></a>HAL_I2C_Init</STRONG> (Thumb, 376 bytes, Stack size 16 bytes, stm32f1xx_hal_i2c.o(i.HAL_I2C_Init))
<BR><BR>[Stack]<UL><LI>Max Depth = 88<LI>Call Chain = HAL_I2C_Init &rArr; HAL_I2C_MspInit &rArr; HAL_GPIO_Init
</UL>
<BR>[Calls]<UL><LI><a href="#[63]">&gt;&gt;</a>&nbsp;&nbsp;&nbsp;HAL_RCC_GetPCLK1Freq
<LI><a href="#[62]">&gt;&gt;</a>&nbsp;&nbsp;&nbsp;HAL_I2C_MspInit
</UL>
<BR>[Called By]<UL><LI><a href="#[b2]">&gt;&gt;</a>&nbsp;&nbsp;&nbsp;MX_I2C1_Init
</UL>

<P><STRONG><a name="[64]"></a>HAL_I2C_Mem_Write</STRONG> (Thumb, 294 bytes, Stack size 64 bytes, stm32f1xx_hal_i2c.o(i.HAL_I2C_Mem_Write))
<BR><BR>[Stack]<UL><LI>Max Depth = 128<LI>Call Chain = HAL_I2C_Mem_Write &rArr; I2C_RequestMemoryWrite &rArr; I2C_WaitOnMasterAddressFlagUntilTimeout
</UL>
<BR>[Calls]<UL><LI><a href="#[5c]">&gt;&gt;</a>&nbsp;&nbsp;&nbsp;HAL_GetTick
<LI><a href="#[67]">&gt;&gt;</a>&nbsp;&nbsp;&nbsp;I2C_WaitOnTXEFlagUntilTimeout
<LI><a href="#[65]">&gt;&gt;</a>&nbsp;&nbsp;&nbsp;I2C_WaitOnFlagUntilTimeout
<LI><a href="#[68]">&gt;&gt;</a>&nbsp;&nbsp;&nbsp;I2C_WaitOnBTFFlagUntilTimeout
<LI><a href="#[66]">&gt;&gt;</a>&nbsp;&nbsp;&nbsp;I2C_RequestMemoryWrite
</UL>
<BR>[Called By]<UL><LI><a href="#[fc]">&gt;&gt;</a>&nbsp;&nbsp;&nbsp;ssd1306_WriteData
<LI><a href="#[fa]">&gt;&gt;</a>&nbsp;&nbsp;&nbsp;ssd1306_WriteCommand
</UL>

<P><STRONG><a name="[62]"></a>HAL_I2C_MspInit</STRONG> (Thumb, 80 bytes, Stack size 32 bytes, i2c.o(i.HAL_I2C_MspInit))
<BR><BR>[Stack]<UL><LI>Max Depth = 72<LI>Call Chain = HAL_I2C_MspInit &rArr; HAL_GPIO_Init
</UL>
<BR>[Calls]<UL><LI><a href="#[69]">&gt;&gt;</a>&nbsp;&nbsp;&nbsp;HAL_GPIO_Init
</UL>
<BR>[Called By]<UL><LI><a href="#[61]">&gt;&gt;</a>&nbsp;&nbsp;&nbsp;HAL_I2C_Init
</UL>

<P><STRONG><a name="[ab]"></a>HAL_IncTick</STRONG> (Thumb, 12 bytes, Stack size 0 bytes, stm32f1xx_hal.o(i.HAL_IncTick))
<BR><BR>[Called By]<UL><LI><a href="#[9d]">&gt;&gt;</a>&nbsp;&nbsp;&nbsp;HAL_TIM_PeriodElapsedCallback
</UL>

<P><STRONG><a name="[6a]"></a>HAL_Init</STRONG> (Thumb, 32 bytes, Stack size 8 bytes, stm32f1xx_hal.o(i.HAL_Init))
<BR><BR>[Stack]<UL><LI>Max Depth = 72<LI>Call Chain = HAL_Init &rArr; HAL_InitTick &rArr; HAL_TIM_Base_Init &rArr; HAL_TIM_Base_MspInit &rArr; HAL_NVIC_SetPriority
</UL>
<BR>[Calls]<UL><LI><a href="#[6b]">&gt;&gt;</a>&nbsp;&nbsp;&nbsp;HAL_NVIC_SetPriorityGrouping
<LI><a href="#[6c]">&gt;&gt;</a>&nbsp;&nbsp;&nbsp;HAL_InitTick
<LI><a href="#[6d]">&gt;&gt;</a>&nbsp;&nbsp;&nbsp;HAL_MspInit
</UL>
<BR>[Called By]<UL><LI><a href="#[35]">&gt;&gt;</a>&nbsp;&nbsp;&nbsp;main
</UL>

<P><STRONG><a name="[6c]"></a>HAL_InitTick</STRONG> (Thumb, 98 bytes, Stack size 32 bytes, stm32f1xx_hal_timebase_tim.o(i.HAL_InitTick))
<BR><BR>[Stack]<UL><LI>Max Depth = 64<LI>Call Chain = HAL_InitTick &rArr; HAL_TIM_Base_Init &rArr; HAL_TIM_Base_MspInit &rArr; HAL_NVIC_SetPriority
</UL>
<BR>[Calls]<UL><LI><a href="#[6e]">&gt;&gt;</a>&nbsp;&nbsp;&nbsp;HAL_NVIC_SetPriority
<LI><a href="#[6f]">&gt;&gt;</a>&nbsp;&nbsp;&nbsp;HAL_NVIC_EnableIRQ
<LI><a href="#[72]">&gt;&gt;</a>&nbsp;&nbsp;&nbsp;HAL_TIM_Base_Start_IT
<LI><a href="#[63]">&gt;&gt;</a>&nbsp;&nbsp;&nbsp;HAL_RCC_GetPCLK1Freq
<LI><a href="#[70]">&gt;&gt;</a>&nbsp;&nbsp;&nbsp;HAL_RCC_GetClockConfig
<LI><a href="#[71]">&gt;&gt;</a>&nbsp;&nbsp;&nbsp;HAL_TIM_Base_Init
</UL>
<BR>[Called By]<UL><LI><a href="#[77]">&gt;&gt;</a>&nbsp;&nbsp;&nbsp;HAL_RCC_ClockConfig
<LI><a href="#[6a]">&gt;&gt;</a>&nbsp;&nbsp;&nbsp;HAL_Init
</UL>

<P><STRONG><a name="[6d]"></a>HAL_MspInit</STRONG> (Thumb, 62 bytes, Stack size 8 bytes, stm32f1xx_hal_msp.o(i.HAL_MspInit))
<BR><BR>[Stack]<UL><LI>Max Depth = 24<LI>Call Chain = HAL_MspInit &rArr; HAL_NVIC_SetPriority
</UL>
<BR>[Calls]<UL><LI><a href="#[6e]">&gt;&gt;</a>&nbsp;&nbsp;&nbsp;HAL_NVIC_SetPriority
</UL>
<BR>[Called By]<UL><LI><a href="#[6a]">&gt;&gt;</a>&nbsp;&nbsp;&nbsp;HAL_Init
</UL>

<P><STRONG><a name="[6f]"></a>HAL_NVIC_EnableIRQ</STRONG> (Thumb, 26 bytes, Stack size 0 bytes, stm32f1xx_hal_cortex.o(i.HAL_NVIC_EnableIRQ))
<BR><BR>[Called By]<UL><LI><a href="#[b0]">&gt;&gt;</a>&nbsp;&nbsp;&nbsp;MX_GPIO_Init
<LI><a href="#[6c]">&gt;&gt;</a>&nbsp;&nbsp;&nbsp;HAL_InitTick
<LI><a href="#[92]">&gt;&gt;</a>&nbsp;&nbsp;&nbsp;HAL_TIM_Base_MspInit
<LI><a href="#[88]">&gt;&gt;</a>&nbsp;&nbsp;&nbsp;HAL_RTC_MspInit
</UL>

<P><STRONG><a name="[6e]"></a>HAL_NVIC_SetPriority</STRONG> (Thumb, 60 bytes, Stack size 16 bytes, stm32f1xx_hal_cortex.o(i.HAL_NVIC_SetPriority))
<BR><BR>[Stack]<UL><LI>Max Depth = 16<LI>Call Chain = HAL_NVIC_SetPriority
</UL>
<BR>[Calls]<UL><LI><a href="#[73]">&gt;&gt;</a>&nbsp;&nbsp;&nbsp;__NVIC_SetPriority
</UL>
<BR>[Called By]<UL><LI><a href="#[b0]">&gt;&gt;</a>&nbsp;&nbsp;&nbsp;MX_GPIO_Init
<LI><a href="#[6c]">&gt;&gt;</a>&nbsp;&nbsp;&nbsp;HAL_InitTick
<LI><a href="#[6d]">&gt;&gt;</a>&nbsp;&nbsp;&nbsp;HAL_MspInit
<LI><a href="#[92]">&gt;&gt;</a>&nbsp;&nbsp;&nbsp;HAL_TIM_Base_MspInit
<LI><a href="#[88]">&gt;&gt;</a>&nbsp;&nbsp;&nbsp;HAL_RTC_MspInit
</UL>

<P><STRONG><a name="[6b]"></a>HAL_NVIC_SetPriorityGrouping</STRONG> (Thumb, 26 bytes, Stack size 0 bytes, stm32f1xx_hal_cortex.o(i.HAL_NVIC_SetPriorityGrouping))
<BR><BR>[Called By]<UL><LI><a href="#[6a]">&gt;&gt;</a>&nbsp;&nbsp;&nbsp;HAL_Init
</UL>

<P><STRONG><a name="[8c]"></a>HAL_PWR_EnableBkUpAccess</STRONG> (Thumb, 8 bytes, Stack size 0 bytes, stm32f1xx_hal_pwr.o(i.HAL_PWR_EnableBkUpAccess))
<BR><BR>[Called By]<UL><LI><a href="#[88]">&gt;&gt;</a>&nbsp;&nbsp;&nbsp;HAL_RTC_MspInit
</UL>

<P><STRONG><a name="[74]"></a>HAL_RCCEx_GetPeriphCLKFreq</STRONG> (Thumb, 166 bytes, Stack size 32 bytes, stm32f1xx_hal_rcc_ex.o(i.HAL_RCCEx_GetPeriphCLKFreq))
<BR><BR>[Stack]<UL><LI>Max Depth = 32<LI>Call Chain = HAL_RCCEx_GetPeriphCLKFreq
</UL>
<BR>[Calls]<UL><LI><a href="#[75]">&gt;&gt;</a>&nbsp;&nbsp;&nbsp;HAL_RCC_GetPCLK2Freq
</UL>
<BR>[Called By]<UL><LI><a href="#[87]">&gt;&gt;</a>&nbsp;&nbsp;&nbsp;HAL_RTC_Init
</UL>

<P><STRONG><a name="[76]"></a>HAL_RCCEx_PeriphCLKConfig</STRONG> (Thumb, 224 bytes, Stack size 32 bytes, stm32f1xx_hal_rcc_ex.o(i.HAL_RCCEx_PeriphCLKConfig))
<BR><BR>[Stack]<UL><LI>Max Depth = 32<LI>Call Chain = HAL_RCCEx_PeriphCLKConfig
</UL>
<BR>[Calls]<UL><LI><a href="#[5c]">&gt;&gt;</a>&nbsp;&nbsp;&nbsp;HAL_GetTick
</UL>
<BR>[Called By]<UL><LI><a href="#[c1]">&gt;&gt;</a>&nbsp;&nbsp;&nbsp;SystemClock_Config
</UL>

<P><STRONG><a name="[77]"></a>HAL_RCC_ClockConfig</STRONG> (Thumb, 280 bytes, Stack size 32 bytes, stm32f1xx_hal_rcc.o(i.HAL_RCC_ClockConfig))
<BR><BR>[Stack]<UL><LI>Max Depth = 96<LI>Call Chain = HAL_RCC_ClockConfig &rArr; HAL_InitTick &rArr; HAL_TIM_Base_Init &rArr; HAL_TIM_Base_MspInit &rArr; HAL_NVIC_SetPriority
</UL>
<BR>[Calls]<UL><LI><a href="#[5c]">&gt;&gt;</a>&nbsp;&nbsp;&nbsp;HAL_GetTick
<LI><a href="#[78]">&gt;&gt;</a>&nbsp;&nbsp;&nbsp;HAL_RCC_GetSysClockFreq
<LI><a href="#[6c]">&gt;&gt;</a>&nbsp;&nbsp;&nbsp;HAL_InitTick
</UL>
<BR>[Called By]<UL><LI><a href="#[c1]">&gt;&gt;</a>&nbsp;&nbsp;&nbsp;SystemClock_Config
</UL>

<P><STRONG><a name="[70]"></a>HAL_RCC_GetClockConfig</STRONG> (Thumb, 54 bytes, Stack size 0 bytes, stm32f1xx_hal_rcc.o(i.HAL_RCC_GetClockConfig))
<BR><BR>[Called By]<UL><LI><a href="#[6c]">&gt;&gt;</a>&nbsp;&nbsp;&nbsp;HAL_InitTick
</UL>

<P><STRONG><a name="[63]"></a>HAL_RCC_GetPCLK1Freq</STRONG> (Thumb, 20 bytes, Stack size 0 bytes, stm32f1xx_hal_rcc.o(i.HAL_RCC_GetPCLK1Freq))
<BR><BR>[Called By]<UL><LI><a href="#[6c]">&gt;&gt;</a>&nbsp;&nbsp;&nbsp;HAL_InitTick
<LI><a href="#[61]">&gt;&gt;</a>&nbsp;&nbsp;&nbsp;HAL_I2C_Init
</UL>

<P><STRONG><a name="[75]"></a>HAL_RCC_GetPCLK2Freq</STRONG> (Thumb, 20 bytes, Stack size 0 bytes, stm32f1xx_hal_rcc.o(i.HAL_RCC_GetPCLK2Freq))
<BR><BR>[Called By]<UL><LI><a href="#[74]">&gt;&gt;</a>&nbsp;&nbsp;&nbsp;HAL_RCCEx_GetPeriphCLKFreq
</UL>

<P><STRONG><a name="[78]"></a>HAL_RCC_GetSysClockFreq</STRONG> (Thumb, 74 bytes, Stack size 20 bytes, stm32f1xx_hal_rcc.o(i.HAL_RCC_GetSysClockFreq))
<BR><BR>[Stack]<UL><LI>Max Depth = 20<LI>Call Chain = HAL_RCC_GetSysClockFreq
</UL>
<BR>[Called By]<UL><LI><a href="#[77]">&gt;&gt;</a>&nbsp;&nbsp;&nbsp;HAL_RCC_ClockConfig
</UL>

<P><STRONG><a name="[79]"></a>HAL_RCC_OscConfig</STRONG> (Thumb, 778 bytes, Stack size 40 bytes, stm32f1xx_hal_rcc.o(i.HAL_RCC_OscConfig))
<BR><BR>[Stack]<UL><LI>Max Depth = 40<LI>Call Chain = HAL_RCC_OscConfig
</UL>
<BR>[Calls]<UL><LI><a href="#[5c]">&gt;&gt;</a>&nbsp;&nbsp;&nbsp;HAL_GetTick
</UL>
<BR>[Called By]<UL><LI><a href="#[c1]">&gt;&gt;</a>&nbsp;&nbsp;&nbsp;SystemClock_Config
</UL>

<P><STRONG><a name="[c4]"></a>HAL_RTCEx_BKUPWrite</STRONG> (Thumb, 12 bytes, Stack size 0 bytes, stm32f1xx_hal_rtc_ex.o(i.HAL_RTCEx_BKUPWrite))
<BR><BR>[Called By]<UL><LI><a href="#[3a]">&gt;&gt;</a>&nbsp;&nbsp;&nbsp;Timer_Callback
</UL>

<P><STRONG><a name="[7c]"></a>HAL_RTCEx_RTCEventCallback</STRONG> (Thumb, 2 bytes, Stack size 0 bytes, stm32f1xx_hal_rtc_ex.o(i.HAL_RTCEx_RTCEventCallback))
<BR><BR>[Called By]<UL><LI><a href="#[7a]">&gt;&gt;</a>&nbsp;&nbsp;&nbsp;HAL_RTCEx_RTCIRQHandler
</UL>

<P><STRONG><a name="[7b]"></a>HAL_RTCEx_RTCEventErrorCallback</STRONG> (Thumb, 2 bytes, Stack size 0 bytes, stm32f1xx_hal_rtc_ex.o(i.HAL_RTCEx_RTCEventErrorCallback))
<BR><BR>[Called By]<UL><LI><a href="#[7a]">&gt;&gt;</a>&nbsp;&nbsp;&nbsp;HAL_RTCEx_RTCIRQHandler
</UL>

<P><STRONG><a name="[7a]"></a>HAL_RTCEx_RTCIRQHandler</STRONG> (Thumb, 60 bytes, Stack size 8 bytes, stm32f1xx_hal_rtc_ex.o(i.HAL_RTCEx_RTCIRQHandler))
<BR><BR>[Stack]<UL><LI>Max Depth = 8<LI>Call Chain = HAL_RTCEx_RTCIRQHandler
</UL>
<BR>[Calls]<UL><LI><a href="#[7b]">&gt;&gt;</a>&nbsp;&nbsp;&nbsp;HAL_RTCEx_RTCEventErrorCallback
<LI><a href="#[7c]">&gt;&gt;</a>&nbsp;&nbsp;&nbsp;HAL_RTCEx_RTCEventCallback
</UL>
<BR>[Called By]<UL><LI><a href="#[d]">&gt;&gt;</a>&nbsp;&nbsp;&nbsp;RTC_IRQHandler
</UL>

<P><STRONG><a name="[7d]"></a>HAL_RTC_AlarmAEventCallback</STRONG> (Thumb, 132 bytes, Stack size 24 bytes, main.o(i.HAL_RTC_AlarmAEventCallback))
<BR><BR>[Stack]<UL><LI>Max Depth = 200<LI>Call Chain = HAL_RTC_AlarmAEventCallback &rArr; ssd1306_Init &rArr; ssd1306_UpdateScreen &rArr; ssd1306_WriteCommand &rArr; HAL_I2C_Mem_Write &rArr; I2C_RequestMemoryWrite &rArr; I2C_WaitOnMasterAddressFlagUntilTimeout
</UL>
<BR>[Calls]<UL><LI><a href="#[60]">&gt;&gt;</a>&nbsp;&nbsp;&nbsp;xTimerGenericCommand
<LI><a href="#[5f]">&gt;&gt;</a>&nbsp;&nbsp;&nbsp;xTaskGetTickCountFromISR
<LI><a href="#[7f]">&gt;&gt;</a>&nbsp;&nbsp;&nbsp;HAL_TIM_PWM_Start_IT
<LI><a href="#[7e]">&gt;&gt;</a>&nbsp;&nbsp;&nbsp;HAL_TIM_PWM_Start
<LI><a href="#[5e]">&gt;&gt;</a>&nbsp;&nbsp;&nbsp;HAL_ResumeTick
<LI><a href="#[56]">&gt;&gt;</a>&nbsp;&nbsp;&nbsp;ssd1306_WriteString
<LI><a href="#[58]">&gt;&gt;</a>&nbsp;&nbsp;&nbsp;ssd1306_UpdateScreen
<LI><a href="#[55]">&gt;&gt;</a>&nbsp;&nbsp;&nbsp;ssd1306_SetCursor
<LI><a href="#[51]">&gt;&gt;</a>&nbsp;&nbsp;&nbsp;ssd1306_Init
<LI><a href="#[52]">&gt;&gt;</a>&nbsp;&nbsp;&nbsp;ssd1306_Fill
</UL>
<BR>[Called By]<UL><LI><a href="#[80]">&gt;&gt;</a>&nbsp;&nbsp;&nbsp;HAL_RTC_AlarmIRQHandler
</UL>

<P><STRONG><a name="[80]"></a>HAL_RTC_AlarmIRQHandler</STRONG> (Thumb, 46 bytes, Stack size 8 bytes, stm32f1xx_hal_rtc.o(i.HAL_RTC_AlarmIRQHandler))
<BR><BR>[Stack]<UL><LI>Max Depth = 208<LI>Call Chain = HAL_RTC_AlarmIRQHandler &rArr; HAL_RTC_AlarmAEventCallback &rArr; ssd1306_Init &rArr; ssd1306_UpdateScreen &rArr; ssd1306_WriteCommand &rArr; HAL_I2C_Mem_Write &rArr; I2C_RequestMemoryWrite &rArr; I2C_WaitOnMasterAddressFlagUntilTimeout
</UL>
<BR>[Calls]<UL><LI><a href="#[7d]">&gt;&gt;</a>&nbsp;&nbsp;&nbsp;HAL_RTC_AlarmAEventCallback
</UL>
<BR>[Called By]<UL><LI><a href="#[33]">&gt;&gt;</a>&nbsp;&nbsp;&nbsp;RTC_Alarm_IRQHandler
</UL>

<P><STRONG><a name="[53]"></a>HAL_RTC_GetDate</STRONG> (Thumb, 78 bytes, Stack size 24 bytes, stm32f1xx_hal_rtc.o(i.HAL_RTC_GetDate))
<BR><BR>[Stack]<UL><LI>Max Depth = 100<LI>Call Chain = HAL_RTC_GetDate &rArr; HAL_RTC_GetTime &rArr; RTC_DateUpdate &rArr; RTC_WeekDayNum
</UL>
<BR>[Calls]<UL><LI><a href="#[57]">&gt;&gt;</a>&nbsp;&nbsp;&nbsp;HAL_RTC_GetTime
<LI><a href="#[81]">&gt;&gt;</a>&nbsp;&nbsp;&nbsp;RTC_ByteToBcd2
</UL>
<BR>[Called By]<UL><LI><a href="#[40]">&gt;&gt;</a>&nbsp;&nbsp;&nbsp;Set_Date
<LI><a href="#[50]">&gt;&gt;</a>&nbsp;&nbsp;&nbsp;Date
</UL>

<P><STRONG><a name="[57]"></a>HAL_RTC_GetTime</STRONG> (Thumb, 216 bytes, Stack size 32 bytes, stm32f1xx_hal_rtc.o(i.HAL_RTC_GetTime))
<BR><BR>[Stack]<UL><LI>Max Depth = 76<LI>Call Chain = HAL_RTC_GetTime &rArr; RTC_DateUpdate &rArr; RTC_WeekDayNum
</UL>
<BR>[Calls]<UL><LI><a href="#[84]">&gt;&gt;</a>&nbsp;&nbsp;&nbsp;RTC_WriteTimeCounter
<LI><a href="#[85]">&gt;&gt;</a>&nbsp;&nbsp;&nbsp;RTC_WriteAlarmCounter
<LI><a href="#[82]">&gt;&gt;</a>&nbsp;&nbsp;&nbsp;RTC_ReadTimeCounter
<LI><a href="#[83]">&gt;&gt;</a>&nbsp;&nbsp;&nbsp;RTC_ReadAlarmCounter
<LI><a href="#[86]">&gt;&gt;</a>&nbsp;&nbsp;&nbsp;RTC_DateUpdate
<LI><a href="#[81]">&gt;&gt;</a>&nbsp;&nbsp;&nbsp;RTC_ByteToBcd2
</UL>
<BR>[Called By]<UL><LI><a href="#[8d]">&gt;&gt;</a>&nbsp;&nbsp;&nbsp;HAL_RTC_SetAlarm_IT
<LI><a href="#[53]">&gt;&gt;</a>&nbsp;&nbsp;&nbsp;HAL_RTC_GetDate
<LI><a href="#[c5]">&gt;&gt;</a>&nbsp;&nbsp;&nbsp;setalarm
<LI><a href="#[3e]">&gt;&gt;</a>&nbsp;&nbsp;&nbsp;Set_Time
<LI><a href="#[50]">&gt;&gt;</a>&nbsp;&nbsp;&nbsp;Date
</UL>

<P><STRONG><a name="[87]"></a>HAL_RTC_Init</STRONG> (Thumb, 154 bytes, Stack size 16 bytes, stm32f1xx_hal_rtc.o(i.HAL_RTC_Init))
<BR><BR>[Stack]<UL><LI>Max Depth = 48<LI>Call Chain = HAL_RTC_Init &rArr; HAL_RCCEx_GetPeriphCLKFreq
</UL>
<BR>[Calls]<UL><LI><a href="#[74]">&gt;&gt;</a>&nbsp;&nbsp;&nbsp;HAL_RCCEx_GetPeriphCLKFreq
<LI><a href="#[88]">&gt;&gt;</a>&nbsp;&nbsp;&nbsp;HAL_RTC_MspInit
<LI><a href="#[89]">&gt;&gt;</a>&nbsp;&nbsp;&nbsp;HAL_RTC_WaitForSynchro
<LI><a href="#[8b]">&gt;&gt;</a>&nbsp;&nbsp;&nbsp;RTC_ExitInitMode
<LI><a href="#[8a]">&gt;&gt;</a>&nbsp;&nbsp;&nbsp;RTC_EnterInitMode
</UL>
<BR>[Called By]<UL><LI><a href="#[b4]">&gt;&gt;</a>&nbsp;&nbsp;&nbsp;MX_RTC_Init
</UL>

<P><STRONG><a name="[88]"></a>HAL_RTC_MspInit</STRONG> (Thumb, 76 bytes, Stack size 8 bytes, rtc.o(i.HAL_RTC_MspInit))
<BR><BR>[Stack]<UL><LI>Max Depth = 24<LI>Call Chain = HAL_RTC_MspInit &rArr; HAL_NVIC_SetPriority
</UL>
<BR>[Calls]<UL><LI><a href="#[6e]">&gt;&gt;</a>&nbsp;&nbsp;&nbsp;HAL_NVIC_SetPriority
<LI><a href="#[6f]">&gt;&gt;</a>&nbsp;&nbsp;&nbsp;HAL_NVIC_EnableIRQ
<LI><a href="#[8c]">&gt;&gt;</a>&nbsp;&nbsp;&nbsp;HAL_PWR_EnableBkUpAccess
</UL>
<BR>[Called By]<UL><LI><a href="#[87]">&gt;&gt;</a>&nbsp;&nbsp;&nbsp;HAL_RTC_Init
</UL>

<P><STRONG><a name="[8d]"></a>HAL_RTC_SetAlarm_IT</STRONG> (Thumb, 224 bytes, Stack size 32 bytes, stm32f1xx_hal_rtc.o(i.HAL_RTC_SetAlarm_IT))
<BR><BR>[Stack]<UL><LI>Max Depth = 108<LI>Call Chain = HAL_RTC_SetAlarm_IT &rArr; HAL_RTC_GetTime &rArr; RTC_DateUpdate &rArr; RTC_WeekDayNum
</UL>
<BR>[Calls]<UL><LI><a href="#[57]">&gt;&gt;</a>&nbsp;&nbsp;&nbsp;HAL_RTC_GetTime
<LI><a href="#[85]">&gt;&gt;</a>&nbsp;&nbsp;&nbsp;RTC_WriteAlarmCounter
<LI><a href="#[8e]">&gt;&gt;</a>&nbsp;&nbsp;&nbsp;RTC_Bcd2ToByte
</UL>
<BR>[Called By]<UL><LI><a href="#[c5]">&gt;&gt;</a>&nbsp;&nbsp;&nbsp;setalarm
</UL>

<P><STRONG><a name="[8f]"></a>HAL_RTC_SetDate</STRONG> (Thumb, 192 bytes, Stack size 24 bytes, stm32f1xx_hal_rtc.o(i.HAL_RTC_SetDate))
<BR><BR>[Stack]<UL><LI>Max Depth = 56<LI>Call Chain = HAL_RTC_SetDate &rArr; RTC_WriteTimeCounter &rArr; RTC_ExitInitMode
</UL>
<BR>[Calls]<UL><LI><a href="#[84]">&gt;&gt;</a>&nbsp;&nbsp;&nbsp;RTC_WriteTimeCounter
<LI><a href="#[85]">&gt;&gt;</a>&nbsp;&nbsp;&nbsp;RTC_WriteAlarmCounter
<LI><a href="#[90]">&gt;&gt;</a>&nbsp;&nbsp;&nbsp;RTC_WeekDayNum
<LI><a href="#[82]">&gt;&gt;</a>&nbsp;&nbsp;&nbsp;RTC_ReadTimeCounter
<LI><a href="#[83]">&gt;&gt;</a>&nbsp;&nbsp;&nbsp;RTC_ReadAlarmCounter
<LI><a href="#[8e]">&gt;&gt;</a>&nbsp;&nbsp;&nbsp;RTC_Bcd2ToByte
</UL>
<BR>[Called By]<UL><LI><a href="#[b4]">&gt;&gt;</a>&nbsp;&nbsp;&nbsp;MX_RTC_Init
<LI><a href="#[3a]">&gt;&gt;</a>&nbsp;&nbsp;&nbsp;Timer_Callback
</UL>

<P><STRONG><a name="[91]"></a>HAL_RTC_SetTime</STRONG> (Thumb, 168 bytes, Stack size 24 bytes, stm32f1xx_hal_rtc.o(i.HAL_RTC_SetTime))
<BR><BR>[Stack]<UL><LI>Max Depth = 56<LI>Call Chain = HAL_RTC_SetTime &rArr; RTC_WriteTimeCounter &rArr; RTC_ExitInitMode
</UL>
<BR>[Calls]<UL><LI><a href="#[84]">&gt;&gt;</a>&nbsp;&nbsp;&nbsp;RTC_WriteTimeCounter
<LI><a href="#[85]">&gt;&gt;</a>&nbsp;&nbsp;&nbsp;RTC_WriteAlarmCounter
<LI><a href="#[83]">&gt;&gt;</a>&nbsp;&nbsp;&nbsp;RTC_ReadAlarmCounter
<LI><a href="#[8e]">&gt;&gt;</a>&nbsp;&nbsp;&nbsp;RTC_Bcd2ToByte
</UL>
<BR>[Called By]<UL><LI><a href="#[b4]">&gt;&gt;</a>&nbsp;&nbsp;&nbsp;MX_RTC_Init
<LI><a href="#[3a]">&gt;&gt;</a>&nbsp;&nbsp;&nbsp;Timer_Callback
</UL>

<P><STRONG><a name="[89]"></a>HAL_RTC_WaitForSynchro</STRONG> (Thumb, 58 bytes, Stack size 16 bytes, stm32f1xx_hal_rtc.o(i.HAL_RTC_WaitForSynchro))
<BR><BR>[Stack]<UL><LI>Max Depth = 16<LI>Call Chain = HAL_RTC_WaitForSynchro
</UL>
<BR>[Calls]<UL><LI><a href="#[5c]">&gt;&gt;</a>&nbsp;&nbsp;&nbsp;HAL_GetTick
</UL>
<BR>[Called By]<UL><LI><a href="#[87]">&gt;&gt;</a>&nbsp;&nbsp;&nbsp;HAL_RTC_Init
</UL>

<P><STRONG><a name="[5e]"></a>HAL_ResumeTick</STRONG> (Thumb, 14 bytes, Stack size 0 bytes, stm32f1xx_hal_timebase_tim.o(i.HAL_ResumeTick))
<BR><BR>[Called By]<UL><LI><a href="#[7d]">&gt;&gt;</a>&nbsp;&nbsp;&nbsp;HAL_RTC_AlarmAEventCallback
<LI><a href="#[5d]">&gt;&gt;</a>&nbsp;&nbsp;&nbsp;HAL_GPIO_EXTI_Callback
</UL>

<P><STRONG><a name="[104]"></a>HAL_SuspendTick</STRONG> (Thumb, 14 bytes, Stack size 0 bytes, stm32f1xx_hal_timebase_tim.o(i.HAL_SuspendTick))
<BR><BR>[Called By]<UL><LI><a href="#[41]">&gt;&gt;</a>&nbsp;&nbsp;&nbsp;vSLEEP
</UL>

<P><STRONG><a name="[9e]"></a>HAL_TIMEx_BreakCallback</STRONG> (Thumb, 2 bytes, Stack size 0 bytes, stm32f1xx_hal_tim_ex.o(i.HAL_TIMEx_BreakCallback))
<BR><BR>[Called By]<UL><LI><a href="#[99]">&gt;&gt;</a>&nbsp;&nbsp;&nbsp;HAL_TIM_IRQHandler
</UL>

<P><STRONG><a name="[a0]"></a>HAL_TIMEx_CommutCallback</STRONG> (Thumb, 2 bytes, Stack size 0 bytes, stm32f1xx_hal_tim_ex.o(i.HAL_TIMEx_CommutCallback))
<BR><BR>[Called By]<UL><LI><a href="#[99]">&gt;&gt;</a>&nbsp;&nbsp;&nbsp;HAL_TIM_IRQHandler
</UL>

<P><STRONG><a name="[b8]"></a>HAL_TIMEx_ConfigBreakDeadTime</STRONG> (Thumb, 84 bytes, Stack size 8 bytes, stm32f1xx_hal_tim_ex.o(i.HAL_TIMEx_ConfigBreakDeadTime))
<BR><BR>[Stack]<UL><LI>Max Depth = 8<LI>Call Chain = HAL_TIMEx_ConfigBreakDeadTime
</UL>
<BR>[Called By]<UL><LI><a href="#[b5]">&gt;&gt;</a>&nbsp;&nbsp;&nbsp;MX_TIM1_Init
</UL>

<P><STRONG><a name="[b7]"></a>HAL_TIMEx_MasterConfigSynchronization</STRONG> (Thumb, 92 bytes, Stack size 16 bytes, stm32f1xx_hal_tim_ex.o(i.HAL_TIMEx_MasterConfigSynchronization))
<BR><BR>[Stack]<UL><LI>Max Depth = 16<LI>Call Chain = HAL_TIMEx_MasterConfigSynchronization
</UL>
<BR>[Called By]<UL><LI><a href="#[b9]">&gt;&gt;</a>&nbsp;&nbsp;&nbsp;MX_TIM2_Init
<LI><a href="#[b5]">&gt;&gt;</a>&nbsp;&nbsp;&nbsp;MX_TIM1_Init
</UL>

<P><STRONG><a name="[71]"></a>HAL_TIM_Base_Init</STRONG> (Thumb, 90 bytes, Stack size 8 bytes, stm32f1xx_hal_tim.o(i.HAL_TIM_Base_Init))
<BR><BR>[Stack]<UL><LI>Max Depth = 32<LI>Call Chain = HAL_TIM_Base_Init &rArr; HAL_TIM_Base_MspInit &rArr; HAL_NVIC_SetPriority
</UL>
<BR>[Calls]<UL><LI><a href="#[92]">&gt;&gt;</a>&nbsp;&nbsp;&nbsp;HAL_TIM_Base_MspInit
<LI><a href="#[93]">&gt;&gt;</a>&nbsp;&nbsp;&nbsp;TIM_Base_SetConfig
</UL>
<BR>[Called By]<UL><LI><a href="#[b9]">&gt;&gt;</a>&nbsp;&nbsp;&nbsp;MX_TIM2_Init
<LI><a href="#[b5]">&gt;&gt;</a>&nbsp;&nbsp;&nbsp;MX_TIM1_Init
<LI><a href="#[6c]">&gt;&gt;</a>&nbsp;&nbsp;&nbsp;HAL_InitTick
</UL>

<P><STRONG><a name="[92]"></a>HAL_TIM_Base_MspInit</STRONG> (Thumb, 118 bytes, Stack size 8 bytes, tim.o(i.HAL_TIM_Base_MspInit))
<BR><BR>[Stack]<UL><LI>Max Depth = 24<LI>Call Chain = HAL_TIM_Base_MspInit &rArr; HAL_NVIC_SetPriority
</UL>
<BR>[Calls]<UL><LI><a href="#[6e]">&gt;&gt;</a>&nbsp;&nbsp;&nbsp;HAL_NVIC_SetPriority
<LI><a href="#[6f]">&gt;&gt;</a>&nbsp;&nbsp;&nbsp;HAL_NVIC_EnableIRQ
</UL>
<BR>[Called By]<UL><LI><a href="#[71]">&gt;&gt;</a>&nbsp;&nbsp;&nbsp;HAL_TIM_Base_Init
</UL>

<P><STRONG><a name="[72]"></a>HAL_TIM_Base_Start_IT</STRONG> (Thumb, 76 bytes, Stack size 0 bytes, stm32f1xx_hal_tim.o(i.HAL_TIM_Base_Start_IT))
<BR><BR>[Called By]<UL><LI><a href="#[6c]">&gt;&gt;</a>&nbsp;&nbsp;&nbsp;HAL_InitTick
</UL>

<P><STRONG><a name="[94]"></a>HAL_TIM_ConfigClockSource</STRONG> (Thumb, 214 bytes, Stack size 16 bytes, stm32f1xx_hal_tim.o(i.HAL_TIM_ConfigClockSource))
<BR><BR>[Stack]<UL><LI>Max Depth = 24<LI>Call Chain = HAL_TIM_ConfigClockSource &rArr; TIM_TI2_ConfigInputStage
</UL>
<BR>[Calls]<UL><LI><a href="#[97]">&gt;&gt;</a>&nbsp;&nbsp;&nbsp;TIM_TI2_ConfigInputStage
<LI><a href="#[96]">&gt;&gt;</a>&nbsp;&nbsp;&nbsp;TIM_TI1_ConfigInputStage
<LI><a href="#[98]">&gt;&gt;</a>&nbsp;&nbsp;&nbsp;TIM_ITRx_SetConfig
<LI><a href="#[95]">&gt;&gt;</a>&nbsp;&nbsp;&nbsp;TIM_ETR_SetConfig
</UL>
<BR>[Called By]<UL><LI><a href="#[b9]">&gt;&gt;</a>&nbsp;&nbsp;&nbsp;MX_TIM2_Init
<LI><a href="#[b5]">&gt;&gt;</a>&nbsp;&nbsp;&nbsp;MX_TIM1_Init
</UL>

<P><STRONG><a name="[9a]"></a>HAL_TIM_IC_CaptureCallback</STRONG> (Thumb, 2 bytes, Stack size 0 bytes, stm32f1xx_hal_tim.o(i.HAL_TIM_IC_CaptureCallback))
<BR><BR>[Called By]<UL><LI><a href="#[99]">&gt;&gt;</a>&nbsp;&nbsp;&nbsp;HAL_TIM_IRQHandler
</UL>

<P><STRONG><a name="[99]"></a>HAL_TIM_IRQHandler</STRONG> (Thumb, 358 bytes, Stack size 16 bytes, stm32f1xx_hal_tim.o(i.HAL_TIM_IRQHandler))
<BR><BR>[Stack]<UL><LI>Max Depth = 128<LI>Call Chain = HAL_TIM_IRQHandler &rArr; HAL_TIM_PWM_PulseFinishedCallback &rArr; xEventGroupSetBitsFromISR &rArr; xTimerPendFunctionCallFromISR &rArr; xQueueGenericSendFromISR &rArr; prvCopyDataToQueue &rArr; xTaskPriorityDisinherit
</UL>
<BR>[Calls]<UL><LI><a href="#[9d]">&gt;&gt;</a>&nbsp;&nbsp;&nbsp;HAL_TIM_PeriodElapsedCallback
<LI><a href="#[9c]">&gt;&gt;</a>&nbsp;&nbsp;&nbsp;HAL_TIM_PWM_PulseFinishedCallback
<LI><a href="#[9f]">&gt;&gt;</a>&nbsp;&nbsp;&nbsp;HAL_TIM_TriggerCallback
<LI><a href="#[9b]">&gt;&gt;</a>&nbsp;&nbsp;&nbsp;HAL_TIM_OC_DelayElapsedCallback
<LI><a href="#[9a]">&gt;&gt;</a>&nbsp;&nbsp;&nbsp;HAL_TIM_IC_CaptureCallback
<LI><a href="#[a0]">&gt;&gt;</a>&nbsp;&nbsp;&nbsp;HAL_TIMEx_CommutCallback
<LI><a href="#[9e]">&gt;&gt;</a>&nbsp;&nbsp;&nbsp;HAL_TIMEx_BreakCallback
</UL>
<BR>[Called By]<UL><LI><a href="#[28]">&gt;&gt;</a>&nbsp;&nbsp;&nbsp;TIM4_IRQHandler
<LI><a href="#[26]">&gt;&gt;</a>&nbsp;&nbsp;&nbsp;TIM2_IRQHandler
<LI><a href="#[23]">&gt;&gt;</a>&nbsp;&nbsp;&nbsp;TIM1_UP_IRQHandler
<LI><a href="#[24]">&gt;&gt;</a>&nbsp;&nbsp;&nbsp;TIM1_TRG_COM_IRQHandler
<LI><a href="#[25]">&gt;&gt;</a>&nbsp;&nbsp;&nbsp;TIM1_CC_IRQHandler
</UL>

<P><STRONG><a name="[a1]"></a>HAL_TIM_MspPostInit</STRONG> (Thumb, 88 bytes, Stack size 32 bytes, tim.o(i.HAL_TIM_MspPostInit))
<BR><BR>[Stack]<UL><LI>Max Depth = 72<LI>Call Chain = HAL_TIM_MspPostInit &rArr; HAL_GPIO_Init
</UL>
<BR>[Calls]<UL><LI><a href="#[69]">&gt;&gt;</a>&nbsp;&nbsp;&nbsp;HAL_GPIO_Init
</UL>
<BR>[Called By]<UL><LI><a href="#[b9]">&gt;&gt;</a>&nbsp;&nbsp;&nbsp;MX_TIM2_Init
<LI><a href="#[b5]">&gt;&gt;</a>&nbsp;&nbsp;&nbsp;MX_TIM1_Init
</UL>

<P><STRONG><a name="[9b]"></a>HAL_TIM_OC_DelayElapsedCallback</STRONG> (Thumb, 2 bytes, Stack size 0 bytes, stm32f1xx_hal_tim.o(i.HAL_TIM_OC_DelayElapsedCallback))
<BR><BR>[Called By]<UL><LI><a href="#[99]">&gt;&gt;</a>&nbsp;&nbsp;&nbsp;HAL_TIM_IRQHandler
</UL>

<P><STRONG><a name="[a2]"></a>HAL_TIM_PWM_ConfigChannel</STRONG> (Thumb, 198 bytes, Stack size 16 bytes, stm32f1xx_hal_tim.o(i.HAL_TIM_PWM_ConfigChannel))
<BR><BR>[Stack]<UL><LI>Max Depth = 28<LI>Call Chain = HAL_TIM_PWM_ConfigChannel &rArr; TIM_OC4_SetConfig
</UL>
<BR>[Calls]<UL><LI><a href="#[a6]">&gt;&gt;</a>&nbsp;&nbsp;&nbsp;TIM_OC4_SetConfig
<LI><a href="#[a5]">&gt;&gt;</a>&nbsp;&nbsp;&nbsp;TIM_OC3_SetConfig
<LI><a href="#[a3]">&gt;&gt;</a>&nbsp;&nbsp;&nbsp;TIM_OC1_SetConfig
<LI><a href="#[a4]">&gt;&gt;</a>&nbsp;&nbsp;&nbsp;TIM_OC2_SetConfig
</UL>
<BR>[Called By]<UL><LI><a href="#[b9]">&gt;&gt;</a>&nbsp;&nbsp;&nbsp;MX_TIM2_Init
<LI><a href="#[b5]">&gt;&gt;</a>&nbsp;&nbsp;&nbsp;MX_TIM1_Init
</UL>

<P><STRONG><a name="[a7]"></a>HAL_TIM_PWM_Init</STRONG> (Thumb, 90 bytes, Stack size 8 bytes, stm32f1xx_hal_tim.o(i.HAL_TIM_PWM_Init))
<BR><BR>[Stack]<UL><LI>Max Depth = 28<LI>Call Chain = HAL_TIM_PWM_Init &rArr; TIM_Base_SetConfig
</UL>
<BR>[Calls]<UL><LI><a href="#[a8]">&gt;&gt;</a>&nbsp;&nbsp;&nbsp;HAL_TIM_PWM_MspInit
<LI><a href="#[93]">&gt;&gt;</a>&nbsp;&nbsp;&nbsp;TIM_Base_SetConfig
</UL>
<BR>[Called By]<UL><LI><a href="#[b9]">&gt;&gt;</a>&nbsp;&nbsp;&nbsp;MX_TIM2_Init
<LI><a href="#[b5]">&gt;&gt;</a>&nbsp;&nbsp;&nbsp;MX_TIM1_Init
</UL>

<P><STRONG><a name="[a8]"></a>HAL_TIM_PWM_MspInit</STRONG> (Thumb, 2 bytes, Stack size 0 bytes, stm32f1xx_hal_tim.o(i.HAL_TIM_PWM_MspInit))
<BR><BR>[Called By]<UL><LI><a href="#[a7]">&gt;&gt;</a>&nbsp;&nbsp;&nbsp;HAL_TIM_PWM_Init
</UL>

<P><STRONG><a name="[9c]"></a>HAL_TIM_PWM_PulseFinishedCallback</STRONG> (Thumb, 70 bytes, Stack size 16 bytes, main.o(i.HAL_TIM_PWM_PulseFinishedCallback))
<BR><BR>[Stack]<UL><LI>Max Depth = 112<LI>Call Chain = HAL_TIM_PWM_PulseFinishedCallback &rArr; xEventGroupSetBitsFromISR &rArr; xTimerPendFunctionCallFromISR &rArr; xQueueGenericSendFromISR &rArr; prvCopyDataToQueue &rArr; xTaskPriorityDisinherit
</UL>
<BR>[Calls]<UL><LI><a href="#[59]">&gt;&gt;</a>&nbsp;&nbsp;&nbsp;xEventGroupSetBitsFromISR
<LI><a href="#[a9]">&gt;&gt;</a>&nbsp;&nbsp;&nbsp;HAL_TIM_PWM_Stop
</UL>
<BR>[Called By]<UL><LI><a href="#[99]">&gt;&gt;</a>&nbsp;&nbsp;&nbsp;HAL_TIM_IRQHandler
</UL>

<P><STRONG><a name="[7e]"></a>HAL_TIM_PWM_Start</STRONG> (Thumb, 144 bytes, Stack size 8 bytes, stm32f1xx_hal_tim.o(i.HAL_TIM_PWM_Start))
<BR><BR>[Stack]<UL><LI>Max Depth = 16<LI>Call Chain = HAL_TIM_PWM_Start &rArr; TIM_CCxChannelCmd
</UL>
<BR>[Calls]<UL><LI><a href="#[aa]">&gt;&gt;</a>&nbsp;&nbsp;&nbsp;TIM_CCxChannelCmd
</UL>
<BR>[Called By]<UL><LI><a href="#[7d]">&gt;&gt;</a>&nbsp;&nbsp;&nbsp;HAL_RTC_AlarmAEventCallback
</UL>

<P><STRONG><a name="[7f]"></a>HAL_TIM_PWM_Start_IT</STRONG> (Thumb, 184 bytes, Stack size 8 bytes, stm32f1xx_hal_tim.o(i.HAL_TIM_PWM_Start_IT))
<BR><BR>[Stack]<UL><LI>Max Depth = 16<LI>Call Chain = HAL_TIM_PWM_Start_IT &rArr; TIM_CCxChannelCmd
</UL>
<BR>[Calls]<UL><LI><a href="#[aa]">&gt;&gt;</a>&nbsp;&nbsp;&nbsp;TIM_CCxChannelCmd
</UL>
<BR>[Called By]<UL><LI><a href="#[7d]">&gt;&gt;</a>&nbsp;&nbsp;&nbsp;HAL_RTC_AlarmAEventCallback
</UL>

<P><STRONG><a name="[a9]"></a>HAL_TIM_PWM_Stop</STRONG> (Thumb, 108 bytes, Stack size 12 bytes, stm32f1xx_hal_tim.o(i.HAL_TIM_PWM_Stop))
<BR><BR>[Stack]<UL><LI>Max Depth = 20<LI>Call Chain = HAL_TIM_PWM_Stop &rArr; TIM_CCxChannelCmd
</UL>
<BR>[Calls]<UL><LI><a href="#[aa]">&gt;&gt;</a>&nbsp;&nbsp;&nbsp;TIM_CCxChannelCmd
</UL>
<BR>[Called By]<UL><LI><a href="#[9c]">&gt;&gt;</a>&nbsp;&nbsp;&nbsp;HAL_TIM_PWM_PulseFinishedCallback
</UL>

<P><STRONG><a name="[9d]"></a>HAL_TIM_PeriodElapsedCallback</STRONG> (Thumb, 14 bytes, Stack size 0 bytes, main.o(i.HAL_TIM_PeriodElapsedCallback))
<BR><BR>[Calls]<UL><LI><a href="#[ab]">&gt;&gt;</a>&nbsp;&nbsp;&nbsp;HAL_IncTick
</UL>
<BR>[Called By]<UL><LI><a href="#[99]">&gt;&gt;</a>&nbsp;&nbsp;&nbsp;HAL_TIM_IRQHandler
</UL>

<P><STRONG><a name="[9f]"></a>HAL_TIM_TriggerCallback</STRONG> (Thumb, 2 bytes, Stack size 0 bytes, stm32f1xx_hal_tim.o(i.HAL_TIM_TriggerCallback))
<BR><BR>[Called By]<UL><LI><a href="#[99]">&gt;&gt;</a>&nbsp;&nbsp;&nbsp;HAL_TIM_IRQHandler
</UL>

<P><STRONG><a name="[2]"></a>HardFault_Handler</STRONG> (Thumb, 2 bytes, Stack size 0 bytes, stm32f1xx_it.o(i.HardFault_Handler))
<BR><BR>[Calls]<UL><LI><a href="#[2]">&gt;&gt;</a>&nbsp;&nbsp;&nbsp;HardFault_Handler
</UL>
<BR>[Called By]<UL><LI><a href="#[2]">&gt;&gt;</a>&nbsp;&nbsp;&nbsp;HardFault_Handler
</UL>
<BR>[Address Reference Count : 1]<UL><LI> startup_stm32f103xb.o(RESET)
</UL>
<P><STRONG><a name="[ae]"></a>MX_FREERTOS_Init</STRONG> (Thumb, 18 bytes, Stack size 8 bytes, freertos.o(i.MX_FREERTOS_Init))
<BR><BR>[Stack]<UL><LI>Max Depth = 184<LI>Call Chain = MX_FREERTOS_Init &rArr; osThreadNew &rArr; xTaskCreate &rArr; pvPortMalloc &rArr; xTaskResumeAll &rArr; xTaskIncrementTick
</UL>
<BR>[Calls]<UL><LI><a href="#[af]">&gt;&gt;</a>&nbsp;&nbsp;&nbsp;osThreadNew
</UL>
<BR>[Called By]<UL><LI><a href="#[35]">&gt;&gt;</a>&nbsp;&nbsp;&nbsp;main
</UL>

<P><STRONG><a name="[b0]"></a>MX_GPIO_Init</STRONG> (Thumb, 138 bytes, Stack size 32 bytes, gpio.o(i.MX_GPIO_Init))
<BR><BR>[Stack]<UL><LI>Max Depth = 72<LI>Call Chain = MX_GPIO_Init &rArr; HAL_GPIO_Init
</UL>
<BR>[Calls]<UL><LI><a href="#[6e]">&gt;&gt;</a>&nbsp;&nbsp;&nbsp;HAL_NVIC_SetPriority
<LI><a href="#[6f]">&gt;&gt;</a>&nbsp;&nbsp;&nbsp;HAL_NVIC_EnableIRQ
<LI><a href="#[b1]">&gt;&gt;</a>&nbsp;&nbsp;&nbsp;HAL_GPIO_WritePin
<LI><a href="#[69]">&gt;&gt;</a>&nbsp;&nbsp;&nbsp;HAL_GPIO_Init
</UL>
<BR>[Called By]<UL><LI><a href="#[35]">&gt;&gt;</a>&nbsp;&nbsp;&nbsp;main
</UL>

<P><STRONG><a name="[b2]"></a>MX_I2C1_Init</STRONG> (Thumb, 50 bytes, Stack size 8 bytes, i2c.o(i.MX_I2C1_Init))
<BR><BR>[Stack]<UL><LI>Max Depth = 96<LI>Call Chain = MX_I2C1_Init &rArr; HAL_I2C_Init &rArr; HAL_I2C_MspInit &rArr; HAL_GPIO_Init
</UL>
<BR>[Calls]<UL><LI><a href="#[b3]">&gt;&gt;</a>&nbsp;&nbsp;&nbsp;Error_Handler
<LI><a href="#[61]">&gt;&gt;</a>&nbsp;&nbsp;&nbsp;HAL_I2C_Init
</UL>
<BR>[Called By]<UL><LI><a href="#[35]">&gt;&gt;</a>&nbsp;&nbsp;&nbsp;main
</UL>

<P><STRONG><a name="[b4]"></a>MX_RTC_Init</STRONG> (Thumb, 112 bytes, Stack size 16 bytes, rtc.o(i.MX_RTC_Init))
<BR><BR>[Stack]<UL><LI>Max Depth = 72<LI>Call Chain = MX_RTC_Init &rArr; HAL_RTC_SetTime &rArr; RTC_WriteTimeCounter &rArr; RTC_ExitInitMode
</UL>
<BR>[Calls]<UL><LI><a href="#[91]">&gt;&gt;</a>&nbsp;&nbsp;&nbsp;HAL_RTC_SetTime
<LI><a href="#[8f]">&gt;&gt;</a>&nbsp;&nbsp;&nbsp;HAL_RTC_SetDate
<LI><a href="#[b3]">&gt;&gt;</a>&nbsp;&nbsp;&nbsp;Error_Handler
<LI><a href="#[87]">&gt;&gt;</a>&nbsp;&nbsp;&nbsp;HAL_RTC_Init
</UL>
<BR>[Called By]<UL><LI><a href="#[35]">&gt;&gt;</a>&nbsp;&nbsp;&nbsp;main
</UL>

<P><STRONG><a name="[b5]"></a>MX_TIM1_Init</STRONG> (Thumb, 190 bytes, Stack size 96 bytes, tim.o(i.MX_TIM1_Init))
<BR><BR>[Stack]<UL><LI>Max Depth = 168<LI>Call Chain = MX_TIM1_Init &rArr; HAL_TIM_MspPostInit &rArr; HAL_GPIO_Init
</UL>
<BR>[Calls]<UL><LI><a href="#[b3]">&gt;&gt;</a>&nbsp;&nbsp;&nbsp;Error_Handler
<LI><a href="#[a7]">&gt;&gt;</a>&nbsp;&nbsp;&nbsp;HAL_TIM_PWM_Init
<LI><a href="#[a2]">&gt;&gt;</a>&nbsp;&nbsp;&nbsp;HAL_TIM_PWM_ConfigChannel
<LI><a href="#[94]">&gt;&gt;</a>&nbsp;&nbsp;&nbsp;HAL_TIM_ConfigClockSource
<LI><a href="#[71]">&gt;&gt;</a>&nbsp;&nbsp;&nbsp;HAL_TIM_Base_Init
<LI><a href="#[b7]">&gt;&gt;</a>&nbsp;&nbsp;&nbsp;HAL_TIMEx_MasterConfigSynchronization
<LI><a href="#[b8]">&gt;&gt;</a>&nbsp;&nbsp;&nbsp;HAL_TIMEx_ConfigBreakDeadTime
<LI><a href="#[a1]">&gt;&gt;</a>&nbsp;&nbsp;&nbsp;HAL_TIM_MspPostInit
<LI><a href="#[b6]">&gt;&gt;</a>&nbsp;&nbsp;&nbsp;__aeabi_memclr4
</UL>
<BR>[Called By]<UL><LI><a href="#[35]">&gt;&gt;</a>&nbsp;&nbsp;&nbsp;main
</UL>

<P><STRONG><a name="[b9]"></a>MX_TIM2_Init</STRONG> (Thumb, 144 bytes, Stack size 64 bytes, tim.o(i.MX_TIM2_Init))
<BR><BR>[Stack]<UL><LI>Max Depth = 136<LI>Call Chain = MX_TIM2_Init &rArr; HAL_TIM_MspPostInit &rArr; HAL_GPIO_Init
</UL>
<BR>[Calls]<UL><LI><a href="#[b3]">&gt;&gt;</a>&nbsp;&nbsp;&nbsp;Error_Handler
<LI><a href="#[a7]">&gt;&gt;</a>&nbsp;&nbsp;&nbsp;HAL_TIM_PWM_Init
<LI><a href="#[a2]">&gt;&gt;</a>&nbsp;&nbsp;&nbsp;HAL_TIM_PWM_ConfigChannel
<LI><a href="#[94]">&gt;&gt;</a>&nbsp;&nbsp;&nbsp;HAL_TIM_ConfigClockSource
<LI><a href="#[71]">&gt;&gt;</a>&nbsp;&nbsp;&nbsp;HAL_TIM_Base_Init
<LI><a href="#[b7]">&gt;&gt;</a>&nbsp;&nbsp;&nbsp;HAL_TIMEx_MasterConfigSynchronization
<LI><a href="#[a1]">&gt;&gt;</a>&nbsp;&nbsp;&nbsp;HAL_TIM_MspPostInit
<LI><a href="#[b6]">&gt;&gt;</a>&nbsp;&nbsp;&nbsp;__aeabi_memclr4
</UL>
<BR>[Called By]<UL><LI><a href="#[35]">&gt;&gt;</a>&nbsp;&nbsp;&nbsp;main
</UL>

<P><STRONG><a name="[3]"></a>MemManage_Handler</STRONG> (Thumb, 2 bytes, Stack size 0 bytes, stm32f1xx_it.o(i.MemManage_Handler))
<BR><BR>[Calls]<UL><LI><a href="#[3]">&gt;&gt;</a>&nbsp;&nbsp;&nbsp;MemManage_Handler
</UL>
<BR>[Called By]<UL><LI><a href="#[3]">&gt;&gt;</a>&nbsp;&nbsp;&nbsp;MemManage_Handler
</UL>
<BR>[Address Reference Count : 1]<UL><LI> startup_stm32f103xb.o(RESET)
</UL>
<P><STRONG><a name="[ba]"></a>Menu</STRONG> (Thumb, 112 bytes, Stack size 8 bytes, main.o(i.Menu))
<BR><BR>[Stack]<UL><LI>Max Depth = 184<LI>Call Chain = Menu &rArr; ssd1306_Init &rArr; ssd1306_UpdateScreen &rArr; ssd1306_WriteCommand &rArr; HAL_I2C_Mem_Write &rArr; I2C_RequestMemoryWrite &rArr; I2C_WaitOnMasterAddressFlagUntilTimeout
</UL>
<BR>[Calls]<UL><LI><a href="#[56]">&gt;&gt;</a>&nbsp;&nbsp;&nbsp;ssd1306_WriteString
<LI><a href="#[58]">&gt;&gt;</a>&nbsp;&nbsp;&nbsp;ssd1306_UpdateScreen
<LI><a href="#[55]">&gt;&gt;</a>&nbsp;&nbsp;&nbsp;ssd1306_SetCursor
<LI><a href="#[51]">&gt;&gt;</a>&nbsp;&nbsp;&nbsp;ssd1306_Init
<LI><a href="#[52]">&gt;&gt;</a>&nbsp;&nbsp;&nbsp;ssd1306_Fill
</UL>
<BR>[Called By]<UL><LI><a href="#[43]">&gt;&gt;</a>&nbsp;&nbsp;&nbsp;vOLED
</UL>

<P><STRONG><a name="[3c]"></a>Menu_Callback</STRONG> (Thumb, 336 bytes, Stack size 48 bytes, main.o(i.Menu_Callback))
<BR><BR>[Stack]<UL><LI>Max Depth = 200<LI>Call Chain = Menu_Callback &rArr; xTimerGenericCommand &rArr; xQueueGenericSend &rArr; xTaskResumeAll &rArr; xTaskIncrementTick
</UL>
<BR>[Calls]<UL><LI><a href="#[60]">&gt;&gt;</a>&nbsp;&nbsp;&nbsp;xTimerGenericCommand
<LI><a href="#[59]">&gt;&gt;</a>&nbsp;&nbsp;&nbsp;xEventGroupSetBitsFromISR
<LI><a href="#[bb]">&gt;&gt;</a>&nbsp;&nbsp;&nbsp;HAL_GPIO_ReadPin
</UL>
<BR>[Address Reference Count : 1]<UL><LI> main.o(i.main)
</UL>
<P><STRONG><a name="[1]"></a>NMI_Handler</STRONG> (Thumb, 2 bytes, Stack size 0 bytes, stm32f1xx_it.o(i.NMI_Handler))
<BR><BR>[Calls]<UL><LI><a href="#[1]">&gt;&gt;</a>&nbsp;&nbsp;&nbsp;NMI_Handler
</UL>
<BR>[Called By]<UL><LI><a href="#[1]">&gt;&gt;</a>&nbsp;&nbsp;&nbsp;NMI_Handler
</UL>
<BR>[Address Reference Count : 1]<UL><LI> startup_stm32f103xb.o(RESET)
</UL>
<P><STRONG><a name="[33]"></a>RTC_Alarm_IRQHandler</STRONG> (Thumb, 6 bytes, Stack size 0 bytes, stm32f1xx_it.o(i.RTC_Alarm_IRQHandler))
<BR><BR>[Stack]<UL><LI>Max Depth = 208<LI>Call Chain = RTC_Alarm_IRQHandler &rArr; HAL_RTC_AlarmIRQHandler &rArr; HAL_RTC_AlarmAEventCallback &rArr; ssd1306_Init &rArr; ssd1306_UpdateScreen &rArr; ssd1306_WriteCommand &rArr; HAL_I2C_Mem_Write &rArr; I2C_RequestMemoryWrite &rArr; I2C_WaitOnMasterAddressFlagUntilTimeout
</UL>
<BR>[Calls]<UL><LI><a href="#[80]">&gt;&gt;</a>&nbsp;&nbsp;&nbsp;HAL_RTC_AlarmIRQHandler
</UL>
<BR>[Address Reference Count : 1]<UL><LI> startup_stm32f103xb.o(RESET)
</UL>
<P><STRONG><a name="[d]"></a>RTC_IRQHandler</STRONG> (Thumb, 6 bytes, Stack size 0 bytes, stm32f1xx_it.o(i.RTC_IRQHandler))
<BR><BR>[Stack]<UL><LI>Max Depth = 8<LI>Call Chain = RTC_IRQHandler &rArr; HAL_RTCEx_RTCIRQHandler
</UL>
<BR>[Calls]<UL><LI><a href="#[7a]">&gt;&gt;</a>&nbsp;&nbsp;&nbsp;HAL_RTCEx_RTCIRQHandler
</UL>
<BR>[Address Reference Count : 1]<UL><LI> startup_stm32f103xb.o(RESET)
</UL>
<P><STRONG><a name="[3b]"></a>SLEEP_Callback</STRONG> (Thumb, 20 bytes, Stack size 8 bytes, main.o(i.SLEEP_Callback))
<BR><BR>[Stack]<UL><LI>Max Depth = 104<LI>Call Chain = SLEEP_Callback &rArr; xEventGroupSetBitsFromISR &rArr; xTimerPendFunctionCallFromISR &rArr; xQueueGenericSendFromISR &rArr; prvCopyDataToQueue &rArr; xTaskPriorityDisinherit
</UL>
<BR>[Calls]<UL><LI><a href="#[59]">&gt;&gt;</a>&nbsp;&nbsp;&nbsp;xEventGroupSetBitsFromISR
</UL>
<BR>[Address Reference Count : 1]<UL><LI> main.o(i.main)
</UL>
<P><STRONG><a name="[3f]"></a>Set_Alarm</STRONG> (Thumb, 40 bytes, Stack size 16 bytes, main.o(i.Set_Alarm))
<BR><BR>[Stack]<UL><LI>Max Depth = 112<LI>Call Chain = Set_Alarm &rArr; xEventGroupSetBitsFromISR &rArr; xTimerPendFunctionCallFromISR &rArr; xQueueGenericSendFromISR &rArr; prvCopyDataToQueue &rArr; xTaskPriorityDisinherit
</UL>
<BR>[Calls]<UL><LI><a href="#[bc]">&gt;&gt;</a>&nbsp;&nbsp;&nbsp;xEventGroupWaitBits
<LI><a href="#[59]">&gt;&gt;</a>&nbsp;&nbsp;&nbsp;xEventGroupSetBitsFromISR
</UL>
<BR>[Address Reference Count : 1]<UL><LI> main.o(i.main)
</UL>
<P><STRONG><a name="[40]"></a>Set_Date</STRONG> (Thumb, 68 bytes, Stack size 16 bytes, main.o(i.Set_Date))
<BR><BR>[Stack]<UL><LI>Max Depth = 208<LI>Call Chain = Set_Date &rArr; Show_Date &rArr; ssd1306_UpdateScreen &rArr; ssd1306_WriteCommand &rArr; HAL_I2C_Mem_Write &rArr; I2C_RequestMemoryWrite &rArr; I2C_WaitOnMasterAddressFlagUntilTimeout
</UL>
<BR>[Calls]<UL><LI><a href="#[bc]">&gt;&gt;</a>&nbsp;&nbsp;&nbsp;xEventGroupWaitBits
<LI><a href="#[53]">&gt;&gt;</a>&nbsp;&nbsp;&nbsp;HAL_RTC_GetDate
<LI><a href="#[bd]">&gt;&gt;</a>&nbsp;&nbsp;&nbsp;Show_Date
</UL>
<BR>[Address Reference Count : 1]<UL><LI> main.o(i.main)
</UL>
<P><STRONG><a name="[3e]"></a>Set_Time</STRONG> (Thumb, 68 bytes, Stack size 16 bytes, main.o(i.Set_Time))
<BR><BR>[Stack]<UL><LI>Max Depth = 208<LI>Call Chain = Set_Time &rArr; Show_Time &rArr; ssd1306_UpdateScreen &rArr; ssd1306_WriteCommand &rArr; HAL_I2C_Mem_Write &rArr; I2C_RequestMemoryWrite &rArr; I2C_WaitOnMasterAddressFlagUntilTimeout
</UL>
<BR>[Calls]<UL><LI><a href="#[bc]">&gt;&gt;</a>&nbsp;&nbsp;&nbsp;xEventGroupWaitBits
<LI><a href="#[57]">&gt;&gt;</a>&nbsp;&nbsp;&nbsp;HAL_RTC_GetTime
<LI><a href="#[be]">&gt;&gt;</a>&nbsp;&nbsp;&nbsp;Show_Time
</UL>
<BR>[Address Reference Count : 1]<UL><LI> main.o(i.main)
</UL>
<P><STRONG><a name="[bd]"></a>Show_Date</STRONG> (Thumb, 70 bytes, Stack size 24 bytes, main.o(i.Show_Date))
<BR><BR>[Stack]<UL><LI>Max Depth = 192<LI>Call Chain = Show_Date &rArr; ssd1306_UpdateScreen &rArr; ssd1306_WriteCommand &rArr; HAL_I2C_Mem_Write &rArr; I2C_RequestMemoryWrite &rArr; I2C_WaitOnMasterAddressFlagUntilTimeout
</UL>
<BR>[Calls]<UL><LI><a href="#[56]">&gt;&gt;</a>&nbsp;&nbsp;&nbsp;ssd1306_WriteString
<LI><a href="#[58]">&gt;&gt;</a>&nbsp;&nbsp;&nbsp;ssd1306_UpdateScreen
<LI><a href="#[55]">&gt;&gt;</a>&nbsp;&nbsp;&nbsp;ssd1306_SetCursor
<LI><a href="#[52]">&gt;&gt;</a>&nbsp;&nbsp;&nbsp;ssd1306_Fill
<LI><a href="#[54]">&gt;&gt;</a>&nbsp;&nbsp;&nbsp;__2sprintf
</UL>
<BR>[Called By]<UL><LI><a href="#[40]">&gt;&gt;</a>&nbsp;&nbsp;&nbsp;Set_Date
</UL>

<P><STRONG><a name="[be]"></a>Show_Time</STRONG> (Thumb, 72 bytes, Stack size 24 bytes, main.o(i.Show_Time))
<BR><BR>[Stack]<UL><LI>Max Depth = 192<LI>Call Chain = Show_Time &rArr; ssd1306_UpdateScreen &rArr; ssd1306_WriteCommand &rArr; HAL_I2C_Mem_Write &rArr; I2C_RequestMemoryWrite &rArr; I2C_WaitOnMasterAddressFlagUntilTimeout
</UL>
<BR>[Calls]<UL><LI><a href="#[56]">&gt;&gt;</a>&nbsp;&nbsp;&nbsp;ssd1306_WriteString
<LI><a href="#[58]">&gt;&gt;</a>&nbsp;&nbsp;&nbsp;ssd1306_UpdateScreen
<LI><a href="#[55]">&gt;&gt;</a>&nbsp;&nbsp;&nbsp;ssd1306_SetCursor
<LI><a href="#[52]">&gt;&gt;</a>&nbsp;&nbsp;&nbsp;ssd1306_Fill
<LI><a href="#[54]">&gt;&gt;</a>&nbsp;&nbsp;&nbsp;__2sprintf
</UL>
<BR>[Called By]<UL><LI><a href="#[3e]">&gt;&gt;</a>&nbsp;&nbsp;&nbsp;Set_Time
</UL>

<P><STRONG><a name="[38]"></a>StartDefaultTask</STRONG> (Thumb, 8 bytes, Stack size 0 bytes, freertos.o(i.StartDefaultTask))
<BR><BR>[Stack]<UL><LI>Max Depth = 72 + In Cycle
<LI>Call Chain = StartDefaultTask &rArr;  StartDefaultTask (Cycle)
</UL>
<BR>[Calls]<UL><LI><a href="#[bf]">&gt;&gt;</a>&nbsp;&nbsp;&nbsp;osDelay
<LI><a href="#[38]">&gt;&gt;</a>&nbsp;&nbsp;&nbsp;StartDefaultTask
</UL>
<BR>[Called By]<UL><LI><a href="#[38]">&gt;&gt;</a>&nbsp;&nbsp;&nbsp;StartDefaultTask
</UL>
<BR>[Address Reference Count : 1]<UL><LI> freertos.o(i.MX_FREERTOS_Init)
</UL>
<P><STRONG><a name="[9]"></a>SysTick_Handler</STRONG> (Thumb, 38 bytes, Stack size 8 bytes, port.o(i.SysTick_Handler))
<BR><BR>[Stack]<UL><LI>Max Depth = 32<LI>Call Chain = SysTick_Handler &rArr; xTaskIncrementTick
</UL>
<BR>[Calls]<UL><LI><a href="#[c0]">&gt;&gt;</a>&nbsp;&nbsp;&nbsp;xTaskIncrementTick
</UL>
<BR>[Address Reference Count : 1]<UL><LI> startup_stm32f103xb.o(RESET)
</UL>
<P><STRONG><a name="[c1]"></a>SystemClock_Config</STRONG> (Thumb, 110 bytes, Stack size 88 bytes, main.o(i.SystemClock_Config))
<BR><BR>[Stack]<UL><LI>Max Depth = 184<LI>Call Chain = SystemClock_Config &rArr; HAL_RCC_ClockConfig &rArr; HAL_InitTick &rArr; HAL_TIM_Base_Init &rArr; HAL_TIM_Base_MspInit &rArr; HAL_NVIC_SetPriority
</UL>
<BR>[Calls]<UL><LI><a href="#[79]">&gt;&gt;</a>&nbsp;&nbsp;&nbsp;HAL_RCC_OscConfig
<LI><a href="#[77]">&gt;&gt;</a>&nbsp;&nbsp;&nbsp;HAL_RCC_ClockConfig
<LI><a href="#[76]">&gt;&gt;</a>&nbsp;&nbsp;&nbsp;HAL_RCCEx_PeriphCLKConfig
<LI><a href="#[b6]">&gt;&gt;</a>&nbsp;&nbsp;&nbsp;__aeabi_memclr4
</UL>
<BR>[Called By]<UL><LI><a href="#[35]">&gt;&gt;</a>&nbsp;&nbsp;&nbsp;main
</UL>

<P><STRONG><a name="[36]"></a>SystemInit</STRONG> (Thumb, 2 bytes, Stack size 0 bytes, system_stm32f1xx.o(i.SystemInit))
<BR>[Address Reference Count : 1]<UL><LI> startup_stm32f103xb.o(.text)
</UL>
<P><STRONG><a name="[25]"></a>TIM1_CC_IRQHandler</STRONG> (Thumb, 6 bytes, Stack size 0 bytes, stm32f1xx_it.o(i.TIM1_CC_IRQHandler))
<BR><BR>[Stack]<UL><LI>Max Depth = 128<LI>Call Chain = TIM1_CC_IRQHandler &rArr; HAL_TIM_IRQHandler &rArr; HAL_TIM_PWM_PulseFinishedCallback &rArr; xEventGroupSetBitsFromISR &rArr; xTimerPendFunctionCallFromISR &rArr; xQueueGenericSendFromISR &rArr; prvCopyDataToQueue &rArr; xTaskPriorityDisinherit
</UL>
<BR>[Calls]<UL><LI><a href="#[99]">&gt;&gt;</a>&nbsp;&nbsp;&nbsp;HAL_TIM_IRQHandler
</UL>
<BR>[Address Reference Count : 1]<UL><LI> startup_stm32f103xb.o(RESET)
</UL>
<P><STRONG><a name="[24]"></a>TIM1_TRG_COM_IRQHandler</STRONG> (Thumb, 6 bytes, Stack size 0 bytes, stm32f1xx_it.o(i.TIM1_TRG_COM_IRQHandler))
<BR><BR>[Stack]<UL><LI>Max Depth = 128<LI>Call Chain = TIM1_TRG_COM_IRQHandler &rArr; HAL_TIM_IRQHandler &rArr; HAL_TIM_PWM_PulseFinishedCallback &rArr; xEventGroupSetBitsFromISR &rArr; xTimerPendFunctionCallFromISR &rArr; xQueueGenericSendFromISR &rArr; prvCopyDataToQueue &rArr; xTaskPriorityDisinherit
</UL>
<BR>[Calls]<UL><LI><a href="#[99]">&gt;&gt;</a>&nbsp;&nbsp;&nbsp;HAL_TIM_IRQHandler
</UL>
<BR>[Address Reference Count : 1]<UL><LI> startup_stm32f103xb.o(RESET)
</UL>
<P><STRONG><a name="[23]"></a>TIM1_UP_IRQHandler</STRONG> (Thumb, 6 bytes, Stack size 0 bytes, stm32f1xx_it.o(i.TIM1_UP_IRQHandler))
<BR><BR>[Stack]<UL><LI>Max Depth = 128<LI>Call Chain = TIM1_UP_IRQHandler &rArr; HAL_TIM_IRQHandler &rArr; HAL_TIM_PWM_PulseFinishedCallback &rArr; xEventGroupSetBitsFromISR &rArr; xTimerPendFunctionCallFromISR &rArr; xQueueGenericSendFromISR &rArr; prvCopyDataToQueue &rArr; xTaskPriorityDisinherit
</UL>
<BR>[Calls]<UL><LI><a href="#[99]">&gt;&gt;</a>&nbsp;&nbsp;&nbsp;HAL_TIM_IRQHandler
</UL>
<BR>[Address Reference Count : 1]<UL><LI> startup_stm32f103xb.o(RESET)
</UL>
<P><STRONG><a name="[26]"></a>TIM2_IRQHandler</STRONG> (Thumb, 6 bytes, Stack size 0 bytes, stm32f1xx_it.o(i.TIM2_IRQHandler))
<BR><BR>[Stack]<UL><LI>Max Depth = 128<LI>Call Chain = TIM2_IRQHandler &rArr; HAL_TIM_IRQHandler &rArr; HAL_TIM_PWM_PulseFinishedCallback &rArr; xEventGroupSetBitsFromISR &rArr; xTimerPendFunctionCallFromISR &rArr; xQueueGenericSendFromISR &rArr; prvCopyDataToQueue &rArr; xTaskPriorityDisinherit
</UL>
<BR>[Calls]<UL><LI><a href="#[99]">&gt;&gt;</a>&nbsp;&nbsp;&nbsp;HAL_TIM_IRQHandler
</UL>
<BR>[Address Reference Count : 1]<UL><LI> startup_stm32f103xb.o(RESET)
</UL>
<P><STRONG><a name="[28]"></a>TIM4_IRQHandler</STRONG> (Thumb, 6 bytes, Stack size 0 bytes, stm32f1xx_it.o(i.TIM4_IRQHandler))
<BR><BR>[Stack]<UL><LI>Max Depth = 128<LI>Call Chain = TIM4_IRQHandler &rArr; HAL_TIM_IRQHandler &rArr; HAL_TIM_PWM_PulseFinishedCallback &rArr; xEventGroupSetBitsFromISR &rArr; xTimerPendFunctionCallFromISR &rArr; xQueueGenericSendFromISR &rArr; prvCopyDataToQueue &rArr; xTaskPriorityDisinherit
</UL>
<BR>[Calls]<UL><LI><a href="#[99]">&gt;&gt;</a>&nbsp;&nbsp;&nbsp;HAL_TIM_IRQHandler
</UL>
<BR>[Address Reference Count : 1]<UL><LI> startup_stm32f103xb.o(RESET)
</UL>
<P><STRONG><a name="[93]"></a>TIM_Base_SetConfig</STRONG> (Thumb, 94 bytes, Stack size 20 bytes, stm32f1xx_hal_tim.o(i.TIM_Base_SetConfig))
<BR><BR>[Stack]<UL><LI>Max Depth = 20<LI>Call Chain = TIM_Base_SetConfig
</UL>
<BR>[Called By]<UL><LI><a href="#[a7]">&gt;&gt;</a>&nbsp;&nbsp;&nbsp;HAL_TIM_PWM_Init
<LI><a href="#[71]">&gt;&gt;</a>&nbsp;&nbsp;&nbsp;HAL_TIM_Base_Init
</UL>

<P><STRONG><a name="[aa]"></a>TIM_CCxChannelCmd</STRONG> (Thumb, 26 bytes, Stack size 8 bytes, stm32f1xx_hal_tim.o(i.TIM_CCxChannelCmd))
<BR><BR>[Stack]<UL><LI>Max Depth = 8<LI>Call Chain = TIM_CCxChannelCmd
</UL>
<BR>[Called By]<UL><LI><a href="#[a9]">&gt;&gt;</a>&nbsp;&nbsp;&nbsp;HAL_TIM_PWM_Stop
<LI><a href="#[7f]">&gt;&gt;</a>&nbsp;&nbsp;&nbsp;HAL_TIM_PWM_Start_IT
<LI><a href="#[7e]">&gt;&gt;</a>&nbsp;&nbsp;&nbsp;HAL_TIM_PWM_Start
</UL>

<P><STRONG><a name="[95]"></a>TIM_ETR_SetConfig</STRONG> (Thumb, 20 bytes, Stack size 8 bytes, stm32f1xx_hal_tim.o(i.TIM_ETR_SetConfig))
<BR><BR>[Stack]<UL><LI>Max Depth = 8<LI>Call Chain = TIM_ETR_SetConfig
</UL>
<BR>[Called By]<UL><LI><a href="#[94]">&gt;&gt;</a>&nbsp;&nbsp;&nbsp;HAL_TIM_ConfigClockSource
</UL>

<P><STRONG><a name="[a4]"></a>TIM_OC2_SetConfig</STRONG> (Thumb, 84 bytes, Stack size 12 bytes, stm32f1xx_hal_tim.o(i.TIM_OC2_SetConfig))
<BR><BR>[Stack]<UL><LI>Max Depth = 12<LI>Call Chain = TIM_OC2_SetConfig
</UL>
<BR>[Called By]<UL><LI><a href="#[a2]">&gt;&gt;</a>&nbsp;&nbsp;&nbsp;HAL_TIM_PWM_ConfigChannel
</UL>

<P><STRONG><a name="[3a]"></a>Timer_Callback</STRONG> (Thumb, 496 bytes, Stack size 48 bytes, main.o(i.Timer_Callback))
<BR><BR>[Stack]<UL><LI>Max Depth = 200<LI>Call Chain = Timer_Callback &rArr; xTimerGenericCommand &rArr; xQueueGenericSend &rArr; xTaskResumeAll &rArr; xTaskIncrementTick
</UL>
<BR>[Calls]<UL><LI><a href="#[60]">&gt;&gt;</a>&nbsp;&nbsp;&nbsp;xTimerGenericCommand
<LI><a href="#[5f]">&gt;&gt;</a>&nbsp;&nbsp;&nbsp;xTaskGetTickCountFromISR
<LI><a href="#[59]">&gt;&gt;</a>&nbsp;&nbsp;&nbsp;xEventGroupSetBitsFromISR
<LI><a href="#[c2]">&gt;&gt;</a>&nbsp;&nbsp;&nbsp;xEventGroupGetBitsFromISR
<LI><a href="#[c3]">&gt;&gt;</a>&nbsp;&nbsp;&nbsp;xEventGroupClearBitsFromISR
<LI><a href="#[91]">&gt;&gt;</a>&nbsp;&nbsp;&nbsp;HAL_RTC_SetTime
<LI><a href="#[8f]">&gt;&gt;</a>&nbsp;&nbsp;&nbsp;HAL_RTC_SetDate
<LI><a href="#[c4]">&gt;&gt;</a>&nbsp;&nbsp;&nbsp;HAL_RTCEx_BKUPWrite
<LI><a href="#[bb]">&gt;&gt;</a>&nbsp;&nbsp;&nbsp;HAL_GPIO_ReadPin
<LI><a href="#[c5]">&gt;&gt;</a>&nbsp;&nbsp;&nbsp;setalarm
</UL>
<BR>[Address Reference Count : 1]<UL><LI> main.o(i.main)
</UL>
<P><STRONG><a name="[5]"></a>UsageFault_Handler</STRONG> (Thumb, 2 bytes, Stack size 0 bytes, stm32f1xx_it.o(i.UsageFault_Handler))
<BR><BR>[Calls]<UL><LI><a href="#[5]">&gt;&gt;</a>&nbsp;&nbsp;&nbsp;UsageFault_Handler
</UL>
<BR>[Called By]<UL><LI><a href="#[5]">&gt;&gt;</a>&nbsp;&nbsp;&nbsp;UsageFault_Handler
</UL>
<BR>[Address Reference Count : 1]<UL><LI> startup_stm32f103xb.o(RESET)
</UL>
<P><STRONG><a name="[c6]"></a>__0sprintf$1</STRONG> (Thumb, 34 bytes, Stack size 24 bytes, printf1.o(i.__0sprintf$1), UNUSED)
<BR><BR>[Calls]<UL><LI><a href="#[39]">&gt;&gt;</a>&nbsp;&nbsp;&nbsp;_sputc
<LI><a href="#[c7]">&gt;&gt;</a>&nbsp;&nbsp;&nbsp;_printf_core
</UL>

<P><STRONG><a name="[125]"></a>__1sprintf$1</STRONG> (Thumb, 0 bytes, Stack size 24 bytes, printf1.o(i.__0sprintf$1), UNUSED)

<P><STRONG><a name="[54]"></a>__2sprintf</STRONG> (Thumb, 0 bytes, Stack size 24 bytes, printf1.o(i.__0sprintf$1))
<BR><BR>[Stack]<UL><LI>Max Depth = 24<LI>Call Chain = __2sprintf
</UL>
<BR>[Called By]<UL><LI><a href="#[be]">&gt;&gt;</a>&nbsp;&nbsp;&nbsp;Show_Time
<LI><a href="#[bd]">&gt;&gt;</a>&nbsp;&nbsp;&nbsp;Show_Date
<LI><a href="#[50]">&gt;&gt;</a>&nbsp;&nbsp;&nbsp;Date
</UL>

<P><STRONG><a name="[126]"></a>__scatterload_copy</STRONG> (Thumb, 14 bytes, Stack size unknown bytes, handlers.o(i.__scatterload_copy), UNUSED)

<P><STRONG><a name="[127]"></a>__scatterload_null</STRONG> (Thumb, 2 bytes, Stack size unknown bytes, handlers.o(i.__scatterload_null), UNUSED)

<P><STRONG><a name="[128]"></a>__scatterload_zeroinit</STRONG> (Thumb, 14 bytes, Stack size unknown bytes, handlers.o(i.__scatterload_zeroinit), UNUSED)

<P><STRONG><a name="[35]"></a>main</STRONG> (Thumb, 228 bytes, Stack size 16 bytes, main.o(i.main))
<BR><BR>[Stack]<UL><LI>Max Depth = 200<LI>Call Chain = main &rArr; MX_FREERTOS_Init &rArr; osThreadNew &rArr; xTaskCreate &rArr; pvPortMalloc &rArr; xTaskResumeAll &rArr; xTaskIncrementTick
</UL>
<BR>[Calls]<UL><LI><a href="#[c9]">&gt;&gt;</a>&nbsp;&nbsp;&nbsp;xTimerCreate
<LI><a href="#[ca]">&gt;&gt;</a>&nbsp;&nbsp;&nbsp;xTaskCreate
<LI><a href="#[cb]">&gt;&gt;</a>&nbsp;&nbsp;&nbsp;xEventGroupCreate
<LI><a href="#[cd]">&gt;&gt;</a>&nbsp;&nbsp;&nbsp;osKernelStart
<LI><a href="#[cc]">&gt;&gt;</a>&nbsp;&nbsp;&nbsp;osKernelInitialize
<LI><a href="#[b9]">&gt;&gt;</a>&nbsp;&nbsp;&nbsp;MX_TIM2_Init
<LI><a href="#[b5]">&gt;&gt;</a>&nbsp;&nbsp;&nbsp;MX_TIM1_Init
<LI><a href="#[b4]">&gt;&gt;</a>&nbsp;&nbsp;&nbsp;MX_RTC_Init
<LI><a href="#[b2]">&gt;&gt;</a>&nbsp;&nbsp;&nbsp;MX_I2C1_Init
<LI><a href="#[b0]">&gt;&gt;</a>&nbsp;&nbsp;&nbsp;MX_GPIO_Init
<LI><a href="#[ae]">&gt;&gt;</a>&nbsp;&nbsp;&nbsp;MX_FREERTOS_Init
<LI><a href="#[6a]">&gt;&gt;</a>&nbsp;&nbsp;&nbsp;HAL_Init
<LI><a href="#[c1]">&gt;&gt;</a>&nbsp;&nbsp;&nbsp;SystemClock_Config
</UL>
<BR>[Address Reference Count : 1]<UL><LI> entry9a.o(.ARM.Collect$$$$0000000B)
</UL>
<P><STRONG><a name="[bf]"></a>osDelay</STRONG> (Thumb, 46 bytes, Stack size 8 bytes, cmsis_os2.o(i.osDelay))
<BR><BR>[Stack]<UL><LI>Max Depth = 72<LI>Call Chain = osDelay &rArr; vTaskDelay &rArr; xTaskResumeAll &rArr; xTaskIncrementTick
</UL>
<BR>[Calls]<UL><LI><a href="#[ce]">&gt;&gt;</a>&nbsp;&nbsp;&nbsp;vTaskDelay
</UL>
<BR>[Called By]<UL><LI><a href="#[38]">&gt;&gt;</a>&nbsp;&nbsp;&nbsp;StartDefaultTask
</UL>

<P><STRONG><a name="[cc]"></a>osKernelInitialize</STRONG> (Thumb, 50 bytes, Stack size 0 bytes, cmsis_os2.o(i.osKernelInitialize))
<BR><BR>[Called By]<UL><LI><a href="#[35]">&gt;&gt;</a>&nbsp;&nbsp;&nbsp;main
</UL>

<P><STRONG><a name="[cd]"></a>osKernelStart</STRONG> (Thumb, 58 bytes, Stack size 8 bytes, cmsis_os2.o(i.osKernelStart))
<BR><BR>[Stack]<UL><LI>Max Depth = 160<LI>Call Chain = osKernelStart &rArr; vTaskStartScheduler &rArr; xTimerCreateTimerTask &rArr; prvCheckForValidListAndQueue &rArr; xQueueGenericCreateStatic &rArr; prvInitialiseNewQueue &rArr; xQueueGenericReset &rArr; xTaskRemoveFromEventList
</UL>
[...]
</UL>

<P><STRONG><a name="[8e]"></a>RTC_Bcd2ToByte</STRONG> (Thumb, 18 bytes, Stack size 0 bytes, stm32f1xx_hal_rtc.o(i.RTC_Bcd2ToByte))
<BR><BR>[Called By]<UL><LI><a href="#[91]">&gt;&gt;</a>&nbsp;&nbsp;&nbsp;HAL_RTC_SetTime
<LI><a href="#[8f]">&gt;&gt;</a>&nbsp;&nbsp;&nbsp;HAL_RTC_SetDate
<LI><a href="#[8d]">&gt;&gt;</a>&nbsp;&nbsp;&nbsp;HAL_RTC_SetAlarm_IT
</UL>

<P><STRONG><a name="[81]"></a>RTC_ByteToBcd2</STRONG> (Thumb, 22 bytes, Stack size 0 bytes, stm32f1xx_hal_rtc.o(i.RTC_ByteToBcd2))
<BR><BR>[Called By]<UL><LI><a href="#[57]">&gt;&gt;</a>&nbsp;&nbsp;&nbsp;HAL_RTC_GetTime
<LI><a href="#[53]">&gt;&gt;</a>&nbsp;&nbsp;&nbsp;HAL_RTC_GetDate
</UL>

<P><STRONG><a name="[86]"></a>RTC_DateUpdate</STRONG> (Thumb, 174 bytes, Stack size 24 bytes, stm32f1xx_hal_rtc.o(i.RTC_DateUpdate))
<BR><BR>[Stack]<UL><LI>Max Depth = 44<LI>Call Chain = RTC_DateUpdate &rArr; RTC_WeekDayNum
</UL>
<BR>[Calls]<UL><LI><a href="#[90]">&gt;&gt;</a>&nbsp;&nbsp;&nbsp;RTC_WeekDayNum
</UL>
<BR>[Called By]<UL><LI><a href="#[57]">&gt;&gt;</a>&nbsp;&nbsp;&nbsp;HAL_RTC_GetTime
</UL>

<P><STRONG><a name="[8a]"></a>RTC_EnterInitMode</STRONG> (Thumb, 52 bytes, Stack size 16 bytes, stm32f1xx_hal_rtc.o(i.RTC_EnterInitMode))
<BR><BR>[Stack]<UL><LI>Max Depth = 16<LI>Call Chain = RTC_EnterInitMode
</UL>
<BR>[Calls]<UL><LI><a href="#[5c]">&gt;&gt;</a>&nbsp;&nbsp;&nbsp;HAL_GetTick
</UL>
<BR>[Called By]<UL><LI><a href="#[87]">&gt;&gt;</a>&nbsp;&nbsp;&nbsp;HAL_RTC_Init
<LI><a href="#[84]">&gt;&gt;</a>&nbsp;&nbsp;&nbsp;RTC_WriteTimeCounter
<LI><a href="#[85]">&gt;&gt;</a>&nbsp;&nbsp;&nbsp;RTC_WriteAlarmCounter
</UL>

<P><STRONG><a name="[8b]"></a>RTC_ExitInitMode</STRONG> (Thumb, 54 bytes, Stack size 16 bytes, stm32f1xx_hal_rtc.o(i.RTC_ExitInitMode))
<BR><BR>[Stack]<UL><LI>Max Depth = 16<LI>Call Chain = RTC_ExitInitMode
</UL>
<BR>[Calls]<UL><LI><a href="#[5c]">&gt;&gt;</a>&nbsp;&nbsp;&nbsp;HAL_GetTick
</UL>
<BR>[Called By]<UL><LI><a href="#[87]">&gt;&gt;</a>&nbsp;&nbsp;&nbsp;HAL_RTC_Init
<LI><a href="#[84]">&gt;&gt;</a>&nbsp;&nbsp;&nbsp;RTC_WriteTimeCounter
<LI><a href="#[85]">&gt;&gt;</a>&nbsp;&nbsp;&nbsp;RTC_WriteAlarmCounter
</UL>

<P><STRONG><a name="[83]"></a>RTC_ReadAlarmCounter</STRONG> (Thumb, 14 bytes, Stack size 0 bytes, stm32f1xx_hal_rtc.o(i.RTC_ReadAlarmCounter))
<BR><BR>[Called By]<UL><LI><a href="#[91]">&gt;&gt;</a>&nbsp;&nbsp;&nbsp;HAL_RTC_SetTime
<LI><a href="#[8f]">&gt;&gt;</a>&nbsp;&nbsp;&nbsp;HAL_RTC_SetDate
<LI><a href="#[57]">&gt;&gt;</a>&nbsp;&nbsp;&nbsp;HAL_RTC_GetTime
</UL>

<P><STRONG><a name="[82]"></a>RTC_ReadTimeCounter</STRONG> (Thumb, 32 bytes, Stack size 0 bytes, stm32f1xx_hal_rtc.o(i.RTC_ReadTimeCounter))
<BR><BR>[Called By]<UL><LI><a href="#[8f]">&gt;&gt;</a>&nbsp;&nbsp;&nbsp;HAL_RTC_SetDate
<LI><a href="#[57]">&gt;&gt;</a>&nbsp;&nbsp;&nbsp;HAL_RTC_GetTime
</UL>

<P><STRONG><a name="[90]"></a>RTC_WeekDayNum</STRONG> (Thumb, 86 bytes, Stack size 20 bytes, stm32f1xx_hal_rtc.o(i.RTC_WeekDayNum))
<BR><BR>[Stack]<UL><LI>Max Depth = 20<LI>Call Chain = RTC_WeekDayNum
</UL>
<BR>[Called By]<UL><LI><a href="#[8f]">&gt;&gt;</a>&nbsp;&nbsp;&nbsp;HAL_RTC_SetDate
<LI><a href="#[86]">&gt;&gt;</a>&nbsp;&nbsp;&nbsp;RTC_DateUpdate
</UL>

<P><STRONG><a name="[85]"></a>RTC_WriteAlarmCounter</STRONG> (Thumb, 40 bytes, Stack size 16 bytes, stm32f1xx_hal_rtc.o(i.RTC_WriteAlarmCounter))
<BR><BR>[Stack]<UL><LI>Max Depth = 32<LI>Call Chain = RTC_WriteAlarmCounter &rArr; RTC_ExitInitMode
</UL>
<BR>[Calls]<UL><LI><a href="#[8b]">&gt;&gt;</a>&nbsp;&nbsp;&nbsp;RTC_ExitInitMode
<LI><a href="#[8a]">&gt;&gt;</a>&nbsp;&nbsp;&nbsp;RTC_EnterInitMode
</UL>
<BR>[Called By]<UL><LI><a href="#[91]">&gt;&gt;</a>&nbsp;&nbsp;&nbsp;HAL_RTC_SetTime
<LI><a href="#[8f]">&gt;&gt;</a>&nbsp;&nbsp;&nbsp;HAL_RTC_SetDate
<LI><a href="#[8d]">&gt;&gt;</a>&nbsp;&nbsp;&nbsp;HAL_RTC_SetAlarm_IT
<LI><a href="#[57]">&gt;&gt;</a>&nbsp;&nbsp;&nbsp;HAL_RTC_GetTime
</UL>

<P><STRONG><a name="[84]"></a>RTC_WriteTimeCounter</STRONG> (Thumb, 40 bytes, Stack size 16 bytes, stm32f1xx_hal_rtc.o(i.RTC_WriteTimeCounter))
<BR><BR>[Stack]<UL><LI>Max Depth = 32<LI>Call Chain = RTC_WriteTimeCounter &rArr; RTC_ExitInitMode
</UL>
<BR>[Calls]<UL><LI><a href="#[8b]">&gt;&gt;</a>&nbsp;&nbsp;&nbsp;RTC_ExitInitMode
<LI><a href="#[8a]">&gt;&gt;</a>&nbsp;&nbsp;&nbsp;RTC_EnterInitMode
</UL>
<BR>[Called By]<UL><LI><a href="#[91]">&gt;&gt;</a>&nbsp;&nbsp;&nbsp;HAL_RTC_SetTime
<LI><a href="#[8f]">&gt;&gt;</a>&nbsp;&nbsp;&nbsp;HAL_RTC_SetDate
<LI><a href="#[57]">&gt;&gt;</a>&nbsp;&nbsp;&nbsp;HAL_RTC_GetTime
</UL>

<P><STRONG><a name="[98]"></a>TIM_ITRx_SetConfig</STRONG> (Thumb, 16 bytes, Stack size 0 bytes, stm32f1xx_hal_tim.o(i.TIM_ITRx_SetConfig))
<BR><BR>[Called By]<UL><LI><a href="#[94]">&gt;&gt;</a>&nbsp;&nbsp;&nbsp;HAL_TIM_ConfigClockSource
</UL>

<P><STRONG><a name="[a3]"></a>TIM_OC1_SetConfig</STRONG> (Thumb, 74 bytes, Stack size 12 bytes, stm32f1xx_hal_tim.o(i.TIM_OC1_SetConfig))
<BR><BR>[Stack]<UL><LI>Max Depth = 12<LI>Call Chain = TIM_OC1_SetConfig
</UL>
<BR>[Called By]<UL><LI><a href="#[a2]">&gt;&gt;</a>&nbsp;&nbsp;&nbsp;HAL_TIM_PWM_ConfigChannel
</UL>

<P><STRONG><a name="[a5]"></a>TIM_OC3_SetConfig</STRONG> (Thumb, 82 bytes, Stack size 12 bytes, stm32f1xx_hal_tim.o(i.TIM_OC3_SetConfig))
<BR><BR>[Stack]<UL><LI>Max Depth = 12<LI>Call Chain = TIM_OC3_SetConfig
</UL>
<BR>[Called By]<UL><LI><a href="#[a2]">&gt;&gt;</a>&nbsp;&nbsp;&nbsp;HAL_TIM_PWM_ConfigChannel
</UL>

<P><STRONG><a name="[a6]"></a>TIM_OC4_SetConfig</STRONG> (Thumb, 64 bytes, Stack size 12 bytes, stm32f1xx_hal_tim.o(i.TIM_OC4_SetConfig))
<BR><BR>[Stack]<UL><LI>Max Depth = 12<LI>Call Chain = TIM_OC4_SetConfig
</UL>
<BR>[Called By]<UL><LI><a href="#[a2]">&gt;&gt;</a>&nbsp;&nbsp;&nbsp;HAL_TIM_PWM_ConfigChannel
</UL>

<P><STRONG><a name="[96]"></a>TIM_TI1_ConfigInputStage</STRONG> (Thumb, 34 bytes, Stack size 8 bytes, stm32f1xx_hal_tim.o(i.TIM_TI1_ConfigInputStage))
<BR><BR>[Stack]<UL><LI>Max Depth = 8<LI>Call Chain = TIM_TI1_ConfigInputStage
</UL>
<BR>[Called By]<UL><LI><a href="#[94]">&gt;&gt;</a>&nbsp;&nbsp;&nbsp;HAL_TIM_ConfigClockSource
</UL>

<P><STRONG><a name="[97]"></a>TIM_TI2_ConfigInputStage</STRONG> (Thumb, 36 bytes, Stack size 8 bytes, stm32f1xx_hal_tim.o(i.TIM_TI2_ConfigInputStage))
<BR><BR>[Stack]<UL><LI>Max Depth = 8<LI>Call Chain = TIM_TI2_ConfigInputStage
</UL>
<BR>[Called By]<UL><LI><a href="#[94]">&gt;&gt;</a>&nbsp;&nbsp;&nbsp;HAL_TIM_ConfigClockSource
</UL>

<P><STRONG><a name="[10d]"></a>prvTestWaitCondition</STRONG> (Thumb, 20 bytes, Stack size 0 bytes, event_groups.o(i.prvTestWaitCondition))
<BR><BR>[Called By]<UL><LI><a href="#[bc]">&gt;&gt;</a>&nbsp;&nbsp;&nbsp;xEventGroupWaitBits
</UL>

<P><STRONG><a name="[dc]"></a>prvCopyDataFromQueue</STRONG> (Thumb, 38 bytes, Stack size 8 bytes, queue.o(i.prvCopyDataFromQueue))
<BR><BR>[Stack]<UL><LI>Max Depth = 8<LI>Call Chain = prvCopyDataFromQueue
</UL>
<BR>[Calls]<UL><LI><a href="#[dd]">&gt;&gt;</a>&nbsp;&nbsp;&nbsp;__aeabi_memcpy
</UL>
<BR>[Called By]<UL><LI><a href="#[ec]">&gt;&gt;</a>&nbsp;&nbsp;&nbsp;xQueueReceive
</UL>

<P><STRONG><a name="[de]"></a>prvCopyDataToQueue</STRONG> (Thumb, 108 bytes, Stack size 24 bytes, queue.o(i.prvCopyDataToQueue))
<BR><BR>[Stack]<UL><LI>Max Depth = 40<LI>Call Chain = prvCopyDataToQueue &rArr; xTaskPriorityDisinherit
</UL>
<BR>[Calls]<UL><LI><a href="#[df]">&gt;&gt;</a>&nbsp;&nbsp;&nbsp;xTaskPriorityDisinherit
<LI><a href="#[dd]">&gt;&gt;</a>&nbsp;&nbsp;&nbsp;__aeabi_memcpy
</UL>
<BR>[Called By]<UL><LI><a href="#[114]">&gt;&gt;</a>&nbsp;&nbsp;&nbsp;xQueueGenericSendFromISR
<LI><a href="#[111]">&gt;&gt;</a>&nbsp;&nbsp;&nbsp;xQueueGenericSend
</UL>

<P><STRONG><a name="[e2]"></a>prvInitialiseNewQueue</STRONG> (Thumb, 34 bytes, Stack size 16 bytes, queue.o(i.prvInitialiseNewQueue))
<BR><BR>[Stack]<UL><LI>Max Depth = 48<LI>Call Chain = prvInitialiseNewQueue &rArr; xQueueGenericReset &rArr; xTaskRemoveFromEventList
</UL>
<BR>[Calls]<UL><LI><a href="#[e3]">&gt;&gt;</a>&nbsp;&nbsp;&nbsp;xQueueGenericReset
</UL>
<BR>[Called By]<UL><LI><a href="#[da]">&gt;&gt;</a>&nbsp;&nbsp;&nbsp;xQueueGenericCreateStatic
</UL>

<P><STRONG><a name="[e9]"></a>prvIsQueueEmpty</STRONG> (Thumb, 28 bytes, Stack size 8 bytes, queue.o(i.prvIsQueueEmpty))
<BR><BR>[Stack]<UL><LI>Max Depth = 8<LI>Call Chain = prvIsQueueEmpty
</UL>
<BR>[Calls]<UL><LI><a href="#[d8]">&gt;&gt;</a>&nbsp;&nbsp;&nbsp;vPortExitCritical
<LI><a href="#[d6]">&gt;&gt;</a>&nbsp;&nbsp;&nbsp;vPortEnterCritical
</UL>
<BR>[Called By]<UL><LI><a href="#[ec]">&gt;&gt;</a>&nbsp;&nbsp;&nbsp;xQueueReceive
</UL>

<P><STRONG><a name="[f3]"></a>prvUnlockQueue</STRONG> (Thumb, 106 bytes, Stack size 24 bytes, queue.o(i.prvUnlockQueue))
<BR><BR>[Stack]<UL><LI>Max Depth = 40<LI>Call Chain = prvUnlockQueue &rArr; xTaskRemoveFromEventList
</UL>
<BR>[Calls]<UL><LI><a href="#[f4]">&gt;&gt;</a>&nbsp;&nbsp;&nbsp;xTaskRemoveFromEventList
<LI><a href="#[f5]">&gt;&gt;</a>&nbsp;&nbsp;&nbsp;vTaskMissedYield
<LI><a href="#[d8]">&gt;&gt;</a>&nbsp;&nbsp;&nbsp;vPortExitCritical
<LI><a href="#[d6]">&gt;&gt;</a>&nbsp;&nbsp;&nbsp;vPortEnterCritical
</UL>
<BR>[Called By]<UL><LI><a href="#[ec]">&gt;&gt;</a>&nbsp;&nbsp;&nbsp;xQueueReceive
<LI><a href="#[111]">&gt;&gt;</a>&nbsp;&nbsp;&nbsp;xQueueGenericSend
<LI><a href="#[f0]">&gt;&gt;</a>&nbsp;&nbsp;&nbsp;vQueueWaitForMessageRestricted
</UL>

<P><STRONG><a name="[d1]"></a>prvAddCurrentTaskToDelayedList</STRONG> (Thumb, 92 bytes, Stack size 24 bytes, tasks.o(i.prvAddCurrentTaskToDelayedList))
<BR><BR>[Stack]<UL><LI>Max Depth = 36<LI>Call Chain = prvAddCurrentTaskToDelayedList &rArr; vListInsert
</UL>
<BR>[Calls]<UL><LI><a href="#[d3]">&gt;&gt;</a>&nbsp;&nbsp;&nbsp;vListInsertEnd
<LI><a href="#[d4]">&gt;&gt;</a>&nbsp;&nbsp;&nbsp;vListInsert
<LI><a href="#[d2]">&gt;&gt;</a>&nbsp;&nbsp;&nbsp;uxListRemove
</UL>
<BR>[Called By]<UL><LI><a href="#[ce]">&gt;&gt;</a>&nbsp;&nbsp;&nbsp;vTaskDelay
<LI><a href="#[103]">&gt;&gt;</a>&nbsp;&nbsp;&nbsp;vTaskPlaceOnEventListRestricted
<LI><a href="#[105]">&gt;&gt;</a>&nbsp;&nbsp;&nbsp;vTaskPlaceOnEventList
<LI><a href="#[106]">&gt;&gt;</a>&nbsp;&nbsp;&nbsp;vTaskPlaceOnUnorderedEventList
</UL>

<P><STRONG><a name="[d5]"></a>prvAddNewTaskToReadyList</STRONG> (Thumb, 190 bytes, Stack size 24 bytes, tasks.o(i.prvAddNewTaskToReadyList))
<BR><BR>[Stack]<UL><LI>Max Depth = 24<LI>Call Chain = prvAddNewTaskToReadyList
</UL>
<BR>[Calls]<UL><LI><a href="#[d3]">&gt;&gt;</a>&nbsp;&nbsp;&nbsp;vListInsertEnd
<LI><a href="#[d8]">&gt;&gt;</a>&nbsp;&nbsp;&nbsp;vPortExitCritical
<LI><a href="#[d6]">&gt;&gt;</a>&nbsp;&nbsp;&nbsp;vPortEnterCritical
<LI><a href="#[d7]">&gt;&gt;</a>&nbsp;&nbsp;&nbsp;vListInitialise
</UL>
<BR>[Called By]<UL><LI><a href="#[ca]">&gt;&gt;</a>&nbsp;&nbsp;&nbsp;xTaskCreate
<LI><a href="#[d0]">&gt;&gt;</a>&nbsp;&nbsp;&nbsp;xTaskCreateStatic
</UL>

<P><STRONG><a name="[e0]"></a>prvDeleteTCB</STRONG> (Thumb, 52 bytes, Stack size 8 bytes, tasks.o(i.prvDeleteTCB))
<BR><BR>[Stack]<UL><LI>Max Depth = 80<LI>Call Chain = prvDeleteTCB &rArr; vPortFree &rArr; xTaskResumeAll &rArr; xTaskIncrementTick
</UL>
<BR>[Calls]<UL><LI><a href="#[e1]">&gt;&gt;</a>&nbsp;&nbsp;&nbsp;vPortFree
</UL>
<BR>[Called By]<UL><LI><a href="#[45]">&gt;&gt;</a>&nbsp;&nbsp;&nbsp;prvIdleTask
</UL>

<P><STRONG><a name="[45]"></a>prvIdleTask</STRONG> (Thumb, 82 bytes, Stack size 0 bytes, tasks.o(i.prvIdleTask))
<BR><BR>[Stack]<UL><LI>Max Depth = 80<LI>Call Chain = prvIdleTask &rArr; prvDeleteTCB &rArr; vPortFree &rArr; xTaskResumeAll &rArr; xTaskIncrementTick
</UL>
<BR>[Calls]<UL><LI><a href="#[e0]">&gt;&gt;</a>&nbsp;&nbsp;&nbsp;prvDeleteTCB
<LI><a href="#[d2]">&gt;&gt;</a>&nbsp;&nbsp;&nbsp;uxListRemove
<LI><a href="#[d8]">&gt;&gt;</a>&nbsp;&nbsp;&nbsp;vPortExitCritical
<LI><a href="#[d6]">&gt;&gt;</a>&nbsp;&nbsp;&nbsp;vPortEnterCritical
</UL>
<BR>[Address Reference Count : 1]<UL><LI> tasks.o(i.vTaskStartScheduler)
</UL>
<P><STRONG><a name="[e4]"></a>prvInitialiseNewTask</STRONG> (Thumb, 160 bytes, Stack size 32 bytes, tasks.o(i.prvInitialiseNewTask))
<BR><BR>[Stack]<UL><LI>Max Depth = 40<LI>Call Chain = prvInitialiseNewTask &rArr; pxPortInitialiseStack
</UL>
<BR>[Calls]<UL><LI><a href="#[e6]">&gt;&gt;</a>&nbsp;&nbsp;&nbsp;pxPortInitialiseStack
<LI><a href="#[e5]">&gt;&gt;</a>&nbsp;&nbsp;&nbsp;vListInitialiseItem
<LI><a href="#[4d]">&gt;&gt;</a>&nbsp;&nbsp;&nbsp;__aeabi_memset
</UL>
<BR>[Called By]<UL><LI><a href="#[ca]">&gt;&gt;</a>&nbsp;&nbsp;&nbsp;xTaskCreate
<LI><a href="#[d0]">&gt;&gt;</a>&nbsp;&nbsp;&nbsp;xTaskCreateStatic
</UL>

<P><STRONG><a name="[115]"></a>prvResetNextTaskUnblockTime</STRONG> (Thumb, 26 bytes, Stack size 0 bytes, tasks.o(i.prvResetNextTaskUnblockTime))
<BR><BR>[Called By]<UL><LI><a href="#[c0]">&gt;&gt;</a>&nbsp;&nbsp;&nbsp;xTaskIncrementTick
<LI><a href="#[ef]">&gt;&gt;</a>&nbsp;&nbsp;&nbsp;xTaskResumeAll
</UL>

<P><STRONG><a name="[d9]"></a>prvCheckForValidListAndQueue</STRONG> (Thumb, 72 bytes, Stack size 16 bytes, timers.o(i.prvCheckForValidListAndQueue))
<BR><BR>[Stack]<UL><LI>Max Depth = 80<LI>Call Chain = prvCheckForValidListAndQueue &rArr; xQueueGenericCreateStatic &rArr; prvInitialiseNewQueue &rArr; xQueueGenericReset &rArr; xTaskRemoveFromEventList
</UL>
<BR>[Calls]<UL><LI><a href="#[da]">&gt;&gt;</a>&nbsp;&nbsp;&nbsp;xQueueGenericCreateStatic
<LI><a href="#[db]">&gt;&gt;</a>&nbsp;&nbsp;&nbsp;vQueueAddToRegistry
<LI><a href="#[d8]">&gt;&gt;</a>&nbsp;&nbsp;&nbsp;vPortExitCritical
<LI><a href="#[d6]">&gt;&gt;</a>&nbsp;&nbsp;&nbsp;vPortEnterCritical
<LI><a href="#[d7]">&gt;&gt;</a>&nbsp;&nbsp;&nbsp;vListInitialise
</UL>
<BR>[Called By]<UL><LI><a href="#[e7]">&gt;&gt;</a>&nbsp;&nbsp;&nbsp;prvInitialiseNewTimer
<LI><a href="#[109]">&gt;&gt;</a>&nbsp;&nbsp;&nbsp;xTimerCreateTimerTask
</UL>

<P><STRONG><a name="[e7]"></a>prvInitialiseNewTimer</STRONG> (Thumb, 68 bytes, Stack size 32 bytes, timers.o(i.prvInitialiseNewTimer))
<BR><BR>[Stack]<UL><LI>Max Depth = 112<LI>Call Chain = prvInitialiseNewTimer &rArr; prvCheckForValidListAndQueue &rArr; xQueueGenericCreateStatic &rArr; prvInitialiseNewQueue &rArr; xQueueGenericReset &rArr; xTaskRemoveFromEventList
</UL>
<BR>[Calls]<UL><LI><a href="#[d9]">&gt;&gt;</a>&nbsp;&nbsp;&nbsp;prvCheckForValidListAndQueue
<LI><a href="#[e5]">&gt;&gt;</a>&nbsp;&nbsp;&nbsp;vListInitialiseItem
</UL>
<BR>[Called By]<UL><LI><a href="#[c9]">&gt;&gt;</a>&nbsp;&nbsp;&nbsp;xTimerCreate
</UL>

<P><STRONG><a name="[e8]"></a>prvInsertTimerInActiveList</STRONG> (Thumb, 52 bytes, Stack size 16 bytes, timers.o(i.prvInsertTimerInActiveList))
<BR><BR>[Stack]<UL><LI>Max Depth = 28<LI>Call Chain = prvInsertTimerInActiveList &rArr; vListInsert
</UL>
<BR>[Calls]<UL><LI><a href="#[d4]">&gt;&gt;</a>&nbsp;&nbsp;&nbsp;vListInsert
</UL>
<BR>[Called By]<UL><LI><a href="#[ed]">&gt;&gt;</a>&nbsp;&nbsp;&nbsp;prvProcessTimerOrBlockTask
<LI><a href="#[ea]">&gt;&gt;</a>&nbsp;&nbsp;&nbsp;prvProcessReceivedCommands
</UL>

<P><STRONG><a name="[ea]"></a>prvProcessReceivedCommands</STRONG> (Thumb, 198 bytes, Stack size 48 bytes, timers.o(i.prvProcessReceivedCommands))
<BR><BR>[Stack]<UL><LI>Max Depth = 240<LI>Call Chain = prvProcessReceivedCommands &rArr; prvSampleTimeNow &rArr; prvSwitchTimerLists &rArr; xTimerGenericCommand &rArr; xQueueGenericSend &rArr; xTaskResumeAll &rArr; xTaskIncrementTick
</UL>
<BR>[Calls]<UL><LI><a href="#[60]">&gt;&gt;</a>&nbsp;&nbsp;&nbsp;xTimerGenericCommand
<LI><a href="#[eb]">&gt;&gt;</a>&nbsp;&nbsp;&nbsp;prvSampleTimeNow
<LI><a href="#[e8]">&gt;&gt;</a>&nbsp;&nbsp;&nbsp;prvInsertTimerInActiveList
<LI><a href="#[ec]">&gt;&gt;</a>&nbsp;&nbsp;&nbsp;xQueueReceive
<LI><a href="#[d2]">&gt;&gt;</a>&nbsp;&nbsp;&nbsp;uxListRemove
<LI><a href="#[e1]">&gt;&gt;</a>&nbsp;&nbsp;&nbsp;vPortFree
</UL>
<BR>[Called By]<UL><LI><a href="#[48]">&gt;&gt;</a>&nbsp;&nbsp;&nbsp;prvTimerTask
</UL>

<P><STRONG><a name="[ed]"></a>prvProcessTimerOrBlockTask</STRONG> (Thumb, 172 bytes, Stack size 32 bytes, timers.o(i.prvProcessTimerOrBlockTask))
<BR><BR>[Stack]<UL><LI>Max Depth = 224<LI>Call Chain = prvProcessTimerOrBlockTask &rArr; prvSampleTimeNow &rArr; prvSwitchTimerLists &rArr; xTimerGenericCommand &rArr; xQueueGenericSend &rArr; xTaskResumeAll &rArr; xTaskIncrementTick
</UL>
<BR>[Calls]<UL><LI><a href="#[60]">&gt;&gt;</a>&nbsp;&nbsp;&nbsp;xTimerGenericCommand
<LI><a href="#[eb]">&gt;&gt;</a>&nbsp;&nbsp;&nbsp;prvSampleTimeNow
<LI><a href="#[e8]">&gt;&gt;</a>&nbsp;&nbsp;&nbsp;prvInsertTimerInActiveList
<LI><a href="#[f0]">&gt;&gt;</a>&nbsp;&nbsp;&nbsp;vQueueWaitForMessageRestricted
<LI><a href="#[d2]">&gt;&gt;</a>&nbsp;&nbsp;&nbsp;uxListRemove
<LI><a href="#[ef]">&gt;&gt;</a>&nbsp;&nbsp;&nbsp;xTaskResumeAll
<LI><a href="#[ee]">&gt;&gt;</a>&nbsp;&nbsp;&nbsp;vTaskSuspendAll
</UL>
<BR>[Called By]<UL><LI><a href="#[48]">&gt;&gt;</a>&nbsp;&nbsp;&nbsp;prvTimerTask
</UL>

<P><STRONG><a name="[eb]"></a>prvSampleTimeNow</STRONG> (Thumb, 36 bytes, Stack size 16 bytes, timers.o(i.prvSampleTimeNow))
<BR><BR>[Stack]<UL><LI>Max Depth = 192<LI>Call Chain = prvSampleTimeNow &rArr; prvSwitchTimerLists &rArr; xTimerGenericCommand &rArr; xQueueGenericSend &rArr; xTaskResumeAll &rArr; xTaskIncrementTick
</UL>
<BR>[Calls]<UL><LI><a href="#[f2]">&gt;&gt;</a>&nbsp;&nbsp;&nbsp;prvSwitchTimerLists
<LI><a href="#[f1]">&gt;&gt;</a>&nbsp;&nbsp;&nbsp;xTaskGetTickCount
</UL>
<BR>[Called By]<UL><LI><a href="#[ed]">&gt;&gt;</a>&nbsp;&nbsp;&nbsp;prvProcessTimerOrBlockTask
<LI><a href="#[ea]">&gt;&gt;</a>&nbsp;&nbsp;&nbsp;prvProcessReceivedCommands
</UL>

<P><STRONG><a name="[f2]"></a>prvSwitchTimerLists</STRONG> (Thumb, 102 bytes, Stack size 24 bytes, timers.o(i.prvSwitchTimerLists))
<BR><BR>[Stack]<UL><LI>Max Depth = 176<LI>Call Chain = prvSwitchTimerLists &rArr; xTimerGenericCommand &rArr; xQueueGenericSend &rArr; xTaskResumeAll &rArr; xTaskIncrementTick
</UL>
<BR>[Calls]<UL><LI><a href="#[60]">&gt;&gt;</a>&nbsp;&nbsp;&nbsp;xTimerGenericCommand
<LI><a href="#[d4]">&gt;&gt;</a>&nbsp;&nbsp;&nbsp;vListInsert
<LI><a href="#[d2]">&gt;&gt;</a>&nbsp;&nbsp;&nbsp;uxListRemove
</UL>
<BR>[Called By]<UL><LI><a href="#[eb]">&gt;&gt;</a>&nbsp;&nbsp;&nbsp;prvSampleTimeNow
</UL>

<P><STRONG><a name="[48]"></a>prvTimerTask</STRONG> (Thumb, 32 bytes, Stack size 0 bytes, timers.o(i.prvTimerTask))
<BR><BR>[Stack]<UL><LI>Max Depth = 240<LI>Call Chain = prvTimerTask &rArr; prvProcessReceivedCommands &rArr; prvSampleTimeNow &rArr; prvSwitchTimerLists &rArr; xTimerGenericCommand &rArr; xQueueGenericSend &rArr; xTaskResumeAll &rArr; xTaskIncrementTick
</UL>
<BR>[Calls]<UL><LI><a href="#[ed]">&gt;&gt;</a>&nbsp;&nbsp;&nbsp;prvProcessTimerOrBlockTask
<LI><a href="#[ea]">&gt;&gt;</a>&nbsp;&nbsp;&nbsp;prvProcessReceivedCommands
</UL>
<BR>[Address Reference Count : 1]<UL><LI> timers.o(i.xTimerCreateTimerTask)
</UL>
<P><STRONG><a name="[f7]"></a>prvHeapInit</STRONG> (Thumb, 66 bytes, Stack size 0 bytes, heap_4.o(i.prvHeapInit))
<BR><BR>[Called By]<UL><LI><a href="#[f6]">&gt;&gt;</a>&nbsp;&nbsp;&nbsp;pvPortMalloc
</UL>

<P><STRONG><a name="[f8]"></a>prvInsertBlockIntoFreeList</STRONG> (Thumb, 72 bytes, Stack size 12 bytes, heap_4.o(i.prvInsertBlockIntoFreeList))
<BR><BR>[Stack]<UL><LI>Max Depth = 12<LI>Call Chain = prvInsertBlockIntoFreeList
</UL>
<BR>[Called By]<UL><LI><a href="#[e1]">&gt;&gt;</a>&nbsp;&nbsp;&nbsp;vPortFree
<LI><a href="#[f6]">&gt;&gt;</a>&nbsp;&nbsp;&nbsp;pvPortMalloc
</UL>

<P><STRONG><a name="[44]"></a>prvTaskExitError</STRONG> (Thumb, 36 bytes, Stack size 0 bytes, port.o(i.prvTaskExitError))
<BR>[Address Reference Count : 1]<UL><LI> port.o(i.pxPortInitialiseStack)
</UL>
<P><STRONG><a name="[c7]"></a>_printf_core</STRONG> (Thumb, 336 bytes, Stack size 88 bytes, printf1.o(i._printf_core), UNUSED)
<BR><BR>[Calls]<UL><LI><a href="#[c8]">&gt;&gt;</a>&nbsp;&nbsp;&nbsp;__aeabi_uidivmod
</UL>
<BR>[Called By]<UL><LI><a href="#[c6]">&gt;&gt;</a>&nbsp;&nbsp;&nbsp;__0sprintf$1
</UL>

<P><STRONG><a name="[39]"></a>_sputc</STRONG> (Thumb, 10 bytes, Stack size 0 bytes, printf1.o(i._sputc))
<BR><BR>[Called By]<UL><LI><a href="#[c6]">&gt;&gt;</a>&nbsp;&nbsp;&nbsp;__0sprintf$1
</UL>
<BR>[Address Reference Count : 1]<UL><LI> printf1.o(i.__0sprintf$1)
</UL><P>
<H3>
Undefined Global Symbols
</H3><HR></body></html>
