<html>
<body>
<pre>
<h1>µVision Build Log</h1>
<h2>Tool Versions:</h2>
IDE-Version: µVision V5.33.0.0
Copyright (C) 2020 ARM Ltd and ARM Germany GmbH. All rights reserved.
License Information: Med BS, Student, LIC=----
 
Tool Versions:
Toolchain:       MDK-Lite  Version: 5.33.0.0
Toolchain Path:  C:\Keil_v5\ARM\ARMCC\Bin
C Compiler:      Armcc.exe V5.06 update 7 (build 960)
Assembler:       Armasm.exe V5.06 update 7 (build 960)
Linker/Locator:  ArmLink.exe V5.06 update 7 (build 960)
Library Manager: ArmAr.exe V5.06 update 7 (build 960)
Hex Converter:   FromElf.exe V5.06 update 7 (build 960)
CPU DLL:         SARMCM3.DLL V5.33.0.0
Dialog DLL:      DCM.DLL V1.17.3.0
Target DLL:      STLink\ST-LINKIII-KEIL_SWO.dll V3.0.8.0
Dialog DLL:      TCM.DLL V1.48.0.0
 
<h2>Project:</h2>
C:\Users\T470S\Desktop\Test\DigitalClock\MDK-ARM\OLED.uvprojx
Project File Date:  07/12/2021

<h2>Output:</h2>
*** Using Compiler 'V5.06 update 7 (build 960)', folder: 'C:\Keil_v5\ARM\ARMCC\Bin'
Rebuild target 'OLED'
assembling startup_stm32f103xb.s...
compiling ssd1306_fonts.c...
compiling mpu6050.c...
compiling ssd1306.c...
../Core/Inc/ssd1306.h(158): warning:  #1295-D: Deprecated declaration ssd1306_GetDisplayOn - give arg types
  uint8_t ssd1306_GetDisplayOn();
..\Core\Src\ssd1306.c: 1 warning, 0 errors
compiling main.c...
../Core/Inc/ssd1306.h(158): warning:  #1295-D: Deprecated declaration ssd1306_GetDisplayOn - give arg types
  uint8_t ssd1306_GetDisplayOn();
../Core/Src/main.c(141): warning:  #223-D: function "sprintf" declared implicitly
  	sprintf(buffer,"%d/%d/%d",datebuff.Date,datebuff.Month,datebuff.Year);
../Core/Src/main.c(375): warning:  #177-D: variable "buff"  was declared but never referenced
  		char buff[10] ;
../Core/Src/main.c(399): warning:  #177-D: variable "buff"  was declared but never referenced
  		char buff[10] ;
../Core/Src/main.c(401): warning:  #177-D: variable "timebuff"  was declared but never referenced
  		RTC_TimeTypeDef timebuff;
../Core/Src/main.c(470): warning:  #223-D: function "sprintf" declared implicitly
  			sprintf(buff,"%d/%d/%d",Day_,Month_,Year_);
../Core/Src/main.c(482): warning:  #223-D: function "sprintf" declared implicitly
  			sprintf(buff,"%dh:%dm:%ds",Hours_,Mins_,Secs_);
../Core/Src/main.c: 7 warnings, 0 errors
compiling gpio.c...
compiling i2c.c...
compiling freertos.c...
compiling rtc.c...
../Core/Src/rtc.c(39): warning:  #550-D: variable "sAlarm"  was set but never used
    RTC_AlarmTypeDef sAlarm = {0};
../Core/Src/rtc.c: 1 warning, 0 errors
compiling stm32f1xx_it.c...
compiling tim.c...
compiling stm32f1xx_hal_timebase_tim.c...
compiling stm32f1xx_hal_gpio_ex.c...
compiling stm32f1xx_hal_msp.c...
compiling stm32f1xx_hal.c...
compiling stm32f1xx_hal_rcc_ex.c...
compiling stm32f1xx_hal_rcc.c...
compiling stm32f1xx_hal_gpio.c...
compiling stm32f1xx_hal_cortex.c...
compiling stm32f1xx_hal_dma.c...
compiling stm32f1xx_hal_pwr.c...
compiling stm32f1xx_hal_flash_ex.c...
compiling stm32f1xx_hal_flash.c...
compiling stm32f1xx_hal_exti.c...
compiling stm32f1xx_hal_rtc.c...
compiling stm32f1xx_hal_i2c.c...
compiling stm32f1xx_hal_rtc_ex.c...
compiling stm32f1xx_hal_tim_ex.c...
compiling croutine.c...
compiling stm32f1xx_hal_tim.c...
compiling list.c...
compiling event_groups.c...
compiling system_stm32f1xx.c...
compiling stream_buffer.c...
compiling queue.c...
compiling timers.c...
compiling heap_4.c...
compiling tasks.c...
compiling port.c...
compiling cmsis_os2.c...
linking...
Program Size: Code=20672 RO-data=5660 RW-data=212 ZI-data=9748  
FromELF: creating hex file...
"OLED\OLED.axf" - 0 Error(s), 9 Warning(s).

<h2>Software Packages used:</h2>

Package Vendor: ARM
                http://www.keil.com/pack/ARM.CMSIS.5.7.0.pack
                ARM.CMSIS.5.7.0
                CMSIS (Cortex Microcontroller Software Interface Standard)
   * Component: CORE Version: 5.4.0

Package Vendor: Keil
                http://www.keil.com/pack/Keil.STM32F1xx_DFP.2.3.0.pack
                Keil.STM32F1xx_DFP.2.3.0
                STMicroelectronics STM32F1 Series Device Support, Drivers and Examples

<h2>Collection of Component include folders:</h2>
  .\RTE\_OLED
  C:\Users\T470S\AppData\Local\Arm\Packs\ARM\CMSIS\5.7.0\CMSIS\Core\Include
  C:\Users\T470S\AppData\Local\Arm\Packs\Keil\STM32F1xx_DFP\2.3.0\Device\Include

<h2>Collection of Component Files used:</h2>

   * Component: ARM::CMSIS:CORE:5.4.0
      Include file:  CMSIS\Core\Include\tz_context.h
Build Time Elapsed:  00:00:41
</pre>
</body>
</html>
