Component: ARM Compiler 5.06 update 7 (build 960) Tool: armlink [4d3601]

==============================================================================

Section Cross References

    startup_stm32f103xb.o(RESET) refers to startup_stm32f103xb.o(STACK) for __initial_sp
    startup_stm32f103xb.o(RESET) refers to startup_stm32f103xb.o(.text) for Reset_Handler
    startup_stm32f103xb.o(RESET) refers to stm32f1xx_it.o(i.NMI_Handler) for NMI_Handler
    startup_stm32f103xb.o(RESET) refers to stm32f1xx_it.o(i.HardFault_Handler) for HardFault_Handler
    startup_stm32f103xb.o(RESET) refers to stm32f1xx_it.o(i.MemManage_Handler) for MemManage_Handler
    startup_stm32f103xb.o(RESET) refers to stm32f1xx_it.o(i.BusFault_Handler) for BusFault_Handler
    startup_stm32f103xb.o(RESET) refers to stm32f1xx_it.o(i.UsageFault_Handler) for UsageFault_Handler
    startup_stm32f103xb.o(RESET) refers to port.o(.emb_text) for SVC_Handler
    startup_stm32f103xb.o(RESET) refers to stm32f1xx_it.o(i.DebugMon_Handler) for DebugMon_Handler
    startup_stm32f103xb.o(RESET) refers to port.o(i.SysTick_Handler) for SysTick_Handler
    startup_stm32f103xb.o(RESET) refers to stm32f1xx_it.o(i.RTC_IRQHandler) for RTC_IRQHandler
    startup_stm32f103xb.o(RESET) refers to stm32f1xx_it.o(i.TIM1_UP_IRQHandler) for TIM1_UP_IRQHandler
    startup_stm32f103xb.o(RESET) refers to stm32f1xx_it.o(i.TIM1_TRG_COM_IRQHandler) for TIM1_TRG_COM_IRQHandler
    startup_stm32f103xb.o(RESET) refers to stm32f1xx_it.o(i.TIM1_CC_IRQHandler) for TIM1_CC_IRQHandler
    startup_stm32f103xb.o(RESET) refers to stm32f1xx_it.o(i.TIM2_IRQHandler) for TIM2_IRQHandler
    startup_stm32f103xb.o(RESET) refers to stm32f1xx_it.o(i.TIM4_IRQHandler) for TIM4_IRQHandler
    startup_stm32f103xb.o(RESET) refers to stm32f1xx_it.o(i.EXTI15_10_IRQHandler) for EXTI15_10_IRQHandler
    startup_stm32f103xb.o(RESET) refers to stm32f1xx_it.o(i.RTC_Alarm_IRQHandler) for RTC_Alarm_IRQHandler
    startup_stm32f103xb.o(.text) refers to system_stm32f1xx.o(i.SystemInit) for SystemInit
    startup_stm32f103xb.o(.text) refers to entry.o(.ARM.Collect$$$$00000000) for __main
    mpu6050.o(i.Kalman_getAngle) refers to dadd.o(.text) for __aeabi_dsub
    mpu6050.o(i.Kalman_getAngle) refers to dmul.o(.text) for __aeabi_dmul
    mpu6050.o(i.Kalman_getAngle) refers to ddiv.o(.text) for __aeabi_ddiv
    mpu6050.o(i.MPU6050_Init) refers to stm32f1xx_hal_i2c.o(i.HAL_I2C_Mem_Read) for HAL_I2C_Mem_Read
    mpu6050.o(i.MPU6050_Init) refers to stm32f1xx_hal_i2c.o(i.HAL_I2C_Mem_Write) for HAL_I2C_Mem_Write
    mpu6050.o(i.MPU6050_Read_Accel) refers to stm32f1xx_hal_i2c.o(i.HAL_I2C_Mem_Read) for HAL_I2C_Mem_Read
    mpu6050.o(i.MPU6050_Read_Accel) refers to dflti.o(.text) for __aeabi_i2d
    mpu6050.o(i.MPU6050_Read_Accel) refers to dscalb.o(.text) for __ARM_scalbn
    mpu6050.o(i.MPU6050_Read_Accel) refers to ddiv.o(.text) for __aeabi_ddiv
    mpu6050.o(i.MPU6050_Read_All) refers to stm32f1xx_hal_i2c.o(i.HAL_I2C_Mem_Read) for HAL_I2C_Mem_Read
    mpu6050.o(i.MPU6050_Read_All) refers to dflti.o(.text) for __aeabi_i2d
    mpu6050.o(i.MPU6050_Read_All) refers to dscalb.o(.text) for __ARM_scalbn
    mpu6050.o(i.MPU6050_Read_All) refers to ddiv.o(.text) for __aeabi_ddiv
    mpu6050.o(i.MPU6050_Read_All) refers to fflti.o(.text) for __aeabi_i2f
    mpu6050.o(i.MPU6050_Read_All) refers to fdiv.o(.text) for __aeabi_fdiv
    mpu6050.o(i.MPU6050_Read_All) refers to fadd.o(.text) for __aeabi_fadd
    mpu6050.o(i.MPU6050_Read_All) refers to stm32f1xx_hal.o(i.HAL_GetTick) for HAL_GetTick
    mpu6050.o(i.MPU6050_Read_All) refers to dfltui.o(.text) for __aeabi_ui2d
    mpu6050.o(i.MPU6050_Read_All) refers to sqrt.o(i.sqrt) for sqrt
    mpu6050.o(i.MPU6050_Read_All) refers to cdcmple.o(.text) for __aeabi_cdcmpeq
    mpu6050.o(i.MPU6050_Read_All) refers to atan.o(i.atan) for atan
    mpu6050.o(i.MPU6050_Read_All) refers to dmul.o(.text) for __aeabi_dmul
    mpu6050.o(i.MPU6050_Read_All) refers to atan2.o(i.atan2) for atan2
    mpu6050.o(i.MPU6050_Read_All) refers to cdrcmple.o(.text) for __aeabi_cdrcmple
    mpu6050.o(i.MPU6050_Read_All) refers to mpu6050.o(i.Kalman_getAngle) for Kalman_getAngle
    mpu6050.o(i.MPU6050_Read_All) refers to mpu6050.o(.data) for .data
    mpu6050.o(i.MPU6050_Read_Gyro) refers to stm32f1xx_hal_i2c.o(i.HAL_I2C_Mem_Read) for HAL_I2C_Mem_Read
    mpu6050.o(i.MPU6050_Read_Gyro) refers to dflti.o(.text) for __aeabi_i2d
    mpu6050.o(i.MPU6050_Read_Gyro) refers to ddiv.o(.text) for __aeabi_ddiv
    mpu6050.o(i.MPU6050_Read_Temp) refers to stm32f1xx_hal_i2c.o(i.HAL_I2C_Mem_Read) for HAL_I2C_Mem_Read
    mpu6050.o(i.MPU6050_Read_Temp) refers to fflti.o(.text) for __aeabi_i2f
    mpu6050.o(i.MPU6050_Read_Temp) refers to fdiv.o(.text) for __aeabi_fdiv
    mpu6050.o(i.MPU6050_Read_Temp) refers to fadd.o(.text) for __aeabi_fadd
    ssd1306.o(i.ssd1306_DegToRad) refers to f2d.o(.text) for __aeabi_f2d
    ssd1306.o(i.ssd1306_DegToRad) refers to dmul.o(.text) for __aeabi_dmul
[...]
    i.__0sprintf$1                           0x08002f98   Section        0  printf1.o(i.__0sprintf$1)
    i.__NVIC_SetPriority                     0x08002fc0   Section        0  stm32f1xx_hal_cortex.o(i.__NVIC_SetPriority)
    __NVIC_SetPriority                       0x08002fc1   Thumb Code    32  stm32f1xx_hal_cortex.o(i.__NVIC_SetPriority)
    i.__scatterload_copy                     0x08002fe0   Section       14  handlers.o(i.__scatterload_copy)
    i.__scatterload_null                     0x08002fee   Section        2  handlers.o(i.__scatterload_null)
    i.__scatterload_zeroinit                 0x08002ff0   Section       14  handlers.o(i.__scatterload_zeroinit)
    i._printf_core                           0x08003000   Section        0  printf1.o(i._printf_core)
    _printf_core                             0x08003001   Thumb Code   336  printf1.o(i._printf_core)
    i._sputc                                 0x08003154   Section        0  printf1.o(i._sputc)
    _sputc                                   0x08003155   Thumb Code    10  printf1.o(i._sputc)
    i.main                                   0x08003160   Section        0  main.o(i.main)
    i.osDelay                                0x080032cc   Section        0  cmsis_os2.o(i.osDelay)
    i.osKernelInitialize                     0x08003300   Section        0  cmsis_os2.o(i.osKernelInitialize)
    i.osKernelStart                          0x08003338   Section        0  cmsis_os2.o(i.osKernelStart)
    i.osThreadNew                            0x08003378   Section        0  cmsis_os2.o(i.osThreadNew)
    i.prvAddCurrentTaskToDelayedList         0x0800341c   Section        0  tasks.o(i.prvAddCurrentTaskToDelayedList)
    prvAddCurrentTaskToDelayedList           0x0800341d   Thumb Code    92  tasks.o(i.prvAddCurrentTaskToDelayedList)
    i.prvAddNewTaskToReadyList               0x08003480   Section        0  tasks.o(i.prvAddNewTaskToReadyList)
    prvAddNewTaskToReadyList                 0x08003481   Thumb Code   190  tasks.o(i.prvAddNewTaskToReadyList)
    i.prvCheckForValidListAndQueue           0x08003550   Section        0  timers.o(i.prvCheckForValidListAndQueue)
    prvCheckForValidListAndQueue             0x08003551   Thumb Code    72  timers.o(i.prvCheckForValidListAndQueue)
    i.prvCopyDataFromQueue                   0x080035a8   Section        0  queue.o(i.prvCopyDataFromQueue)
    prvCopyDataFromQueue                     0x080035a9   Thumb Code    38  queue.o(i.prvCopyDataFromQueue)
    i.prvCopyDataToQueue                     0x080035ce   Section        0  queue.o(i.prvCopyDataToQueue)
    prvCopyDataToQueue                       0x080035cf   Thumb Code   108  queue.o(i.prvCopyDataToQueue)
    i.prvDeleteTCB                           0x0800363a   Section        0  tasks.o(i.prvDeleteTCB)
    prvDeleteTCB                             0x0800363b   Thumb Code    52  tasks.o(i.prvDeleteTCB)
    i.prvHeapInit                            0x08003670   Section        0  heap_4.o(i.prvHeapInit)
    prvHeapInit                              0x08003671   Thumb Code    66  heap_4.o(i.prvHeapInit)
    i.prvIdleTask                            0x080036bc   Section        0  tasks.o(i.prvIdleTask)
    prvIdleTask                              0x080036bd   Thumb Code    82  tasks.o(i.prvIdleTask)
    i.prvInitialiseNewQueue                  0x0800371c   Section        0  queue.o(i.prvInitialiseNewQueue)
    prvInitialiseNewQueue                    0x0800371d   Thumb Code    34  queue.o(i.prvInitialiseNewQueue)
    i.prvInitialiseNewTask                   0x0800373e   Section        0  tasks.o(i.prvInitialiseNewTask)
    prvInitialiseNewTask                     0x0800373f   Thumb Code   160  tasks.o(i.prvInitialiseNewTask)
    i.prvInitialiseNewTimer                  0x080037de   Section        0  timers.o(i.prvInitialiseNewTimer)
    prvInitialiseNewTimer                    0x080037df   Thumb Code    68  timers.o(i.prvInitialiseNewTimer)
    i.prvInsertBlockIntoFreeList             0x08003824   Section        0  heap_4.o(i.prvInsertBlockIntoFreeList)
    prvInsertBlockIntoFreeList               0x08003825   Thumb Code    72  heap_4.o(i.prvInsertBlockIntoFreeList)
    i.prvInsertTimerInActiveList             0x08003870   Section        0  timers.o(i.prvInsertTimerInActiveList)
    prvInsertTimerInActiveList               0x08003871   Thumb Code    52  timers.o(i.prvInsertTimerInActiveList)
    i.prvIsQueueEmpty                        0x080038a8   Section        0  queue.o(i.prvIsQueueEmpty)
    prvIsQueueEmpty                          0x080038a9   Thumb Code    28  queue.o(i.prvIsQueueEmpty)
    i.prvProcessReceivedCommands             0x080038c4   Section        0  timers.o(i.prvProcessReceivedCommands)
    prvProcessReceivedCommands               0x080038c5   Thumb Code   198  timers.o(i.prvProcessReceivedCommands)
    i.prvProcessTimerOrBlockTask             0x08003990   Section        0  timers.o(i.prvProcessTimerOrBlockTask)
    prvProcessTimerOrBlockTask               0x08003991   Thumb Code   172  timers.o(i.prvProcessTimerOrBlockTask)
    i.prvResetNextTaskUnblockTime            0x08003a44   Section        0  tasks.o(i.prvResetNextTaskUnblockTime)
    prvResetNextTaskUnblockTime              0x08003a45   Thumb Code    26  tasks.o(i.prvResetNextTaskUnblockTime)
    i.prvSampleTimeNow                       0x08003a64   Section        0  timers.o(i.prvSampleTimeNow)
    prvSampleTimeNow                         0x08003a65   Thumb Code    36  timers.o(i.prvSampleTimeNow)
    i.prvSwitchTimerLists                    0x08003a8c   Section        0  timers.o(i.prvSwitchTimerLists)
    prvSwitchTimerLists                      0x08003a8d   Thumb Code   102  timers.o(i.prvSwitchTimerLists)
    i.prvTaskExitError                       0x08003af8   Section        0  port.o(i.prvTaskExitError)
    prvTaskExitError                         0x08003af9   Thumb Code    36  port.o(i.prvTaskExitError)
    i.prvTestWaitCondition                   0x08003b20   Section        0  event_groups.o(i.prvTestWaitCondition)
    prvTestWaitCondition                     0x08003b21   Thumb Code    20  event_groups.o(i.prvTestWaitCondition)
    i.prvTimerTask                           0x08003b34   Section        0  timers.o(i.prvTimerTask)
    prvTimerTask                             0x08003b35   Thumb Code    32  timers.o(i.prvTimerTask)
    i.prvUnlockQueue                         0x08003b58   Section        0  queue.o(i.prvUnlockQueue)
    prvUnlockQueue                           0x08003b59   Thumb Code   106  queue.o(i.prvUnlockQueue)
    i.pvPortMalloc                           0x08003bc4   Section        0  heap_4.o(i.pvPortMalloc)
    i.pxPortInitialiseStack                  0x08003c9c   Section        0  port.o(i.pxPortInitialiseStack)
    i.setalarm                               0x08003cc0   Section        0  main.o(i.setalarm)
    i.ssd1306_DrawPixel                      0x08003cf4   Section        0  ssd1306.o(i.ssd1306_DrawPixel)
    i.ssd1306_Fill                           0x08003d34   Section        0  ssd1306.o(i.ssd1306_Fill)
    i.ssd1306_Init                           0x08003d54   Section        0  ssd1306.o(i.ssd1306_Init)
    i.ssd1306_SetContrast                    0x08003e1c   Section        0  ssd1306.o(i.ssd1306_SetContrast)
    i.ssd1306_SetCursor                      0x08003e30   Section        0  ssd1306.o(i.ssd1306_SetCursor)
    i.ssd1306_SetDisplayOn                   0x08003e3c   Section        0  ssd1306.o(i.ssd1306_SetDisplayOn)
    i.ssd1306_UpdateScreen                   0x08003e54   Section        0  ssd1306.o(i.ssd1306_UpdateScreen)
    i.ssd1306_WriteChar                      0x08003e8c   Section        0  ssd1306.o(i.ssd1306_WriteChar)
    i.ssd1306_WriteCommand                   0x08003f2c   Section        0  ssd1306.o(i.ssd1306_WriteCommand)
    i.ssd1306_WriteData                      0x08003f50   Section        0  ssd1306.o(i.ssd1306_WriteData)
    i.ssd1306_WriteString                    0x08003f70   Section        0  ssd1306.o(i.ssd1306_WriteString)
    i.uxListRemove                           0x08003f9c   Section        0  list.o(i.uxListRemove)
    i.uxTaskResetEventItemValue              0x08003fc4   Section        0  tasks.o(i.uxTaskResetEventItemValue)
    i.vApplicationGetIdleTaskMemory          0x08003fdc   Section        0  cmsis_os2.o(i.vApplicationGetIdleTaskMemory)
    i.vApplicationGetTimerTaskMemory         0x08003ff0   Section        0  cmsis_os2.o(i.vApplicationGetTimerTaskMemory)
    i.vEventGroupClearBitsCallback           0x08004008   Section        0  event_groups.o(i.vEventGroupClearBitsCallback)
    i.vEventGroupSetBitsCallback             0x0800400c   Section        0  event_groups.o(i.vEventGroupSetBitsCallback)
    i.vLED                                   0x08004010   Section        0  main.o(i.vLED)
    i.vListInitialise                        0x08004038   Section        0  list.o(i.vListInitialise)
    i.vListInitialiseItem                    0x0800404e   Section        0  list.o(i.vListInitialiseItem)
    i.vListInsert                            0x08004054   Section        0  list.o(i.vListInsert)
    i.vListInsertEnd                         0x08004084   Section        0  list.o(i.vListInsertEnd)
    i.vOLED                                  0x0800409c   Section        0  main.o(i.vOLED)
    i.vPortEnterCritical                     0x080040c4   Section        0  port.o(i.vPortEnterCritical)
    i.vPortExitCritical                      0x08004104   Section        0  port.o(i.vPortExitCritical)
    i.vPortFree                              0x0800412c   Section        0  heap_4.o(i.vPortFree)
    i.vPortSetupTimerInterrupt               0x08004188   Section        0  port.o(i.vPortSetupTimerInterrupt)
    i.vPortValidateInterruptPriority         0x080041ac   Section        0  port.o(i.vPortValidateInterruptPriority)
    i.vQueueAddToRegistry                    0x08004200   Section        0  queue.o(i.vQueueAddToRegistry)
    i.vQueueWaitForMessageRestricted         0x08004228   Section        0  queue.o(i.vQueueWaitForMessageRestricted)
    i.vSLEEP                                 0x0800426c   Section        0  main.o(i.vSLEEP)
    i.vTaskDelay                             0x080042f4   Section        0  tasks.o(i.vTaskDelay)
    i.vTaskInternalSetTimeOutState           0x08004340   Section        0  tasks.o(i.vTaskInternalSetTimeOutState)
    i.vTaskMissedYield                       0x08004350   Section        0  tasks.o(i.vTaskMissedYield)
    i.vTaskPlaceOnEventList                  0x0800435c   Section        0  tasks.o(i.vTaskPlaceOnEventList)
    i.vTaskPlaceOnEventListRestricted        0x0800438c   Section        0  tasks.o(i.vTaskPlaceOnEventListRestricted)
    i.vTaskPlaceOnUnorderedEventList         0x080043c4   Section        0  tasks.o(i.vTaskPlaceOnUnorderedEventList)
    i.vTaskRemoveFromUnorderedEventList      0x08004414   Section        0  tasks.o(i.vTaskRemoveFromUnorderedEventList)
    i.vTaskStartScheduler                    0x08004484   Section        0  tasks.o(i.vTaskStartScheduler)
    i.vTaskSuspendAll                        0x0800450c   Section        0  tasks.o(i.vTaskSuspendAll)
    i.vTaskSwitchContext                     0x0800451c   Section        0  tasks.o(i.vTaskSwitchContext)
    i.xEventGroupClearBits                   0x08004580   Section        0  event_groups.o(i.xEventGroupClearBits)
    i.xEventGroupClearBitsFromISR            0x080045c0   Section        0  event_groups.o(i.xEventGroupClearBitsFromISR)
    i.xEventGroupCreate                      0x080045d0   Section        0  event_groups.o(i.xEventGroupCreate)
    i.xEventGroupGetBitsFromISR              0x080045ec   Section        0  event_groups.o(i.xEventGroupGetBitsFromISR)
    i.xEventGroupSetBits                     0x08004606   Section        0  event_groups.o(i.xEventGroupSetBits)
    i.xEventGroupSetBitsFromISR              0x08004694   Section        0  event_groups.o(i.xEventGroupSetBitsFromISR)
    i.xEventGroupWaitBits                    0x080046a4   Section        0  event_groups.o(i.xEventGroupWaitBits)
    i.xPortStartScheduler                    0x080047ac   Section        0  port.o(i.xPortStartScheduler)
    i.xQueueGenericCreateStatic              0x08004854   Section        0  queue.o(i.xQueueGenericCreateStatic)
    i.xQueueGenericReset                     0x080048bc   Section        0  queue.o(i.xQueueGenericReset)
    i.xQueueGenericSend                      0x08004944   Section        0  queue.o(i.xQueueGenericSend)
    i.xQueueGenericSendFromISR               0x08004aa4   Section        0  queue.o(i.xQueueGenericSendFromISR)
    i.xQueueReceive                          0x08004b60   Section        0  queue.o(i.xQueueReceive)
    i.xTaskCheckForTimeOut                   0x08004c98   Section        0  tasks.o(i.xTaskCheckForTimeOut)
    i.xTaskCreate                            0x08004d20   Section        0  tasks.o(i.xTaskCreate)
    i.xTaskCreateStatic                      0x08004d7a   Section        0  tasks.o(i.xTaskCreateStatic)
    i.xTaskGetSchedulerState                 0x08004dd0   Section        0  tasks.o(i.xTaskGetSchedulerState)
    i.xTaskGetTickCount                      0x08004dec   Section        0  tasks.o(i.xTaskGetTickCount)
    i.xTaskGetTickCountFromISR               0x08004df8   Section        0  tasks.o(i.xTaskGetTickCountFromISR)
    i.xTaskIncrementTick                     0x08004e08   Section        0  tasks.o(i.xTaskIncrementTick)
    i.xTaskPriorityDisinherit                0x08004ed0   Section        0  tasks.o(i.xTaskPriorityDisinherit)
    i.xTaskRemoveFromEventList               0x08004f50   Section        0  tasks.o(i.xTaskRemoveFromEventList)
    i.xTaskResumeAll                         0x08004fc0   Section        0  tasks.o(i.xTaskResumeAll)
    i.xTimerCreate                           0x08005084   Section        0  timers.o(i.xTimerCreate)
    i.xTimerCreateTimerTask                  0x080050b8   Section        0  timers.o(i.xTimerCreateTimerTask)
    i.xTimerGenericCommand                   0x08005118   Section        0  timers.o(i.xTimerGenericCommand)
    i.xTimerPendFunctionCallFromISR          0x08005180   Section        0  timers.o(i.xTimerPendFunctionCallFromISR)
    .constdata                               0x080051a8   Section     1900  ssd1306_fonts.o(.constdata)
    Font7x10                                 0x080051a8   Data        1900  ssd1306_fonts.o(.constdata)
    .constdata                               0x08005914   Section     3420  ssd1306_fonts.o(.constdata)
    Font11x18                                0x08005914   Data        3420  ssd1306_fonts.o(.constdata)
    .constdata                               0x08006670   Section       36  freertos.o(.constdata)
    .constdata                               0x08006694   Section       16  system_stm32f1xx.o(.constdata)
    .constdata                               0x080066a4   Section        8  system_stm32f1xx.o(.constdata)
    .conststring                             0x080066ac   Section       12  freertos.o(.conststring)
    .data                                    0x20000000   Section        8  ssd1306.o(.data)
    SSD1306                                  0x20000000   Data           8  ssd1306.o(.data)
    .data                                    0x20000008   Section        8  ssd1306_fonts.o(.data)
    .data                                    0x20000010   Section        8  ssd1306_fonts.o(.data)
    .data                                    0x20000018   Section       60  main.o(.data)
    .data                                    0x20000054   Section        4  freertos.o(.data)
    .data                                    0x20000058   Section       12  stm32f1xx_hal.o(.data)
    .data                                    0x20000064   Section        4  system_stm32f1xx.o(.data)
    .data                                    0x20000068   Section       60  tasks.o(.data)
    pxDelayedTaskList                        0x2000006c   Data           4  tasks.o(.data)
    pxOverflowDelayedTaskList                0x20000070   Data           4  tasks.o(.data)
    uxDeletedTasksWaitingCleanUp             0x20000074   Data           4  tasks.o(.data)
    uxCurrentNumberOfTasks                   0x20000078   Data           4  tasks.o(.data)
    xTickCount                               0x2000007c   Data           4  tasks.o(.data)
    uxTopReadyPriority                       0x20000080   Data           4  tasks.o(.data)
    xSchedulerRunning                        0x20000084   Data           4  tasks.o(.data)
    uxPendedTicks                            0x20000088   Data           4  tasks.o(.data)
    xYieldPending                            0x2000008c   Data           4  tasks.o(.data)
    xNumOfOverflows                          0x20000090   Data           4  tasks.o(.data)
    uxTaskNumber                             0x20000094   Data           4  tasks.o(.data)
    xNextTaskUnblockTime                     0x20000098   Data           4  tasks.o(.data)
    xIdleTaskHandle                          0x2000009c   Data           4  tasks.o(.data)
    uxSchedulerSuspended                     0x200000a0   Data           4  tasks.o(.data)
    .data                                    0x200000a4   Section       20  timers.o(.data)
    pxCurrentTimerList                       0x200000a4   Data           4  timers.o(.data)
    pxOverflowTimerList                      0x200000a8   Data           4  timers.o(.data)
    xTimerQueue                              0x200000ac   Data           4  timers.o(.data)
    xTimerTaskHandle                         0x200000b0   Data           4  timers.o(.data)
    xLastTime                                0x200000b4   Data           4  timers.o(.data)
    .data                                    0x200000b8   Section        4  cmsis_os2.o(.data)
    KernelState                              0x200000b8   Data           4  cmsis_os2.o(.data)
    .data                                    0x200000bc   Section       24  heap_4.o(.data)
    pxEnd                                    0x200000bc   Data           4  heap_4.o(.data)
    xFreeBytesRemaining                      0x200000c0   Data           4  heap_4.o(.data)
    xMinimumEverFreeBytesRemaining           0x200000c4   Data           4  heap_4.o(.data)
    xBlockAllocatedBit                       0x200000c8   Data           4  heap_4.o(.data)
    xStart                                   0x200000cc   Data           8  heap_4.o(.data)
    .data                                    0x200000d4   Section       12  port.o(.data)
    ucMaxSysCallPriority                     0x200000d4   Data           1  port.o(.data)
    uxCriticalNesting                        0x200000d8   Data           4  port.o(.data)
    ulMaxPRIGROUPValue                       0x200000dc   Data           4  port.o(.data)
    .bss                                     0x200000e0   Section     1024  ssd1306.o(.bss)
    SSD1306_Buffer                           0x200000e0   Data        1024  ssd1306.o(.bss)
    .bss                                     0x200004e0   Section       84  i2c.o(.bss)
    .bss                                     0x20000534   Section       20  rtc.o(.bss)
    .bss                                     0x20000548   Section      144  tim.o(.bss)
    .bss                                     0x200005d8   Section       72  stm32f1xx_hal_timebase_tim.o(.bss)
    .bss                                     0x20000620   Section       64  queue.o(.bss)
    .bss                                     0x20000660   Section     1220  tasks.o(.bss)
    pxReadyTasksLists                        0x20000660   Data        1120  tasks.o(.bss)
    xDelayedTaskList1                        0x20000ac0   Data          20  tasks.o(.bss)
    xDelayedTaskList2                        0x20000ad4   Data          20  tasks.o(.bss)
    xPendingReadyList                        0x20000ae8   Data          20  tasks.o(.bss)
    xTasksWaitingTermination                 0x20000afc   Data          20  tasks.o(.bss)
    xSuspendedTaskList                       0x20000b10   Data          20  tasks.o(.bss)
    .bss                                     0x20000b24   Section      280  timers.o(.bss)
    xActiveTimerList1                        0x20000b24   Data          20  timers.o(.bss)
    xActiveTimerList2                        0x20000b38   Data          20  timers.o(.bss)
    xStaticTimerQueue                        0x20000b4c   Data          80  timers.o(.bss)
    ucStaticTimerQueueStorage                0x20000b9c   Data         160  timers.o(.bss)
    .bss                                     0x20000c3c   Section     1720  cmsis_os2.o(.bss)
    Idle_TCB                                 0x20000c3c   Data          92  cmsis_os2.o(.bss)
    Idle_Stack                               0x20000c98   Data         512  cmsis_os2.o(.bss)
    Timer_TCB                                0x20000e98   Data          92  cmsis_os2.o(.bss)
    Timer_Stack                              0x20000ef4   Data        1024  cmsis_os2.o(.bss)
    .bss                                     0x200012f4   Section     4096  heap_4.o(.bss)
    ucHeap                                   0x200012f4   Data        4096  heap_4.o(.bss)
    STACK                                    0x200022f8   Section     1024  startup_stm32f103xb.o(STACK)

    Global Symbols

    Symbol Name                              Value     Ov Type        Size  Object(Section)

    BuildAttributes$$THM_ISAv4$P$D$K$B$S$PE$A:L22UL41UL21$X:L11$S22US41US21$IEEE1$IW$USESV6$~STKCKD$USESV7$~SHL$OTIME$ROPI$IEEEX$EBA8$MICROLIB$REQ8$PRES8$EABIv2 0x00000000   Number         0  anon$$obj.o ABSOLUTE
    __ARM_use_no_argv                        0x00000000   Number         0  main.o ABSOLUTE
    _printf_a                                0x00000000   Number         0  stubs.o ABSOLUTE
    _printf_c                                0x00000000   Number         0  stubs.o ABSOLUTE
    _printf_charcount                        0x00000000   Number         0  stubs.o ABSOLUTE
    _printf_d                                0x00000000   Number         0  stubs.o ABSOLUTE
    _printf_e                                0x00000000   Number         0  stubs.o ABSOLUTE
    _printf_f                                0x00000000   Number         0  stubs.o ABSOLUTE
    _printf_flags                            0x00000000   Number         0  stubs.o ABSOLUTE
    _printf_fp_dec                           0x00000000   Number         0  stubs.o ABSOLUTE
    _printf_fp_hex                           0x00000000   Number         0  stubs.o ABSOLUTE
    _printf_g                                0x00000000   Number         0  stubs.o ABSOLUTE
    _printf_i                                0x00000000   Number         0  stubs.o ABSOLUTE
    _printf_int_dec                          0x00000000   Number         0  stubs.o ABSOLUTE
    _printf_l                                0x00000000   Number         0  stubs.o ABSOLUTE
    _printf_lc                               0x00000000   Number         0  stubs.o ABSOLUTE
    _printf_ll                               0x00000000   Number         0  stubs.o ABSOLUTE
    _printf_lld                              0x00000000   Number         0  stubs.o ABSOLUTE
    _printf_lli                              0x00000000   Number         0  stubs.o ABSOLUTE
    _printf_llo                              0x00000000   Number         0  stubs.o ABSOLUTE
    _printf_llu                              0x00000000   Number         0  stubs.o ABSOLUTE
    _printf_llx                              0x00000000   Number         0  stubs.o ABSOLUTE
    _printf_longlong_dec                     0x00000000   Number         0  stubs.o ABSOLUTE
    _printf_longlong_hex                     0x00000000   Number         0  stubs.o ABSOLUTE
    _printf_longlong_oct                     0x00000000   Number         0  stubs.o ABSOLUTE
    _printf_ls                               0x00000000   Number         0  stubs.o ABSOLUTE
    _printf_mbtowc                           0x00000000   Number         0  stubs.o ABSOLUTE
    _printf_n                                0x00000000   Number         0  stubs.o ABSOLUTE
    _printf_o                                0x00000000   Number         0  stubs.o ABSOLUTE
    _printf_p                                0x00000000   Number         0  stubs.o ABSOLUTE
    _printf_percent                          0x00000000   Number         0  stubs.o ABSOLUTE
    _printf_pre_padding                      0x00000000   Number         0  stubs.o ABSOLUTE
    _printf_return_value                     0x00000000   Number         0  stubs.o ABSOLUTE
    _printf_s                                0x00000000   Number         0  stubs.o ABSOLUTE
    _printf_sizespec                         0x00000000   Number         0  stubs.o ABSOLUTE
    _printf_str                              0x00000000   Number         0  stubs.o ABSOLUTE
    _printf_truncate_signed                  0x00000000   Number         0  stubs.o ABSOLUTE
    _printf_truncate_unsigned                0x00000000   Number         0  stubs.o ABSOLUTE
    _printf_u                                0x00000000   Number         0  stubs.o ABSOLUTE
    _printf_wc                               0x00000000   Number         0  stubs.o ABSOLUTE
    _printf_wctomb                           0x00000000   Number         0  stubs.o ABSOLUTE
    _printf_widthprec                        0x00000000   Number         0  stubs.o ABSOLUTE
    _printf_x                                0x00000000   Number         0  stubs.o ABSOLUTE
    __arm_fini_                               - Undefined Weak Reference
    __cpp_initialize__aeabi_                  - Undefined Weak Reference
    __cxa_finalize                            - Undefined Weak Reference
    __decompress                              - Undefined Weak Reference
    _clock_init                               - Undefined Weak Reference
    _microlib_exit                            - Undefined Weak Reference
    __Vectors_Size                           0x000000ec   Number         0  startup_stm32f103xb.o ABSOLUTE
    __Vectors                                0x08000000   Data           4  startup_stm32f103xb.o(RESET)
    __Vectors_End                            0x080000ec   Data           0  startup_stm32f103xb.o(RESET)
    __main                                   0x080000ed   Thumb Code     0  entry.o(.ARM.Collect$$$$00000000)
    _main_stk                                0x080000ed   Thumb Code     0  entry2.o(.ARM.Collect$$$$00000001)
    _main_scatterload                        0x080000f1   Thumb Code     0  entry5.o(.ARM.Collect$$$$00000004)
    __main_after_scatterload                 0x080000f5   Thumb Code     0  entry5.o(.ARM.Collect$$$$00000004)
    _main_clock                              0x080000f5   Thumb Code     0  entry7b.o(.ARM.Collect$$$$00000008)
    _main_cpp_init                           0x080000f5   Thumb Code     0  entry8b.o(.ARM.Collect$$$$0000000A)
    _main_init                               0x080000f5   Thumb Code     0  entry9a.o(.ARM.Collect$$$$0000000B)
    __rt_lib_shutdown_fini                   0x080000fd   Thumb Code     0  entry12b.o(.ARM.Collect$$$$0000000E)
    __rt_final_cpp                           0x08000101   Thumb Code     0  entry10a.o(.ARM.Collect$$$$0000000F)
    __rt_final_exit                          0x08000101   Thumb Code     0  entry11a.o(.ARM.Collect$$$$00000011)
    SVC_Handler                              0x08000105   Thumb Code    32  port.o(.emb_text)
    __asm___6_port_c_39a90d8d__prvStartFirstTask 0x08000129   Thumb Code    28  port.o(.emb_text)
    PendSV_Handler                           0x08000149   Thumb Code    72  port.o(.emb_text)
    vPortGetIPSR                             0x08000195   Thumb Code     6  port.o(.emb_text)
    Reset_Handler                            0x0800019d   Thumb Code     8  startup_stm32f103xb.o(.text)
    ADC1_2_IRQHandler                        0x080001b7   Thumb Code     0  startup_stm32f103xb.o(.text)
    CAN1_RX1_IRQHandler                      0x080001b7   Thumb Code     0  startup_stm32f103xb.o(.text)
    CAN1_SCE_IRQHandler                      0x080001b7   Thumb Code     0  startup_stm32f103xb.o(.text)
    DMA1_Channel1_IRQHandler                 0x080001b7   Thumb Code     0  startup_stm32f103xb.o(.text)
    DMA1_Channel2_IRQHandler                 0x080001b7   Thumb Code     0  startup_stm32f103xb.o(.text)
    DMA1_Channel3_IRQHandler                 0x080001b7   Thumb Code     0  startup_stm32f103xb.o(.text)
    DMA1_Channel4_IRQHandler                 0x080001b7   Thumb Code     0  startup_stm32f103xb.o(.text)
    DMA1_Channel5_IRQHandler                 0x080001b7   Thumb Code     0  startup_stm32f103xb.o(.text)
    DMA1_Channel6_IRQHandler                 0x080001b7   Thumb Code     0  startup_stm32f103xb.o(.text)
    DMA1_Channel7_IRQHandler                 0x080001b7   Thumb Code     0  startup_stm32f103xb.o(.text)
    EXTI0_IRQHandler                         0x080001b7   Thumb Code     0  startup_stm32f103xb.o(.text)
    EXTI1_IRQHandler                         0x080001b7   Thumb Code     0  startup_stm32f103xb.o(.text)
    EXTI2_IRQHandler                         0x080001b7   Thumb Code     0  startup_stm32f103xb.o(.text)
    EXTI3_IRQHandler                         0x080001b7   Thumb Code     0  startup_stm32f103xb.o(.text)
    EXTI4_IRQHandler                         0x080001b7   Thumb Code     0  startup_stm32f103xb.o(.text)
    EXTI9_5_IRQHandler                       0x080001b7   Thumb Code     0  startup_stm32f103xb.o(.text)
    FLASH_IRQHandler                         0x080001b7   Thumb Code     0  startup_stm32f103xb.o(.text)
    I2C1_ER_IRQHandler                       0x080001b7   Thumb Code     0  startup_stm32f103xb.o(.text)
    I2C1_EV_IRQHandler                       0x080001b7   Thumb Code     0  startup_stm32f103xb.o(.text)
    I2C2_ER_IRQHandler                       0x080001b7   Thumb Code     0  startup_stm32f103xb.o(.text)
    I2C2_EV_IRQHandler                       0x080001b7   Thumb Code     0  startup_stm32f103xb.o(.text)
    PVD_IRQHandler                           0x080001b7   Thumb Code     0  startup_stm32f103xb.o(.text)
    RCC_IRQHandler                           0x080001b7   Thumb Code     0  startup_stm32f103xb.o(.text)
    SPI1_IRQHandler                          0x080001b7   Thumb Code     0  startup_stm32f103xb.o(.text)
    SPI2_IRQHandler                          0x080001b7   Thumb Code     0  startup_stm32f103xb.o(.text)
    TAMPER_IRQHandler                        0x080001b7   Thumb Code     0  startup_stm32f103xb.o(.text)
    TIM1_BRK_IRQHandler                      0x080001b7   Thumb Code     0  startup_stm32f103xb.o(.text)
    TIM3_IRQHandler                          0x080001b7   Thumb Code     0  startup_stm32f103xb.o(.text)
    USART1_IRQHandler                        0x080001b7   Thumb Code     0  startup_stm32f103xb.o(.text)
    USART2_IRQHandler                        0x080001b7   Thumb Code     0  startup_stm32f103xb.o(.text)
    USART3_IRQHandler                        0x080001b7   Thumb Code     0  startup_stm32f103xb.o(.text)
    USBWakeUp_IRQHandler                     0x080001b7   Thumb Code     0  startup_stm32f103xb.o(.text)
    USB_HP_CAN1_TX_IRQHandler                0x080001b7   Thumb Code     0  startup_stm32f103xb.o(.text)
    USB_LP_CAN1_RX0_IRQHandler               0x080001b7   Thumb Code     0  startup_stm32f103xb.o(.text)
    WWDG_IRQHandler                          0x080001b7   Thumb Code     0  startup_stm32f103xb.o(.text)
    __aeabi_memcpy                           0x080001c1   Thumb Code    36  memcpya.o(.text)
    __aeabi_memcpy4                          0x080001c1   Thumb Code     0  memcpya.o(.text)
    __aeabi_memcpy8                          0x080001c1   Thumb Code     0  memcpya.o(.text)
    __aeabi_memset                           0x080001e5   Thumb Code    14  memseta.o(.text)
    __aeabi_memset4                          0x080001e5   Thumb Code     0  memseta.o(.text)
    __aeabi_memset8                          0x080001e5   Thumb Code     0  memseta.o(.text)
    __aeabi_memclr                           0x080001f3   Thumb Code     4  memseta.o(.text)
    __aeabi_memclr4                          0x080001f3   Thumb Code     0  memseta.o(.text)
    __aeabi_memclr8                          0x080001f3   Thumb Code     0  memseta.o(.text)
    memset                                   0x080001f7   Thumb Code    18  memseta.o(.text)
    __aeabi_uidiv                            0x08000209   Thumb Code     0  uidiv.o(.text)
    __aeabi_uidivmod                         0x08000209   Thumb Code    44  uidiv.o(.text)
    __scatterload                            0x08000235   Thumb Code    28  init.o(.text)
    __scatterload_rt2                        0x08000235   Thumb Code     0  init.o(.text)
    BusFault_Handler                         0x08000259   Thumb Code     2  stm32f1xx_it.o(i.BusFault_Handler)
    Date                                     0x0800025d   Thumb Code   128  main.o(i.Date)
    Date_Callback                            0x08000301   Thumb Code    26  main.o(i.Date_Callback)
    DebugMon_Handler                         0x08000321   Thumb Code     2  stm32f1xx_it.o(i.DebugMon_Handler)
    EXTI15_10_IRQHandler                     0x08000323   Thumb Code    22  stm32f1xx_it.o(i.EXTI15_10_IRQHandler)
    Error_Handler                            0x08000339   Thumb Code     4  main.o(i.Error_Handler)
    HAL_Delay                                0x0800033d   Thumb Code    32  stm32f1xx_hal.o(i.HAL_Delay)
    HAL_GPIO_EXTI_Callback                   0x08000361   Thumb Code    82  main.o(i.HAL_GPIO_EXTI_Callback)
    HAL_GPIO_EXTI_IRQHandler                 0x080003b9   Thumb Code    18  stm32f1xx_hal_gpio.o(i.HAL_GPIO_EXTI_IRQHandler)
    HAL_GPIO_Init                            0x080003d1   Thumb Code   446  stm32f1xx_hal_gpio.o(i.HAL_GPIO_Init)
    HAL_GPIO_ReadPin                         0x080005b1   Thumb Code    10  stm32f1xx_hal_gpio.o(i.HAL_GPIO_ReadPin)
    HAL_GPIO_WritePin                        0x080005bb   Thumb Code    10  stm32f1xx_hal_gpio.o(i.HAL_GPIO_WritePin)
    HAL_GetTick                              0x080005c5   Thumb Code     6  stm32f1xx_hal.o(i.HAL_GetTick)
    HAL_I2C_Init                             0x080005d1   Thumb Code   376  stm32f1xx_hal_i2c.o(i.HAL_I2C_Init)
    HAL_I2C_Mem_Write                        0x08000759   Thumb Code   294  stm32f1xx_hal_i2c.o(i.HAL_I2C_Mem_Write)
    HAL_I2C_MspInit                          0x08000889   Thumb Code    80  i2c.o(i.HAL_I2C_MspInit)
    HAL_IncTick                              0x080008e5   Thumb Code    12  stm32f1xx_hal.o(i.HAL_IncTick)
    HAL_Init                                 0x080008f5   Thumb Code    32  stm32f1xx_hal.o(i.HAL_Init)
    HAL_InitTick                             0x08000919   Thumb Code    98  stm32f1xx_hal_timebase_tim.o(i.HAL_InitTick)
    HAL_MspInit                              0x0800098d   Thumb Code    62  stm32f1xx_hal_msp.o(i.HAL_MspInit)
    HAL_NVIC_EnableIRQ                       0x080009d5   Thumb Code    26  stm32f1xx_hal_cortex.o(i.HAL_NVIC_EnableIRQ)
    HAL_NVIC_SetPriority                     0x080009f1   Thumb Code    60  stm32f1xx_hal_cortex.o(i.HAL_NVIC_SetPriority)
    HAL_NVIC_SetPriorityGrouping             0x08000a31   Thumb Code    26  stm32f1xx_hal_cortex.o(i.HAL_NVIC_SetPriorityGrouping)
    HAL_PWR_EnableBkUpAccess                 0x08000a55   Thumb Code     8  stm32f1xx_hal_pwr.o(i.HAL_PWR_EnableBkUpAccess)
    HAL_RCCEx_GetPeriphCLKFreq               0x08000a61   Thumb Code   166  stm32f1xx_hal_rcc_ex.o(i.HAL_RCCEx_GetPeriphCLKFreq)
    HAL_RCCEx_PeriphCLKConfig                0x08000b29   Thumb Code   224  stm32f1xx_hal_rcc_ex.o(i.HAL_RCCEx_PeriphCLKConfig)
    HAL_RCC_ClockConfig                      0x08000c15   Thumb Code   280  stm32f1xx_hal_rcc.o(i.HAL_RCC_ClockConfig)
    HAL_RCC_GetClockConfig                   0x08000d41   Thumb Code    54  stm32f1xx_hal_rcc.o(i.HAL_RCC_GetClockConfig)
    HAL_RCC_GetPCLK1Freq                     0x08000d81   Thumb Code    20  stm32f1xx_hal_rcc.o(i.HAL_RCC_GetPCLK1Freq)
    HAL_RCC_GetPCLK2Freq                     0x08000da1   Thumb Code    20  stm32f1xx_hal_rcc.o(i.HAL_RCC_GetPCLK2Freq)
    HAL_RCC_GetSysClockFreq                  0x08000dc1   Thumb Code    74  stm32f1xx_hal_rcc.o(i.HAL_RCC_GetSysClockFreq)
    HAL_RCC_OscConfig                        0x08000e2d   Thumb Code   778  stm32f1xx_hal_rcc.o(i.HAL_RCC_OscConfig)
    HAL_RTCEx_BKUPWrite                      0x0800114d   Thumb Code    12  stm32f1xx_hal_rtc_ex.o(i.HAL_RTCEx_BKUPWrite)
    HAL_RTCEx_RTCEventCallback               0x0800115d   Thumb Code     2  stm32f1xx_hal_rtc_ex.o(i.HAL_RTCEx_RTCEventCallback)
    HAL_RTCEx_RTCEventErrorCallback          0x0800115f   Thumb Code     2  stm32f1xx_hal_rtc_ex.o(i.HAL_RTCEx_RTCEventErrorCallback)
    HAL_RTCEx_RTCIRQHandler                  0x08001161   Thumb Code    60  stm32f1xx_hal_rtc_ex.o(i.HAL_RTCEx_RTCIRQHandler)
    HAL_RTC_AlarmAEventCallback              0x0800119d   Thumb Code   132  main.o(i.HAL_RTC_AlarmAEventCallback)
    HAL_RTC_AlarmIRQHandler                  0x08001241   Thumb Code    46  stm32f1xx_hal_rtc.o(i.HAL_RTC_AlarmIRQHandler)
    HAL_RTC_GetDate                          0x08001275   Thumb Code    78  stm32f1xx_hal_rtc.o(i.HAL_RTC_GetDate)
    HAL_RTC_GetTime                          0x080012c3   Thumb Code   216  stm32f1xx_hal_rtc.o(i.HAL_RTC_GetTime)
    HAL_RTC_Init                             0x0800139d   Thumb Code   154  stm32f1xx_hal_rtc.o(i.HAL_RTC_Init)
    HAL_RTC_MspInit                          0x0800143d   Thumb Code    76  rtc.o(i.HAL_RTC_MspInit)
    HAL_RTC_SetAlarm_IT                      0x08001495   Thumb Code   224  stm32f1xx_hal_rtc.o(i.HAL_RTC_SetAlarm_IT)
    HAL_RTC_SetDate                          0x0800157d   Thumb Code   192  stm32f1xx_hal_rtc.o(i.HAL_RTC_SetDate)
    HAL_RTC_SetTime                          0x08001641   Thumb Code   168  stm32f1xx_hal_rtc.o(i.HAL_RTC_SetTime)
    HAL_RTC_WaitForSynchro                   0x080016ed   Thumb Code    58  stm32f1xx_hal_rtc.o(i.HAL_RTC_WaitForSynchro)
    HAL_ResumeTick                           0x08001729   Thumb Code    14  stm32f1xx_hal_timebase_tim.o(i.HAL_ResumeTick)
    HAL_SuspendTick                          0x0800173d   Thumb Code    14  stm32f1xx_hal_timebase_tim.o(i.HAL_SuspendTick)
    HAL_TIMEx_BreakCallback                  0x08001751   Thumb Code     2  stm32f1xx_hal_tim_ex.o(i.HAL_TIMEx_BreakCallback)
    HAL_TIMEx_CommutCallback                 0x08001753   Thumb Code     2  stm32f1xx_hal_tim_ex.o(i.HAL_TIMEx_CommutCallback)
    HAL_TIMEx_ConfigBreakDeadTime            0x08001755   Thumb Code    84  stm32f1xx_hal_tim_ex.o(i.HAL_TIMEx_ConfigBreakDeadTime)
    HAL_TIMEx_MasterConfigSynchronization    0x080017a9   Thumb Code    92  stm32f1xx_hal_tim_ex.o(i.HAL_TIMEx_MasterConfigSynchronization)
    HAL_TIM_Base_Init                        0x08001811   Thumb Code    90  stm32f1xx_hal_tim.o(i.HAL_TIM_Base_Init)
    HAL_TIM_Base_MspInit                     0x0800186d   Thumb Code   118  tim.o(i.HAL_TIM_Base_MspInit)
    HAL_TIM_Base_Start_IT                    0x080018ed   Thumb Code    76  stm32f1xx_hal_tim.o(i.HAL_TIM_Base_Start_IT)
    HAL_TIM_ConfigClockSource                0x08001945   Thumb Code   214  stm32f1xx_hal_tim.o(i.HAL_TIM_ConfigClockSource)
    HAL_TIM_IC_CaptureCallback               0x08001a1b   Thumb Code     2  stm32f1xx_hal_tim.o(i.HAL_TIM_IC_CaptureCallback)
    HAL_TIM_IRQHandler                       0x08001a1d   Thumb Code   358  stm32f1xx_hal_tim.o(i.HAL_TIM_IRQHandler)
    HAL_TIM_MspPostInit                      0x08001b85   Thumb Code    88  tim.o(i.HAL_TIM_MspPostInit)
    HAL_TIM_OC_DelayElapsedCallback          0x08001be9   Thumb Code     2  stm32f1xx_hal_tim.o(i.HAL_TIM_OC_DelayElapsedCallback)
    HAL_TIM_PWM_ConfigChannel                0x08001beb   Thumb Code   198  stm32f1xx_hal_tim.o(i.HAL_TIM_PWM_ConfigChannel)
    HAL_TIM_PWM_Init                         0x08001cb1   Thumb Code    90  stm32f1xx_hal_tim.o(i.HAL_TIM_PWM_Init)
    HAL_TIM_PWM_MspInit                      0x08001d0b   Thumb Code     2  stm32f1xx_hal_tim.o(i.HAL_TIM_PWM_MspInit)
    HAL_TIM_PWM_PulseFinishedCallback        0x08001d0d   Thumb Code    70  main.o(i.HAL_TIM_PWM_PulseFinishedCallback)
    HAL_TIM_PWM_Start                        0x08001d65   Thumb Code   144  stm32f1xx_hal_tim.o(i.HAL_TIM_PWM_Start)
    HAL_TIM_PWM_Start_IT                     0x08001e01   Thumb Code   184  stm32f1xx_hal_tim.o(i.HAL_TIM_PWM_Start_IT)
    HAL_TIM_PWM_Stop                         0x08001ec5   Thumb Code   108  stm32f1xx_hal_tim.o(i.HAL_TIM_PWM_Stop)
    HAL_TIM_PeriodElapsedCallback            0x08001f35   Thumb Code    14  main.o(i.HAL_TIM_PeriodElapsedCallback)
    HAL_TIM_TriggerCallback                  0x08001f49   Thumb Code     2  stm32f1xx_hal_tim.o(i.HAL_TIM_TriggerCallback)
    HardFault_Handler                        0x08001f4b   Thumb Code     2  stm32f1xx_it.o(i.HardFault_Handler)
    MX_FREERTOS_Init                         0x080021bd   Thumb Code    18  freertos.o(i.MX_FREERTOS_Init)
    MX_GPIO_Init                             0x080021dd   Thumb Code   138  gpio.o(i.MX_GPIO_Init)
    MX_I2C1_Init                             0x08002279   Thumb Code    50  i2c.o(i.MX_I2C1_Init)
    MX_RTC_Init                              0x080022b9   Thumb Code   112  rtc.o(i.MX_RTC_Init)
    MX_TIM1_Init                             0x08002331   Thumb Code   190  tim.o(i.MX_TIM1_Init)
    MX_TIM2_Init                             0x080023f9   Thumb Code   144  tim.o(i.MX_TIM2_Init)
    MemManage_Handler                        0x0800248d   Thumb Code     2  stm32f1xx_it.o(i.MemManage_Handler)
    Menu                                     0x08002491   Thumb Code   112  main.o(i.Menu)
    Menu_Callback                            0x08002541   Thumb Code   336  main.o(i.Menu_Callback)
    NMI_Handler                              0x0800269d   Thumb Code     2  stm32f1xx_it.o(i.NMI_Handler)
    RTC_Alarm_IRQHandler                     0x080026a1   Thumb Code     6  stm32f1xx_it.o(i.RTC_Alarm_IRQHandler)
    RTC_IRQHandler                           0x080027f1   Thumb Code     6  stm32f1xx_it.o(i.RTC_IRQHandler)
    SLEEP_Callback                           0x080028d1   Thumb Code    20  main.o(i.SLEEP_Callback)
    Set_Alarm                                0x080028e9   Thumb Code    40  main.o(i.Set_Alarm)
    Set_Date                                 0x08002915   Thumb Code    68  main.o(i.Set_Date)
    Set_Time                                 0x08002961   Thumb Code    68  main.o(i.Set_Time)
    Show_Date                                0x080029ad   Thumb Code    70  main.o(i.Show_Date)
    Show_Time                                0x08002a15   Thumb Code    72  main.o(i.Show_Time)
    StartDefaultTask                         0x08002a7d   Thumb Code     8  freertos.o(i.StartDefaultTask)
    SysTick_Handler                          0x08002a85   Thumb Code    38  port.o(i.SysTick_Handler)
    SystemClock_Config                       0x08002ab1   Thumb Code   110  main.o(i.SystemClock_Config)
    SystemInit                               0x08002b1f   Thumb Code     2  system_stm32f1xx.o(i.SystemInit)
    TIM1_CC_IRQHandler                       0x08002b21   Thumb Code     6  stm32f1xx_it.o(i.TIM1_CC_IRQHandler)
    TIM1_TRG_COM_IRQHandler                  0x08002b2d   Thumb Code     6  stm32f1xx_it.o(i.TIM1_TRG_COM_IRQHandler)
    TIM1_UP_IRQHandler                       0x08002b39   Thumb Code     6  stm32f1xx_it.o(i.TIM1_UP_IRQHandler)
    TIM2_IRQHandler                          0x08002b45   Thumb Code     6  stm32f1xx_it.o(i.TIM2_IRQHandler)
    TIM4_IRQHandler                          0x08002b51   Thumb Code     6  stm32f1xx_it.o(i.TIM4_IRQHandler)
    TIM_Base_SetConfig                       0x08002b5d   Thumb Code    94  stm32f1xx_hal_tim.o(i.TIM_Base_SetConfig)
    TIM_CCxChannelCmd                        0x08002bc9   Thumb Code    26  stm32f1xx_hal_tim.o(i.TIM_CCxChannelCmd)
    TIM_ETR_SetConfig                        0x08002be3   Thumb Code    20  stm32f1xx_hal_tim.o(i.TIM_ETR_SetConfig)
    TIM_OC2_SetConfig                        0x08002c59   Thumb Code    84  stm32f1xx_hal_tim.o(i.TIM_OC2_SetConfig)
    Timer_Callback                           0x08002d95   Thumb Code   496  main.o(i.Timer_Callback)
    UsageFault_Handler                       0x08002f95   Thumb Code     2  stm32f1xx_it.o(i.UsageFault_Handler)
    __0sprintf$1                             0x08002f99   Thumb Code    34  printf1.o(i.__0sprintf$1)
    __1sprintf$1                             0x08002f99   Thumb Code     0  printf1.o(i.__0sprintf$1)
    __2sprintf                               0x08002f99   Thumb Code     0  printf1.o(i.__0sprintf$1)
    __scatterload_copy                       0x08002fe1   Thumb Code    14  handlers.o(i.__scatterload_copy)
    __scatterload_null                       0x08002fef   Thumb Code     2  handlers.o(i.__scatterload_null)
    __scatterload_zeroinit                   0x08002ff1   Thumb Code    14  handlers.o(i.__scatterload_zeroinit)
    main                                     0x08003161   Thumb Code   228  main.o(i.main)
    osDelay                                  0x080032cd   Thumb Code    46  cmsis_os2.o(i.osDelay)
    osKernelInitialize                       0x08003301   Thumb Code    50  cmsis_os2.o(i.osKernelInitialize)
    osKernelStart                            0x08003339   Thumb Code    58  cmsis_os2.o(i.osKernelStart)
    osThreadNew                              0x08003379   Thumb Code   160  cmsis_os2.o(i.osThreadNew)
    pvPortMalloc                             0x08003bc5   Thumb Code   210  heap_4.o(i.pvPortMalloc)
    pxPortInitialiseStack                    0x08003c9d   Thumb Code    32  port.o(i.pxPortInitialiseStack)
    setalarm                                 0x08003cc1   Thumb Code    46  main.o(i.setalarm)
    ssd1306_DrawPixel                        0x08003cf5   Thumb Code    54  ssd1306.o(i.ssd1306_DrawPixel)
    ssd1306_Fill                             0x08003d35   Thumb Code    28  ssd1306.o(i.ssd1306_Fill)
    ssd1306_Init                             0x08003d55   Thumb Code   196  ssd1306.o(i.ssd1306_Init)
    ssd1306_SetContrast                      0x08003e1d   Thumb Code    20  ssd1306.o(i.ssd1306_SetContrast)
    ssd1306_SetCursor                        0x08003e31   Thumb Code     8  ssd1306.o(i.ssd1306_SetCursor)
    ssd1306_SetDisplayOn                     0x08003e3d   Thumb Code    20  ssd1306.o(i.ssd1306_SetDisplayOn)
    ssd1306_UpdateScreen                     0x08003e55   Thumb Code    50  ssd1306.o(i.ssd1306_UpdateScreen)
    ssd1306_WriteChar                        0x08003e8d   Thumb Code   154  ssd1306.o(i.ssd1306_WriteChar)
    ssd1306_WriteCommand                     0x08003f2d   Thumb Code    32  ssd1306.o(i.ssd1306_WriteCommand)
    ssd1306_WriteData                        0x08003f51   Thumb Code    26  ssd1306.o(i.ssd1306_WriteData)
    ssd1306_WriteString                      0x08003f71   Thumb Code    44  ssd1306.o(i.ssd1306_WriteString)
    uxListRemove                             0x08003f9d   Thumb Code    38  list.o(i.uxListRemove)
    uxTaskResetEventItemValue                0x08003fc5   Thumb Code    20  tasks.o(i.uxTaskResetEventItemValue)
    vApplicationGetIdleTaskMemory            0x08003fdd   Thumb Code    16  cmsis_os2.o(i.vApplicationGetIdleTaskMemory)
    vApplicationGetTimerTaskMemory           0x08003ff1   Thumb Code    18  cmsis_os2.o(i.vApplicationGetTimerTaskMemory)
    vEventGroupClearBitsCallback             0x08004009   Thumb Code     4  event_groups.o(i.vEventGroupClearBitsCallback)
    vEventGroupSetBitsCallback               0x0800400d   Thumb Code     4  event_groups.o(i.vEventGroupSetBitsCallback)
    vLED                                     0x08004011   Thumb Code    34  main.o(i.vLED)
    vListInitialise                          0x08004039   Thumb Code    22  list.o(i.vListInitialise)
    vListInitialiseItem                      0x0800404f   Thumb Code     6  list.o(i.vListInitialiseItem)
    vListInsert                              0x08004055   Thumb Code    48  list.o(i.vListInsert)
    vListInsertEnd                           0x08004085   Thumb Code    24  list.o(i.vListInsertEnd)
    vOLED                                    0x0800409d   Thumb Code    34  main.o(i.vOLED)
    vPortEnterCritical                       0x080040c5   Thumb Code    54  port.o(i.vPortEnterCritical)
    vPortExitCritical                        0x08004105   Thumb Code    34  port.o(i.vPortExitCritical)
    vPortFree                                0x0800412d   Thumb Code    88  heap_4.o(i.vPortFree)
    vPortSetupTimerInterrupt                 0x08004189   Thumb Code    32  port.o(i.vPortSetupTimerInterrupt)
    vPortValidateInterruptPriority           0x080041ad   Thumb Code    74  port.o(i.vPortValidateInterruptPriority)
    vQueueAddToRegistry                      0x08004201   Thumb Code    34  queue.o(i.vQueueAddToRegistry)
    vQueueWaitForMessageRestricted           0x08004229   Thumb Code    68  queue.o(i.vQueueWaitForMessageRestricted)
    vSLEEP                                   0x0800426d   Thumb Code   120  main.o(i.vSLEEP)
    vTaskDelay                               0x080042f5   Thumb Code    66  tasks.o(i.vTaskDelay)
    vTaskInternalSetTimeOutState             0x08004341   Thumb Code    12  tasks.o(i.vTaskInternalSetTimeOutState)
    vTaskMissedYield                         0x08004351   Thumb Code     8  tasks.o(i.vTaskMissedYield)
    vTaskPlaceOnEventList                    0x0800435d   Thumb Code    44  tasks.o(i.vTaskPlaceOnEventList)
    vTaskPlaceOnEventListRestricted          0x0800438d   Thumb Code    52  tasks.o(i.vTaskPlaceOnEventListRestricted)
    vTaskPlaceOnUnorderedEventList           0x080043c5   Thumb Code    76  tasks.o(i.vTaskPlaceOnUnorderedEventList)
    vTaskRemoveFromUnorderedEventList        0x08004415   Thumb Code   102  tasks.o(i.vTaskRemoveFromUnorderedEventList)
    vTaskStartScheduler                      0x08004485   Thumb Code   118  tasks.o(i.vTaskStartScheduler)
    vTaskSuspendAll                          0x0800450d   Thumb Code    10  tasks.o(i.vTaskSuspendAll)
    vTaskSwitchContext                       0x0800451d   Thumb Code    90  tasks.o(i.vTaskSwitchContext)
    xEventGroupClearBits                     0x08004581   Thumb Code    64  event_groups.o(i.xEventGroupClearBits)
    xEventGroupClearBitsFromISR              0x080045c1   Thumb Code    12  event_groups.o(i.xEventGroupClearBitsFromISR)
    xEventGroupCreate                        0x080045d1   Thumb Code    28  event_groups.o(i.xEventGroupCreate)
    xEventGroupGetBitsFromISR                0x080045ed   Thumb Code    26  event_groups.o(i.xEventGroupGetBitsFromISR)
    xEventGroupSetBits                       0x08004607   Thumb Code   140  event_groups.o(i.xEventGroupSetBits)
    xEventGroupSetBitsFromISR                0x08004695   Thumb Code    12  event_groups.o(i.xEventGroupSetBitsFromISR)
    xEventGroupWaitBits                      0x080046a5   Thumb Code   260  event_groups.o(i.xEventGroupWaitBits)
    xPortStartScheduler                      0x080047ad   Thumb Code   154  port.o(i.xPortStartScheduler)
    xQueueGenericCreateStatic                0x08004855   Thumb Code   102  queue.o(i.xQueueGenericCreateStatic)
    xQueueGenericReset                       0x080048bd   Thumb Code   132  queue.o(i.xQueueGenericReset)
    xQueueGenericSend                        0x08004945   Thumb Code   346  queue.o(i.xQueueGenericSend)
    xQueueGenericSendFromISR                 0x08004aa5   Thumb Code   188  queue.o(i.xQueueGenericSendFromISR)
    xQueueReceive                            0x08004b61   Thumb Code   308  queue.o(i.xQueueReceive)
    xTaskCheckForTimeOut                     0x08004c99   Thumb Code   132  tasks.o(i.xTaskCheckForTimeOut)
    xTaskCreate                              0x08004d21   Thumb Code    90  tasks.o(i.xTaskCreate)
    xTaskCreateStatic                        0x08004d7b   Thumb Code    86  tasks.o(i.xTaskCreateStatic)
    xTaskGetSchedulerState                   0x08004dd1   Thumb Code    22  tasks.o(i.xTaskGetSchedulerState)
    xTaskGetTickCount                        0x08004ded   Thumb Code     6  tasks.o(i.xTaskGetTickCount)
    xTaskGetTickCountFromISR                 0x08004df9   Thumb Code    12  tasks.o(i.xTaskGetTickCountFromISR)
    xTaskIncrementTick                       0x08004e09   Thumb Code   190  tasks.o(i.xTaskIncrementTick)
    xTaskPriorityDisinherit                  0x08004ed1   Thumb Code   118  tasks.o(i.xTaskPriorityDisinherit)
    xTaskRemoveFromEventList                 0x08004f51   Thumb Code    98  tasks.o(i.xTaskRemoveFromEventList)
    xTaskResumeAll                           0x08004fc1   Thumb Code   182  tasks.o(i.xTaskResumeAll)
    xTimerCreate                             0x08005085   Thumb Code    52  timers.o(i.xTimerCreate)
    xTimerCreateTimerTask                    0x080050b9   Thumb Code    78  timers.o(i.xTimerCreateTimerTask)
    xTimerGenericCommand                     0x08005119   Thumb Code    98  timers.o(i.xTimerGenericCommand)
    xTimerPendFunctionCallFromISR            0x08005181   Thumb Code    34  timers.o(i.xTimerPendFunctionCallFromISR)
    defaultTask_attributes                   0x08006670   Data          36  freertos.o(.constdata)
    AHBPrescTable                            0x08006694   Data          16  system_stm32f1xx.o(.constdata)
    APBPrescTable                            0x080066a4   Data           8  system_stm32f1xx.o(.constdata)
    Region$$Table$$Base                      0x080066b8   Number         0  anon$$obj.o(Region$$Table)
    Region$$Table$$Limit                     0x080066d8   Number         0  anon$$obj.o(Region$$Table)
    Font_7x10                                0x20000008   Data           8  ssd1306_fonts.o(.data)
    Font_11x18                               0x20000010   Data           8  ssd1306_fonts.o(.data)
    Hours                                    0x20000018   Data           1  main.o(.data)
    Mins                                     0x20000019   Data           1  main.o(.data)
    Secs                                     0x2000001a   Data           1  main.o(.data)
    Day                                      0x2000001b   Data           1  main.o(.data)
    Month                                    0x2000001c   Data           1  main.o(.data)
    Year                                     0x2000001d   Data           1  main.o(.data)
    s_Date                                   0x2000001e   Data           1  main.o(.data)
    Alarm_Day                                0x2000001f   Data           1  main.o(.data)
    time                                     0x20000020   Data           1  main.o(.data)
    Alarm                                    0x20000021   Data           1  main.o(.data)
    idle                                     0x20000024   Data           4  main.o(.data)
    state                                    0x20000028   Data           4  main.o(.data)
    i                                        0x2000002c   Data           4  main.o(.data)
    j                                        0x20000030   Data           4  main.o(.data)
    choix                                    0x20000034   Data           4  main.o(.data)
    flag                                     0x20000038   Data           4  main.o(.data)
    Timer                                    0x2000003c   Data           4  main.o(.data)
    SLEEP                                    0x20000040   Data           4  main.o(.data)
    Bouton                                   0x20000044   Data           4  main.o(.data)
    Date_                                    0x20000048   Data           4  main.o(.data)
    Event_G                                  0x2000004c   Data           4  main.o(.data)
    Event                                    0x20000050   Data           4  main.o(.data)
    defaultTaskHandle                        0x20000054   Data           4  freertos.o(.data)
    uwTickFreq                               0x20000058   Data           1  stm32f1xx_hal.o(.data)
    uwTickPrio                               0x2000005c   Data           4  stm32f1xx_hal.o(.data)
    uwTick                                   0x20000060   Data           4  stm32f1xx_hal.o(.data)
    SystemCoreClock                          0x20000064   Data           4  system_stm32f1xx.o(.data)
    pxCurrentTCB                             0x20000068   Data           4  tasks.o(.data)
    hi2c1                                    0x200004e0   Data          84  i2c.o(.bss)
    hrtc                                     0x20000534   Data          20  rtc.o(.bss)
    htim1                                    0x20000548   Data          72  tim.o(.bss)
    htim2                                    0x20000590   Data          72  tim.o(.bss)
    htim4                                    0x200005d8   Data          72  stm32f1xx_hal_timebase_tim.o(.bss)
    xQueueRegistry                           0x20000620   Data          64  queue.o(.bss)
    __initial_sp                             0x200026f8   Data           0  startup_stm32f103xb.o(STACK)



==============================================================================

Memory Map of the image

  Image Entry point : 0x080000ed

  Load Region LR_IROM1 (Base: 0x08000000, Size: 0x000067b8, Max: 0x00010000, ABSOLUTE)

    Execution Region ER_IROM1 (Exec base: 0x08000000, Load base: 0x08000000, Size: 0x000066d8, Max: 0x00010000, ABSOLUTE)

    Exec Addr    Load Addr    Size         Type   Attr      Idx    E Section Name        Object

    0x08000000   0x08000000   0x000000ec   Data   RO            3    RESET               startup_stm32f103xb.o
    0x080000ec   0x080000ec   0x00000000   Code   RO         5322  * .ARM.Collect$$$$00000000  mc_w.l(entry.o)
    0x080000ec   0x080000ec   0x00000004   Code   RO         5661    .ARM.Collect$$$$00000001  mc_w.l(entry2.o)
    0x080000f0   0x080000f0   0x00000004   Code   RO         5664    .ARM.Collect$$$$00000004  mc_w.l(entry5.o)
    0x080000f4   0x080000f4   0x00000000   Code   RO         5666    .ARM.Collect$$$$00000008  mc_w.l(entry7b.o)
    0x080000f4   0x080000f4   0x00000000   Code   RO         5668    .ARM.Collect$$$$0000000A  mc_w.l(entry8b.o)
    0x080000f4   0x080000f4   0x00000008   Code   RO         5669    .ARM.Collect$$$$0000000B  mc_w.l(entry9a.o)
    0x080000fc   0x080000fc   0x00000004   Code   RO         5676    .ARM.Collect$$$$0000000E  mc_w.l(entry12b.o)
    0x08000100   0x08000100   0x00000000   Code   RO         5671    .ARM.Collect$$$$0000000F  mc_w.l(entry10a.o)
    0x08000100   0x08000100   0x00000000   Code   RO         5673    .ARM.Collect$$$$00000011  mc_w.l(entry11a.o)
    0x08000100   0x08000100   0x00000004   Code   RO         5662    .ARM.Collect$$$$00002712  mc_w.l(entry2.o)
    0x08000104   0x08000104   0x00000096   Code   RO         5203    .emb_text           port.o
    0x0800019a   0x0800019a   0x00000002   PAD
    0x0800019c   0x0800019c   0x00000024   Code   RO            4    .text               startup_stm32f103xb.o
    0x080001c0   0x080001c0   0x00000024   Code   RO         5327    .text               mc_w.l(memcpya.o)
    0x080001e4   0x080001e4   0x00000024   Code   RO         5331    .text               mc_w.l(memseta.o)
    0x08000208   0x08000208   0x0000002c   Code   RO         5680    .text               mc_w.l(uidiv.o)
    0x08000234   0x08000234   0x00000024   Code   RO         5704    .text               mc_w.l(init.o)
    0x08000258   0x08000258   0x00000002   Code   RO          777    i.BusFault_Handler  stm32f1xx_it.o
    0x0800025a   0x0800025a   0x00000002   PAD
    0x0800025c   0x0800025c   0x000000a4   Code   RO          352    i.Date              main.o
    0x08000300   0x08000300   0x00000020   Code   RO          353    i.Date_Callback     main.o
    0x08000320   0x08000320   0x00000002   Code   RO          778    i.DebugMon_Handler  stm32f1xx_it.o
    0x08000322   0x08000322   0x00000016   Code   RO          779    i.EXTI15_10_IRQHandler  stm32f1xx_it.o
    0x08000338   0x08000338   0x00000004   Code   RO          354    i.Error_Handler     main.o
    0x0800033c   0x0800033c   0x00000024   Code   RO          989    i.HAL_Delay         stm32f1xx_hal.o
    0x08000360   0x08000360   0x00000058   Code   RO          355    i.HAL_GPIO_EXTI_Callback  main.o
    0x080003b8   0x080003b8   0x00000018   Code   RO         1296    i.HAL_GPIO_EXTI_IRQHandler  stm32f1xx_hal_gpio.o
    0x080003d0   0x080003d0   0x000001e0   Code   RO         1297    i.HAL_GPIO_Init     stm32f1xx_hal_gpio.o
    0x080005b0   0x080005b0   0x0000000a   Code   RO         1299    i.HAL_GPIO_ReadPin  stm32f1xx_hal_gpio.o
    0x080005ba   0x080005ba   0x0000000a   Code   RO         1301    i.HAL_GPIO_WritePin  stm32f1xx_hal_gpio.o
    0x080005c4   0x080005c4   0x0000000c   Code   RO          993    i.HAL_GetTick       stm32f1xx_hal.o
    0x080005d0   0x080005d0   0x00000188   Code   RO         1968    i.HAL_I2C_Init      stm32f1xx_hal_i2c.o
    0x08000758   0x08000758   0x00000130   Code   RO         1989    i.HAL_I2C_Mem_Write  stm32f1xx_hal_i2c.o
    0x08000888   0x08000888   0x0000005c   Code   RO          640    i.HAL_I2C_MspInit   i2c.o
    0x080008e4   0x080008e4   0x00000010   Code   RO          999    i.HAL_IncTick       stm32f1xx_hal.o
    0x080008f4   0x080008f4   0x00000024   Code   RO         1000    i.HAL_Init          stm32f1xx_hal.o
    0x08000918   0x08000918   0x00000074   Code   RO          907    i.HAL_InitTick      stm32f1xx_hal_timebase_tim.o
    0x0800098c   0x0800098c   0x00000048   Code   RO          883    i.HAL_MspInit       stm32f1xx_hal_msp.o
    0x080009d4   0x080009d4   0x0000001a   Code   RO         1457    i.HAL_NVIC_EnableIRQ  stm32f1xx_hal_cortex.o
    0x080009ee   0x080009ee   0x00000002   PAD
    0x080009f0   0x080009f0   0x00000040   Code   RO         1463    i.HAL_NVIC_SetPriority  stm32f1xx_hal_cortex.o
    0x08000a30   0x08000a30   0x00000024   Code   RO         1464    i.HAL_NVIC_SetPriorityGrouping  stm32f1xx_hal_cortex.o
    0x08000a54   0x08000a54   0x0000000c   Code   RO         1579    i.HAL_PWR_EnableBkUpAccess  stm32f1xx_hal_pwr.o
    0x08000a60   0x08000a60   0x000000c8   Code   RO         1259    i.HAL_RCCEx_GetPeriphCLKFreq  stm32f1xx_hal_rcc_ex.o
    0x08000b28   0x08000b28   0x000000ec   Code   RO         1260    i.HAL_RCCEx_PeriphCLKConfig  stm32f1xx_hal_rcc_ex.o
    0x08000c14   0x08000c14   0x0000012c   Code   RO         1157    i.HAL_RCC_ClockConfig  stm32f1xx_hal_rcc.o
    0x08000d40   0x08000d40   0x00000040   Code   RO         1161    i.HAL_RCC_GetClockConfig  stm32f1xx_hal_rcc.o
    0x08000d80   0x08000d80   0x00000020   Code   RO         1164    i.HAL_RCC_GetPCLK1Freq  stm32f1xx_hal_rcc.o
    0x08000da0   0x08000da0   0x00000020   Code   RO         1165    i.HAL_RCC_GetPCLK2Freq  stm32f1xx_hal_rcc.o
    0x08000dc0   0x08000dc0   0x0000006c   Code   RO         1166    i.HAL_RCC_GetSysClockFreq  stm32f1xx_hal_rcc.o
    0x08000e2c   0x08000e2c   0x00000320   Code   RO         1169    i.HAL_RCC_OscConfig  stm32f1xx_hal_rcc.o
    0x0800114c   0x0800114c   0x00000010   Code   RO         2555    i.HAL_RTCEx_BKUPWrite  stm32f1xx_hal_rtc_ex.o
    0x0800115c   0x0800115c   0x00000002   Code   RO         2559    i.HAL_RTCEx_RTCEventCallback  stm32f1xx_hal_rtc_ex.o
    0x0800115e   0x0800115e   0x00000002   Code   RO         2560    i.HAL_RTCEx_RTCEventErrorCallback  stm32f1xx_hal_rtc_ex.o
    0x08001160   0x08001160   0x0000003c   Code   RO         2561    i.HAL_RTCEx_RTCIRQHandler  stm32f1xx_hal_rtc_ex.o
    0x0800119c   0x0800119c   0x000000a4   Code   RO          356    i.HAL_RTC_AlarmAEventCallback  main.o
    0x08001240   0x08001240   0x00000034   Code   RO         2385    i.HAL_RTC_AlarmIRQHandler  stm32f1xx_hal_rtc.o
    0x08001274   0x08001274   0x0000004e   Code   RO         2389    i.HAL_RTC_GetDate   stm32f1xx_hal_rtc.o
    0x080012c2   0x080012c2   0x000000d8   Code   RO         2391    i.HAL_RTC_GetTime   stm32f1xx_hal_rtc.o
    0x0800139a   0x0800139a   0x00000002   PAD
    0x0800139c   0x0800139c   0x000000a0   Code   RO         2392    i.HAL_RTC_Init      stm32f1xx_hal_rtc.o
    0x0800143c   0x0800143c   0x00000058   Code   RO          682    i.HAL_RTC_MspInit   rtc.o
    0x08001494   0x08001494   0x000000e8   Code   RO         2397    i.HAL_RTC_SetAlarm_IT  stm32f1xx_hal_rtc.o
    0x0800157c   0x0800157c   0x000000c4   Code   RO         2398    i.HAL_RTC_SetDate   stm32f1xx_hal_rtc.o
    0x08001640   0x08001640   0x000000ac   Code   RO         2399    i.HAL_RTC_SetTime   stm32f1xx_hal_rtc.o
    0x080016ec   0x080016ec   0x0000003a   Code   RO         2400    i.HAL_RTC_WaitForSynchro  stm32f1xx_hal_rtc.o
    0x08001726   0x08001726   0x00000002   PAD
    0x08001728   0x08001728   0x00000014   Code   RO          908    i.HAL_ResumeTick    stm32f1xx_hal_timebase_tim.o
    0x0800173c   0x0800173c   0x00000014   Code   RO          909    i.HAL_SuspendTick   stm32f1xx_hal_timebase_tim.o
    0x08001750   0x08001750   0x00000002   Code   RO         3362    i.HAL_TIMEx_BreakCallback  stm32f1xx_hal_tim_ex.o
    0x08001752   0x08001752   0x00000002   Code   RO         3363    i.HAL_TIMEx_CommutCallback  stm32f1xx_hal_tim_ex.o
    0x08001754   0x08001754   0x00000054   Code   RO         3365    i.HAL_TIMEx_ConfigBreakDeadTime  stm32f1xx_hal_tim_ex.o
    0x080017a8   0x080017a8   0x00000068   Code   RO         3381    i.HAL_TIMEx_MasterConfigSynchronization  stm32f1xx_hal_tim_ex.o
    0x08001810   0x08001810   0x0000005a   Code   RO         2658    i.HAL_TIM_Base_Init  stm32f1xx_hal_tim.o
    0x0800186a   0x0800186a   0x00000002   PAD
    0x0800186c   0x0800186c   0x00000080   Code   RO          724    i.HAL_TIM_Base_MspInit  tim.o
    0x080018ec   0x080018ec   0x00000058   Code   RO         2663    i.HAL_TIM_Base_Start_IT  stm32f1xx_hal_tim.o
    0x08001944   0x08001944   0x000000d6   Code   RO         2667    i.HAL_TIM_ConfigClockSource  stm32f1xx_hal_tim.o
    0x08001a1a   0x08001a1a   0x00000002   Code   RO         2692    i.HAL_TIM_IC_CaptureCallback  stm32f1xx_hal_tim.o
    0x08001a1c   0x08001a1c   0x00000166   Code   RO         2706    i.HAL_TIM_IRQHandler  stm32f1xx_hal_tim.o
    0x08001b82   0x08001b82   0x00000002   PAD
    0x08001b84   0x08001b84   0x00000064   Code   RO          725    i.HAL_TIM_MspPostInit  tim.o
    0x08001be8   0x08001be8   0x00000002   Code   RO         2709    i.HAL_TIM_OC_DelayElapsedCallback  stm32f1xx_hal_tim.o
    0x08001bea   0x08001bea   0x000000c6   Code   RO         2730    i.HAL_TIM_PWM_ConfigChannel  stm32f1xx_hal_tim.o
    0x08001cb0   0x08001cb0   0x0000005a   Code   RO         2733    i.HAL_TIM_PWM_Init  stm32f1xx_hal_tim.o
    0x08001d0a   0x08001d0a   0x00000002   Code   RO         2735    i.HAL_TIM_PWM_MspInit  stm32f1xx_hal_tim.o
    0x08001d0c   0x08001d0c   0x00000058   Code   RO          357    i.HAL_TIM_PWM_PulseFinishedCallback  main.o
    0x08001d64   0x08001d64   0x0000009c   Code   RO         2738    i.HAL_TIM_PWM_Start  stm32f1xx_hal_tim.o
    0x08001e00   0x08001e00   0x000000c4   Code   RO         2740    i.HAL_TIM_PWM_Start_IT  stm32f1xx_hal_tim.o
    0x08001ec4   0x08001ec4   0x00000070   Code   RO         2741    i.HAL_TIM_PWM_Stop  stm32f1xx_hal_tim.o
    0x08001f34   0x08001f34   0x00000014   Code   RO          358    i.HAL_TIM_PeriodElapsedCallback  main.o
    0x08001f48   0x08001f48   0x00000002   Code   RO         2749    i.HAL_TIM_TriggerCallback  stm32f1xx_hal_tim.o
    0x08001f4a   0x08001f4a   0x00000002   Code   RO          780    i.HardFault_Handler  stm32f1xx_it.o
    0x08001f4c   0x08001f4c   0x0000002e   Code   RO         2010    i.I2C_IsAcknowledgeFailed  stm32f1xx_hal_i2c.o
    0x08001f7a   0x08001f7a   0x00000002   PAD
    0x08001f7c   0x08001f7c   0x000000a8   Code   RO         2021    i.I2C_RequestMemoryWrite  stm32f1xx_hal_i2c.o
    0x08002024   0x08002024   0x0000004c   Code   RO         2024    i.I2C_WaitOnBTFFlagUntilTimeout  stm32f1xx_hal_i2c.o
    0x08002070   0x08002070   0x00000068   Code   RO         2025    i.I2C_WaitOnFlagUntilTimeout  stm32f1xx_hal_i2c.o
    0x080020d8   0x080020d8   0x00000096   Code   RO         2026    i.I2C_WaitOnMasterAddressFlagUntilTimeout  stm32f1xx_hal_i2c.o
    0x0800216e   0x0800216e   0x0000004c   Code   RO         2028    i.I2C_WaitOnTXEFlagUntilTimeout  stm32f1xx_hal_i2c.o
    0x080021ba   0x080021ba   0x00000002   PAD
    0x080021bc   0x080021bc   0x00000020   Code   RO          596    i.MX_FREERTOS_Init  freertos.o
    0x080021dc   0x080021dc   0x0000009c   Code   RO          572    i.MX_GPIO_Init      gpio.o
    0x08002278   0x08002278   0x00000040   Code   RO          641    i.MX_I2C1_Init      i2c.o
    0x080022b8   0x080022b8   0x00000078   Code   RO          683    i.MX_RTC_Init       rtc.o
    0x08002330   0x08002330   0x000000c8   Code   RO          726    i.MX_TIM1_Init      tim.o
    0x080023f8   0x080023f8   0x00000094   Code   RO          727    i.MX_TIM2_Init      tim.o
    0x0800248c   0x0800248c   0x00000002   Code   RO          781    i.MemManage_Handler  stm32f1xx_it.o
    0x0800248e   0x0800248e   0x00000002   PAD
    0x08002490   0x08002490   0x000000b0   Code   RO          359    i.Menu              main.o
    0x08002540   0x08002540   0x0000015c   Code   RO          360    i.Menu_Callback     main.o
    0x0800269c   0x0800269c   0x00000002   Code   RO          782    i.NMI_Handler       stm32f1xx_it.o
    0x0800269e   0x0800269e   0x00000002   PAD
    0x080026a0   0x080026a0   0x0000000c   Code   RO          783    i.RTC_Alarm_IRQHandler  stm32f1xx_it.o
    0x080026ac   0x080026ac   0x00000012   Code   RO         2401    i.RTC_Bcd2ToByte    stm32f1xx_hal_rtc.o
    0x080026be   0x080026be   0x00000016   Code   RO         2402    i.RTC_ByteToBcd2    stm32f1xx_hal_rtc.o
    0x080026d4   0x080026d4   0x000000ae   Code   RO         2403    i.RTC_DateUpdate    stm32f1xx_hal_rtc.o
    0x08002782   0x08002782   0x00000034   Code   RO         2404    i.RTC_EnterInitMode  stm32f1xx_hal_rtc.o
    0x080027b6   0x080027b6   0x00000002   PAD
    0x080027b8   0x080027b8   0x00000036   Code   RO         2405    i.RTC_ExitInitMode  stm32f1xx_hal_rtc.o
    0x080027ee   0x080027ee   0x00000002   PAD
    0x080027f0   0x080027f0   0x0000000c   Code   RO          784    i.RTC_IRQHandler    stm32f1xx_it.o
    0x080027fc   0x080027fc   0x0000000e   Code   RO         2406    i.RTC_ReadAlarmCounter  stm32f1xx_hal_rtc.o
    0x0800280a   0x0800280a   0x00000020   Code   RO         2407    i.RTC_ReadTimeCounter  stm32f1xx_hal_rtc.o
    0x0800282a   0x0800282a   0x00000056   Code   RO         2408    i.RTC_WeekDayNum    stm32f1xx_hal_rtc.o
    0x08002880   0x08002880   0x00000028   Code   RO         2409    i.RTC_WriteAlarmCounter  stm32f1xx_hal_rtc.o
    0x080028a8   0x080028a8   0x00000028   Code   RO         2410    i.RTC_WriteTimeCounter  stm32f1xx_hal_rtc.o
    0x080028d0   0x080028d0   0x00000018   Code   RO          361    i.SLEEP_Callback    main.o
    0x080028e8   0x080028e8   0x0000002c   Code   RO          362    i.Set_Alarm         main.o
    0x08002914   0x08002914   0x0000004c   Code   RO          363    i.Set_Date          main.o
    0x08002960   0x08002960   0x0000004c   Code   RO          364    i.Set_Time          main.o
    0x080029ac   0x080029ac   0x00000068   Code   RO          365    i.Show_Date         main.o
    0x08002a14   0x08002a14   0x00000068   Code   RO          366    i.Show_Time         main.o
    0x08002a7c   0x08002a7c   0x00000008   Code   RO          597    i.StartDefaultTask  freertos.o
    0x08002a84   0x08002a84   0x0000002c   Code   RO         5204    i.SysTick_Handler   port.o
    0x08002ab0   0x08002ab0   0x0000006e   Code   RO          367    i.SystemClock_Config  main.o
    0x08002b1e   0x08002b1e   0x00000002   Code   RO         3630    i.SystemInit        system_stm32f1xx.o
    0x08002b20   0x08002b20   0x0000000c   Code   RO          785    i.TIM1_CC_IRQHandler  stm32f1xx_it.o
    0x08002b2c   0x08002b2c   0x0000000c   Code   RO          786    i.TIM1_TRG_COM_IRQHandler  stm32f1xx_it.o
    0x08002b38   0x08002b38   0x0000000c   Code   RO          787    i.TIM1_UP_IRQHandler  stm32f1xx_it.o
    0x08002b44   0x08002b44   0x0000000c   Code   RO          788    i.TIM2_IRQHandler   stm32f1xx_it.o
    0x08002b50   0x08002b50   0x0000000c   Code   RO          789    i.TIM4_IRQHandler   stm32f1xx_it.o
    0x08002b5c   0x08002b5c   0x0000006c   Code   RO         2751    i.TIM_Base_SetConfig  stm32f1xx_hal_tim.o
    0x08002bc8   0x08002bc8   0x0000001a   Code   RO         2752    i.TIM_CCxChannelCmd  stm32f1xx_hal_tim.o
    0x08002be2   0x08002be2   0x00000014   Code   RO         2762    i.TIM_ETR_SetConfig  stm32f1xx_hal_tim.o
    0x08002bf6   0x08002bf6   0x00000010   Code   RO         2763    i.TIM_ITRx_SetConfig  stm32f1xx_hal_tim.o
    0x08002c06   0x08002c06   0x00000002   PAD
    0x08002c08   0x08002c08   0x00000050   Code   RO         2764    i.TIM_OC1_SetConfig  stm32f1xx_hal_tim.o
    0x08002c58   0x08002c58   0x00000058   Code   RO         2765    i.TIM_OC2_SetConfig  stm32f1xx_hal_tim.o
    0x08002cb0   0x08002cb0   0x00000058   Code   RO         2766    i.TIM_OC3_SetConfig  stm32f1xx_hal_tim.o
    0x08002d08   0x08002d08   0x00000044   Code   RO         2767    i.TIM_OC4_SetConfig  stm32f1xx_hal_tim.o
    0x08002d4c   0x08002d4c   0x00000022   Code   RO         2769    i.TIM_TI1_ConfigInputStage  stm32f1xx_hal_tim.o
    0x08002d6e   0x08002d6e   0x00000024   Code   RO         2771    i.TIM_TI2_ConfigInputStage  stm32f1xx_hal_tim.o
    0x08002d92   0x08002d92   0x00000002   PAD
    0x08002d94   0x08002d94   0x00000200   Code   RO          368    i.Timer_Callback    main.o
    0x08002f94   0x08002f94   0x00000002   Code   RO          790    i.UsageFault_Handler  stm32f1xx_it.o
    0x08002f96   0x08002f96   0x00000002   PAD
    0x08002f98   0x08002f98   0x00000028   Code   RO         5382    i.__0sprintf$1      mc_w.l(printf1.o)
    0x08002fc0   0x08002fc0   0x00000020   Code   RO         1470    i.__NVIC_SetPriority  stm32f1xx_hal_cortex.o
    0x08002fe0   0x08002fe0   0x0000000e   Code   RO         5710    i.__scatterload_copy  mc_w.l(handlers.o)
    0x08002fee   0x08002fee   0x00000002   Code   RO         5711    i.__scatterload_null  mc_w.l(handlers.o)
    0x08002ff0   0x08002ff0   0x0000000e   Code   RO         5712    i.__scatterload_zeroinit  mc_w.l(handlers.o)
    0x08002ffe   0x08002ffe   0x00000002   PAD
    0x08003000   0x08003000   0x00000154   Code   RO         5387    i._printf_core      mc_w.l(printf1.o)
    0x08003154   0x08003154   0x0000000a   Code   RO         5389    i._sputc            mc_w.l(printf1.o)
    0x0800315e   0x0800315e   0x00000002   PAD
    0x08003160   0x08003160   0x0000016c   Code   RO          369    i.main              main.o
    0x080032cc   0x080032cc   0x00000034   Code   RO         4736    i.osDelay           cmsis_os2.o
    0x08003300   0x08003300   0x00000038   Code   RO         4750    i.osKernelInitialize  cmsis_os2.o
    0x08003338   0x08003338   0x00000040   Code   RO         4753    i.osKernelStart     cmsis_os2.o
    0x08003378   0x08003378   0x000000a4   Code   RO         4787    i.osThreadNew       cmsis_os2.o
    0x0800341c   0x0800341c   0x00000064   Code   RO         4226    i.prvAddCurrentTaskToDelayedList  tasks.o
    0x08003480   0x08003480   0x000000d0   Code   RO         4227    i.prvAddNewTaskToReadyList  tasks.o
    0x08003550   0x08003550   0x00000058   Code   RO         4582    i.prvCheckForValidListAndQueue  timers.o
    0x080035a8   0x080035a8   0x00000026   Code   RO         3832    i.prvCopyDataFromQueue  queue.o
    0x080035ce   0x080035ce   0x0000006c   Code   RO         3833    i.prvCopyDataToQueue  queue.o
    0x0800363a   0x0800363a   0x00000034   Code   RO         4228    i.prvDeleteTCB      tasks.o
    0x0800366e   0x0800366e   0x00000002   PAD
    0x08003670   0x08003670   0x0000004c   Code   RO         5154    i.prvHeapInit       heap_4.o
    0x080036bc   0x080036bc   0x00000060   Code   RO         4229    i.prvIdleTask       tasks.o
    0x0800371c   0x0800371c   0x00000022   Code   RO         3835    i.prvInitialiseNewQueue  queue.o
    0x0800373e   0x0800373e   0x000000a0   Code   RO         4230    i.prvInitialiseNewTask  tasks.o
    0x080037de   0x080037de   0x00000044   Code   RO         4583    i.prvInitialiseNewTimer  timers.o
    0x08003822   0x08003822   0x00000002   PAD
    0x08003824   0x08003824   0x0000004c   Code   RO         5155    i.prvInsertBlockIntoFreeList  heap_4.o
    0x08003870   0x08003870   0x00000038   Code   RO         4584    i.prvInsertTimerInActiveList  timers.o
    0x080038a8   0x080038a8   0x0000001c   Code   RO         3836    i.prvIsQueueEmpty   queue.o
    0x080038c4   0x080038c4   0x000000cc   Code   RO         4585    i.prvProcessReceivedCommands  timers.o
    0x08003990   0x08003990   0x000000b4   Code   RO         4586    i.prvProcessTimerOrBlockTask  timers.o
    0x08003a44   0x08003a44   0x00000020   Code   RO         4232    i.prvResetNextTaskUnblockTime  tasks.o
    0x08003a64   0x08003a64   0x00000028   Code   RO         4587    i.prvSampleTimeNow  timers.o
    0x08003a8c   0x08003a8c   0x0000006c   Code   RO         4588    i.prvSwitchTimerLists  timers.o
    0x08003af8   0x08003af8   0x00000028   Code   RO         5205    i.prvTaskExitError  port.o
    0x08003b20   0x08003b20   0x00000014   Code   RO         3673    i.prvTestWaitCondition  event_groups.o
    0x08003b34   0x08003b34   0x00000024   Code   RO         4589    i.prvTimerTask      timers.o
    0x08003b58   0x08003b58   0x0000006a   Code   RO         3837    i.prvUnlockQueue    queue.o
    0x08003bc2   0x08003bc2   0x00000002   PAD
    0x08003bc4   0x08003bc4   0x000000d8   Code   RO         5156    i.pvPortMalloc      heap_4.o
    0x08003c9c   0x08003c9c   0x00000024   Code   RO         5206    i.pxPortInitialiseStack  port.o
    0x08003cc0   0x08003cc0   0x00000034   Code   RO          370    i.setalarm          main.o
    0x08003cf4   0x08003cf4   0x00000040   Code   RO          180    i.ssd1306_DrawPixel  ssd1306.o
    0x08003d34   0x08003d34   0x00000020   Code   RO          182    i.ssd1306_Fill      ssd1306.o
    0x08003d54   0x08003d54   0x000000c8   Code   RO          185    i.ssd1306_Init      ssd1306.o
    0x08003e1c   0x08003e1c   0x00000014   Code   RO          190    i.ssd1306_SetContrast  ssd1306.o
    0x08003e30   0x08003e30   0x0000000c   Code   RO          191    i.ssd1306_SetCursor  ssd1306.o
    0x08003e3c   0x08003e3c   0x00000018   Code   RO          192    i.ssd1306_SetDisplayOn  ssd1306.o
    0x08003e54   0x08003e54   0x00000038   Code   RO          193    i.ssd1306_UpdateScreen  ssd1306.o
    0x08003e8c   0x08003e8c   0x000000a0   Code   RO          194    i.ssd1306_WriteChar  ssd1306.o
    0x08003f2c   0x08003f2c   0x00000024   Code   RO          195    i.ssd1306_WriteCommand  ssd1306.o
    0x08003f50   0x08003f50   0x00000020   Code   RO          196    i.ssd1306_WriteData  ssd1306.o
    0x08003f70   0x08003f70   0x0000002c   Code   RO          197    i.ssd1306_WriteString  ssd1306.o
    0x08003f9c   0x08003f9c   0x00000026   Code   RO         3792    i.uxListRemove      list.o
    0x08003fc2   0x08003fc2   0x00000002   PAD
    0x08003fc4   0x08003fc4   0x00000018   Code   RO         4243    i.uxTaskResetEventItemValue  tasks.o
    0x08003fdc   0x08003fdc   0x00000014   Code   RO         4799    i.vApplicationGetIdleTaskMemory  cmsis_os2.o
    0x08003ff0   0x08003ff0   0x00000018   Code   RO         4800    i.vApplicationGetTimerTaskMemory  cmsis_os2.o
    0x08004008   0x08004008   0x00000004   Code   RO         3675    i.vEventGroupClearBitsCallback  event_groups.o
    0x0800400c   0x0800400c   0x00000004   Code   RO         3677    i.vEventGroupSetBitsCallback  event_groups.o
    0x08004010   0x08004010   0x00000028   Code   RO          372    i.vLED              main.o
    0x08004038   0x08004038   0x00000016   Code   RO         3793    i.vListInitialise   list.o
    0x0800404e   0x0800404e   0x00000006   Code   RO         3794    i.vListInitialiseItem  list.o
    0x08004054   0x08004054   0x00000030   Code   RO         3795    i.vListInsert       list.o
    0x08004084   0x08004084   0x00000018   Code   RO         3796    i.vListInsertEnd    list.o
    0x0800409c   0x0800409c   0x00000028   Code   RO          373    i.vOLED             main.o
    0x080040c4   0x080040c4   0x00000040   Code   RO         5208    i.vPortEnterCritical  port.o
    0x08004104   0x08004104   0x00000028   Code   RO         5209    i.vPortExitCritical  port.o
    0x0800412c   0x0800412c   0x0000005c   Code   RO         5157    i.vPortFree         heap_4.o
    0x08004188   0x08004188   0x00000024   Code   RO         5210    i.vPortSetupTimerInterrupt  port.o
    0x080041ac   0x080041ac   0x00000054   Code   RO         5211    i.vPortValidateInterruptPriority  port.o
    0x08004200   0x08004200   0x00000028   Code   RO         3843    i.vQueueAddToRegistry  queue.o
    0x08004228   0x08004228   0x00000044   Code   RO         3847    i.vQueueWaitForMessageRestricted  queue.o
    0x0800426c   0x0800426c   0x00000088   Code   RO          374    i.vSLEEP            main.o
    0x080042f4   0x080042f4   0x0000004c   Code   RO         4244    i.vTaskDelay        tasks.o
    0x08004340   0x08004340   0x00000010   Code   RO         4249    i.vTaskInternalSetTimeOutState  tasks.o
    0x08004350   0x08004350   0x0000000c   Code   RO         4250    i.vTaskMissedYield  tasks.o
    0x0800435c   0x0800435c   0x00000030   Code   RO         4252    i.vTaskPlaceOnEventList  tasks.o
    0x0800438c   0x0800438c   0x00000038   Code   RO         4253    i.vTaskPlaceOnEventListRestricted  tasks.o
    0x080043c4   0x080043c4   0x00000050   Code   RO         4254    i.vTaskPlaceOnUnorderedEventList  tasks.o
    0x08004414   0x08004414   0x00000070   Code   RO         4257    i.vTaskRemoveFromUnorderedEventList  tasks.o
    0x08004484   0x08004484   0x00000088   Code   RO         4261    i.vTaskStartScheduler  tasks.o
    0x0800450c   0x0800450c   0x00000010   Code   RO         4263    i.vTaskSuspendAll   tasks.o
    0x0800451c   0x0800451c   0x00000064   Code   RO         4264    i.vTaskSwitchContext  tasks.o
    0x08004580   0x08004580   0x00000040   Code   RO         3679    i.xEventGroupClearBits  event_groups.o
    0x080045c0   0x080045c0   0x00000010   Code   RO         3680    i.xEventGroupClearBitsFromISR  event_groups.o
    0x080045d0   0x080045d0   0x0000001c   Code   RO         3681    i.xEventGroupCreate  event_groups.o
    0x080045ec   0x080045ec   0x0000001a   Code   RO         3683    i.xEventGroupGetBitsFromISR  event_groups.o
    0x08004606   0x08004606   0x0000008c   Code   RO         3684    i.xEventGroupSetBits  event_groups.o
    0x08004692   0x08004692   0x00000002   PAD
    0x08004694   0x08004694   0x00000010   Code   RO         3685    i.xEventGroupSetBitsFromISR  event_groups.o
    0x080046a4   0x080046a4   0x00000108   Code   RO         3687    i.xEventGroupWaitBits  event_groups.o
    0x080047ac   0x080047ac   0x000000a8   Code   RO         5212    i.xPortStartScheduler  port.o
    0x08004854   0x08004854   0x00000066   Code   RO         3853    i.xQueueGenericCreateStatic  queue.o
    0x080048ba   0x080048ba   0x00000002   PAD
    0x080048bc   0x080048bc   0x00000088   Code   RO         3854    i.xQueueGenericReset  queue.o
    0x08004944   0x08004944   0x00000160   Code   RO         3855    i.xQueueGenericSend  queue.o
    0x08004aa4   0x08004aa4   0x000000bc   Code   RO         3856    i.xQueueGenericSendFromISR  queue.o
    0x08004b60   0x08004b60   0x00000138   Code   RO         3865    i.xQueueReceive     queue.o
    0x08004c98   0x08004c98   0x00000088   Code   RO         4266    i.xTaskCheckForTimeOut  tasks.o
    0x08004d20   0x08004d20   0x0000005a   Code   RO         4267    i.xTaskCreate       tasks.o
    0x08004d7a   0x08004d7a   0x00000056   Code   RO         4268    i.xTaskCreateStatic  tasks.o
    0x08004dd0   0x08004dd0   0x0000001c   Code   RO         4272    i.xTaskGetSchedulerState  tasks.o
    0x08004dec   0x08004dec   0x0000000c   Code   RO         4273    i.xTaskGetTickCount  tasks.o
    0x08004df8   0x08004df8   0x00000010   Code   RO         4274    i.xTaskGetTickCountFromISR  tasks.o
    0x08004e08   0x08004e08   0x000000c8   Code   RO         4275    i.xTaskIncrementTick  tasks.o
    0x08004ed0   0x08004ed0   0x00000080   Code   RO         4278    i.xTaskPriorityDisinherit  tasks.o
    0x08004f50   0x08004f50   0x00000070   Code   RO         4280    i.xTaskRemoveFromEventList  tasks.o
    0x08004fc0   0x08004fc0   0x000000c4   Code   RO         4281    i.xTaskResumeAll    tasks.o
    0x08005084   0x08005084   0x00000034   Code   RO         4594    i.xTimerCreate      timers.o
    0x080050b8   0x080050b8   0x00000060   Code   RO         4596    i.xTimerCreateTimerTask  timers.o
    0x08005118   0x08005118   0x00000068   Code   RO         4597    i.xTimerGenericCommand  timers.o
    0x08005180   0x08005180   0x00000028   Code   RO         4603    i.xTimerPendFunctionCallFromISR  timers.o
    0x080051a8   0x080051a8   0x0000076c   Data   RO          334    .constdata          ssd1306_fonts.o
    0x08005914   0x08005914   0x00000d5c   Data   RO          335    .constdata          ssd1306_fonts.o
    0x08006670   0x08006670   0x00000024   Data   RO          598    .constdata          freertos.o
    0x08006694   0x08006694   0x00000010   Data   RO         3631    .constdata          system_stm32f1xx.o
    0x080066a4   0x080066a4   0x00000008   Data   RO         3632    .constdata          system_stm32f1xx.o
    0x080066ac   0x080066ac   0x0000000c   Data   RO          599    .conststring        freertos.o
    0x080066b8   0x080066b8   0x00000020   Data   RO         5708    Region$$Table       anon$$obj.o


    Execution Region RW_IRAM1 (Exec base: 0x20000000, Load base: 0x080066d8, Size: 0x000026f8, Max: 0x00005000, ABSOLUTE)

    Exec Addr    Load Addr    Size         Type   Attr      Idx    E Section Name        Object

    0x20000000   0x080066d8   0x00000008   Data   RW          199    .data               ssd1306.o
    0x20000008   0x080066e0   0x00000008   Data   RW          336    .data               ssd1306_fonts.o
    0x20000010   0x080066e8   0x00000008   Data   RW          337    .data               ssd1306_fonts.o
    0x20000018   0x080066f0   0x0000003c   Data   RW          375    .data               main.o
    0x20000054   0x0800672c   0x00000004   Data   RW          600    .data               freertos.o
    0x20000058   0x08006730   0x0000000c   Data   RW         1007    .data               stm32f1xx_hal.o
    0x20000064   0x0800673c   0x00000004   Data   RW         3633    .data               system_stm32f1xx.o
    0x20000068   0x08006740   0x0000003c   Data   RW         4284    .data               tasks.o
    0x200000a4   0x0800677c   0x00000014   Data   RW         4605    .data               timers.o
    0x200000b8   0x08006790   0x00000004   Data   RW         4802    .data               cmsis_os2.o
    0x200000bc   0x08006794   0x00000018   Data   RW         5162    .data               heap_4.o
    0x200000d4   0x080067ac   0x0000000c   Data   RW         5213    .data               port.o
    0x200000e0        -       0x00000400   Zero   RW          198    .bss                ssd1306.o
    0x200004e0        -       0x00000054   Zero   RW          642    .bss                i2c.o
    0x20000534        -       0x00000014   Zero   RW          684    .bss                rtc.o
    0x20000548        -       0x00000090   Zero   RW          728    .bss                tim.o
    0x200005d8        -       0x00000048   Zero   RW          910    .bss                stm32f1xx_hal_timebase_tim.o
    0x20000620        -       0x00000040   Zero   RW         3869    .bss                queue.o
    0x20000660        -       0x000004c4   Zero   RW         4283    .bss                tasks.o
    0x20000b24        -       0x00000118   Zero   RW         4604    .bss                timers.o
    0x20000c3c        -       0x000006b8   Zero   RW         4801    .bss                cmsis_os2.o
    0x200012f4        -       0x00001000   Zero   RW         5161    .bss                heap_4.o
    0x200022f4   0x080067b8   0x00000004   PAD
    0x200022f8        -       0x00000400   Zero   RW            1    STACK               startup_stm32f103xb.o


==============================================================================

Image component sizes


      Code (inc. data)   RO Data    RW Data    ZI Data      Debug   Object Name

       380         32          0          4       1720      14182   cmsis_os2.o
       582         12          0          0          0      27600   event_groups.o
        40         14         48          4          0       1601   freertos.o
       156         18          0          0          0        903   gpio.o
       460         24          0         24       4096       4579   heap_4.o
       156         26          0          0         84       1569   i2c.o
       138          0          0          0          0       3306   list.o
      2766        456          0         60          0      30064   main.o
         0          0          0          0          0     432128   mpu6050.o
       662         70          0         12          0      10621   port.o
      1512         20          0          0         64      14196   queue.o
       208         20          0          0         20       1579   rtc.o
       680         48          0          8       1024       8668   ssd1306.o
         0          0       5320         16          0       1027   ssd1306_fonts.o
        36          8        236          0       1024        788   startup_stm32f103xb.o
       100         18          0         12          0       5138   stm32f1xx_hal.o
       158         14          0          0          0      28110   stm32f1xx_hal_cortex.o
       524         40          0          0          0       4034   stm32f1xx_hal_gpio.o
      1316         32          0          0          0       9043   stm32f1xx_hal_i2c.o
        72         10          0          0          0        842   stm32f1xx_hal_msp.o
        12          4          0          0          0        499   stm32f1xx_hal_pwr.o
      1336        110          0          0          0       5709   stm32f1xx_hal_rcc.o
       436         46          0          0          0       2489   stm32f1xx_hal_rcc_ex.o
      1696         28          0          0          0      14064   stm32f1xx_hal_rtc.o
        80          4          0          0          0       2643   stm32f1xx_hal_rtc_ex.o
      2074         74          0          0          0      16560   stm32f1xx_hal_tim.o
       192         12          0          0          0       3081   stm32f1xx_hal_tim_ex.o
       156         30          0          0         72       2266   stm32f1xx_hal_timebase_tim.o
       118         42          0          0          0       5912   stm32f1xx_it.o
         0          0          0          0          0       8868   stream_buffer.o
         2          0         24          4          0       1071   system_stm32f1xx.o
      2328        192          0         60       1220      25876   tasks.o
       576         36          0          0        144       3125   tim.o
      1072         88          0         20        280      28366   timers.o

    ----------------------------------------------------------------------
     20068       1528       5660        224       9752     720507   Object Totals
         0          0         32          0          0          0   (incl. Generated)
        44          0          0          0          4          0   (incl. Padding)

    ----------------------------------------------------------------------

      Code (inc. data)   RO Data    RW Data    ZI Data      Debug   Library Member Name

         0          0          0          0          0          0   entry.o
         0          0          0          0          0          0   entry10a.o
         0          0          0          0          0          0   entry11a.o
         4          0          0          0          0          0   entry12b.o
         8          4          0          0          0          0   entry2.o
         4          0          0          0          0          0   entry5.o
         0          0          0          0          0          0   entry7b.o
         0          0          0          0          0          0   entry8b.o
         8          4          0          0          0          0   entry9a.o
        30          0          0          0          0          0   handlers.o
        36          8          0          0          0         68   init.o
        36          0          0          0          0         68   memcpya.o
        36          0          0          0          0        108   memseta.o
       390         10          0          0          0        252   printf1.o
        44          0          0          0          0         80   uidiv.o

    ----------------------------------------------------------------------
       600         26          0          0          0        576   Library Totals
         4          0          0          0          0          0   (incl. Padding)

    ----------------------------------------------------------------------

      Code (inc. data)   RO Data    RW Data    ZI Data      Debug   Library Name

       596         26          0          0          0        576   mc_w.l

    ----------------------------------------------------------------------
       600         26          0          0          0        576   Library Totals

    ----------------------------------------------------------------------

==============================================================================


      Code (inc. data)   RO Data    RW Data    ZI Data      Debug   

     20668       1554       5660        224       9752     709483   Grand Totals
     20668       1554       5660        224       9752     709483   ELF Image Totals
     20668       1554       5660        224          0          0   ROM Totals

==============================================================================

    Total RO  Size (Code + RO Data)                26328 (  25.71kB)
    Total RW  Size (RW Data + ZI Data)              9976 (   9.74kB)
    Total ROM Size (Code + RO Data + RW Data)      26552 (  25.93kB)

==============================================================================

