Component: ARM Compiler 5.06 update 7 (build 960) Tool: armlink [4d3601]

==============================================================================

Section Cross References

    startup_stm32f103xb.o(RESET) refers to startup_stm32f103xb.o(STACK) for __initial_sp
    startup_stm32f103xb.o(RESET) refers to startup_stm32f103xb.o(.text) for Reset_Handler
    startup_stm32f103xb.o(RESET) refers to stm32f1xx_it.o(i.NMI_Handler) for NMI_Handler
    startup_stm32f103xb.o(RESET) refers to stm32f1xx_it.o(i.HardFault_Handler) for HardFault_Handler
    startup_stm32f103xb.o(RESET) refers to stm32f1xx_it.o(i.MemManage_Handler) for MemManage_Handler
    startup_stm32f103xb.o(RESET) refers to stm32f1xx_it.o(i.BusFault_Handler) for BusFault_Handler
    startup_stm32f103xb.o(RESET) refers to stm32f1xx_it.o(i.UsageFault_Handler) for UsageFault_Handler
    startup_stm32f103xb.o(RESET) refers to port.o(.emb_text) for SVC_Handler
    startup_stm32f103xb.o(RESET) refers to stm32f1xx_it.o(i.DebugMon_Handler) for DebugMon_Handler
    startup_stm32f103xb.o(RESET) refers to port.o(i.SysTick_Handler) for SysTick_Handler
    startup_stm32f103xb.o(RESET) refers to stm32f1xx_it.o(i.RTC_IRQHandler) for RTC_IRQHandler
    startup_stm32f103xb.o(RESET) refers to stm32f1xx_it.o(i.TIM1_UP_IRQHandler) for TIM1_UP_IRQHandler
    startup_stm32f103xb.o(RESET) refers to stm32f1xx_it.o(i.TIM1_TRG_COM_IRQHandler) for TIM1_TRG_COM_IRQHandler
    startup_stm32f103xb.o(RESET) refers to stm32f1xx_it.o(i.TIM1_CC_IRQHandler) for TIM1_CC_IRQHandler
    startup_stm32f103xb.o(RESET) refers to stm32f1xx_it.o(i.TIM2_IRQHandler) for TIM2_IRQHandler
    startup_stm32f103xb.o(RESET) refers to stm32f1xx_it.o(i.TIM4_IRQHandler) for TIM4_IRQHandler
    startup_stm32f103xb.o(RESET) refers to stm32f1xx_it.o(i.EXTI15_10_IRQHandler) for EXTI15_10_IRQHandler
    startup_stm32f103xb.o(RESET) refers to stm32f1xx_it.o(i.RTC_Alarm_IRQHandler) for RTC_Alarm_IRQHandler
    startup_stm32f103xb.o(.text) refers to system_stm32f1xx.o(i.SystemInit) for SystemInit
    startup_stm32f103xb.o(.text) refers to entry.o(.ARM.Collect$$$$00000000) for __main
    mpu6050.o(i.Kalman_getAngle) refers to dadd.o(.text) for __aeabi_dsub
    mpu6050.o(i.Kalman_getAngle) refers to dmul.o(.text) for __aeabi_dmul
    mpu6050.o(i.Kalman_getAngle) refers to ddiv.o(.text) for __aeabi_ddiv
    mpu6050.o(i.MPU6050_Init) refers to stm32f1xx_hal_i2c.o(i.HAL_I2C_Mem_Read) for HAL_I2C_Mem_Read
    mpu6050.o(i.MPU6050_Init) refers to stm32f1xx_hal_i2c.o(i.HAL_I2C_Mem_Write) for HAL_I2C_Mem_Write
    mpu6050.o(i.MPU6050_Read_Accel) refers to stm32f1xx_hal_i2c.o(i.HAL_I2C_Mem_Read) for HAL_I2C_Mem_Read
    mpu6050.o(i.MPU6050_Read_Accel) refers to dflti.o(.text) for __aeabi_i2d
    mpu6050.o(i.MPU6050_Read_Accel) refers to dscalb.o(.text) for __ARM_scalbn
    mpu6050.o(i.MPU6050_Read_Accel) refers to ddiv.o(.text) for __aeabi_ddiv
    mpu6050.o(i.MPU6050_Read_All) refers to stm32f1xx_hal_i2c.o(i.HAL_I2C_Mem_Read) for HAL_I2C_Mem_Read
    mpu6050.o(i.MPU6050_Read_All) refers to dflti.o(.text) for __aeabi_i2d
    mpu6050.o(i.MPU6050_Read_All) refers to dscalb.o(.text) for __ARM_scalbn
    mpu6050.o(i.MPU6050_Read_All) refers to ddiv.o(.text) for __aeabi_ddiv
    mpu6050.o(i.MPU6050_Read_All) refers to fflti.o(.text) for __aeabi_i2f
    mpu6050.o(i.MPU6050_Read_All) refers to fdiv.o(.text) for __aeabi_fdiv
    mpu6050.o(i.MPU6050_Read_All) refers to fadd.o(.text) for __aeabi_fadd
    mpu6050.o(i.MPU6050_Read_All) refers to stm32f1xx_hal.o(i.HAL_GetTick) for HAL_GetTick
    mpu6050.o(i.MPU6050_Read_All) refers to dfltui.o(.text) for __aeabi_ui2d
    mpu6050.o(i.MPU6050_Read_All) refers to sqrt.o(i.sqrt) for sqrt
    mpu6050.o(i.MPU6050_Read_All) refers to cdcmple.o(.text) for __aeabi_cdcmpeq
    mpu6050.o(i.MPU6050_Read_All) refers to atan.o(i.atan) for atan
    mpu6050.o(i.MPU6050_Read_All) refers to dmul.o(.text) for __aeabi_dmul
    mpu6050.o(i.MPU6050_Read_All) refers to atan2.o(i.atan2) for atan2
    mpu6050.o(i.MPU6050_Read_All) refers to cdrcmple.o(.text) for __aeabi_cdrcmple
    mpu6050.o(i.MPU6050_Read_All) refers to mpu6050.o(i.Kalman_getAngle) for Kalman_getAngle
    mpu6050.o(i.MPU6050_Read_All) refers to mpu6050.o(.data) for .data
    mpu6050.o(i.MPU6050_Read_Gyro) refers to stm32f1xx_hal_i2c.o(i.HAL_I2C_Mem_Read) for HAL_I2C_Mem_Read
    mpu6050.o(i.MPU6050_Read_Gyro) refers to dflti.o(.text) for __aeabi_i2d
    mpu6050.o(i.MPU6050_Read_Gyro) refers to ddiv.o(.text) for __aeabi_ddiv
    mpu6050.o(i.MPU6050_Read_Temp) refers to stm32f1xx_hal_i2c.o(i.HAL_I2C_Mem_Read) for HAL_I2C_Mem_Read
    mpu6050.o(i.MPU6050_Read_Temp) refers to fflti.o(.text) for __aeabi_i2f
    mpu6050.o(i.MPU6050_Read_Temp) refers to fdiv.o(.text) for __aeabi_fdiv
    mpu6050.o(i.MPU6050_Read_Temp) refers to fadd.o(.text) for __aeabi_fadd
    ssd1306.o(i.ssd1306_DegToRad) refers to f2d.o(.text) for __aeabi_f2d
    ssd1306.o(i.ssd1306_DegToRad) refers to dmul.o(.text) for __aeabi_dmul
[...]
    TIM_TI2_ConfigInputStage                 0x08002f6b   Thumb Code    36  stm32f1xx_hal_tim.o(i.TIM_TI2_ConfigInputStage)
    i.UsageFault_Handler                     0x08002f8e   Section        0  stm32f1xx_it.o(i.UsageFault_Handler)
    i.__0sprintf$1                           0x08002f90   Section        0  printf1.o(i.__0sprintf$1)
    i.__NVIC_SetPriority                     0x08002fb8   Section        0  stm32f1xx_hal_cortex.o(i.__NVIC_SetPriority)
    __NVIC_SetPriority                       0x08002fb9   Thumb Code    32  stm32f1xx_hal_cortex.o(i.__NVIC_SetPriority)
    i.__scatterload_copy                     0x08002fd8   Section       14  handlers.o(i.__scatterload_copy)
    i.__scatterload_null                     0x08002fe6   Section        2  handlers.o(i.__scatterload_null)
    i.__scatterload_zeroinit                 0x08002fe8   Section       14  handlers.o(i.__scatterload_zeroinit)
    i._printf_core                           0x08002ff8   Section        0  printf1.o(i._printf_core)
    _printf_core                             0x08002ff9   Thumb Code   336  printf1.o(i._printf_core)
    i._sputc                                 0x0800314c   Section        0  printf1.o(i._sputc)
    _sputc                                   0x0800314d   Thumb Code    10  printf1.o(i._sputc)
    i.main                                   0x08003158   Section        0  main.o(i.main)
    i.osDelay                                0x080032d0   Section        0  cmsis_os2.o(i.osDelay)
    i.osKernelInitialize                     0x08003304   Section        0  cmsis_os2.o(i.osKernelInitialize)
    i.osKernelStart                          0x0800333c   Section        0  cmsis_os2.o(i.osKernelStart)
    i.osThreadNew                            0x0800337c   Section        0  cmsis_os2.o(i.osThreadNew)
    i.prvAddCurrentTaskToDelayedList         0x08003420   Section        0  tasks.o(i.prvAddCurrentTaskToDelayedList)
    prvAddCurrentTaskToDelayedList           0x08003421   Thumb Code    92  tasks.o(i.prvAddCurrentTaskToDelayedList)
    i.prvAddNewTaskToReadyList               0x08003484   Section        0  tasks.o(i.prvAddNewTaskToReadyList)
    prvAddNewTaskToReadyList                 0x08003485   Thumb Code   190  tasks.o(i.prvAddNewTaskToReadyList)
    i.prvCheckForValidListAndQueue           0x08003554   Section        0  timers.o(i.prvCheckForValidListAndQueue)
    prvCheckForValidListAndQueue             0x08003555   Thumb Code    72  timers.o(i.prvCheckForValidListAndQueue)
    i.prvCopyDataFromQueue                   0x080035ac   Section        0  queue.o(i.prvCopyDataFromQueue)
    prvCopyDataFromQueue                     0x080035ad   Thumb Code    38  queue.o(i.prvCopyDataFromQueue)
    i.prvCopyDataToQueue                     0x080035d2   Section        0  queue.o(i.prvCopyDataToQueue)
    prvCopyDataToQueue                       0x080035d3   Thumb Code   108  queue.o(i.prvCopyDataToQueue)
    i.prvDeleteTCB                           0x0800363e   Section        0  tasks.o(i.prvDeleteTCB)
    prvDeleteTCB                             0x0800363f   Thumb Code    52  tasks.o(i.prvDeleteTCB)
    i.prvHeapInit                            0x08003674   Section        0  heap_4.o(i.prvHeapInit)
    prvHeapInit                              0x08003675   Thumb Code    66  heap_4.o(i.prvHeapInit)
    i.prvIdleTask                            0x080036c0   Section        0  tasks.o(i.prvIdleTask)
    prvIdleTask                              0x080036c1   Thumb Code    82  tasks.o(i.prvIdleTask)
    i.prvInitialiseNewQueue                  0x08003720   Section        0  queue.o(i.prvInitialiseNewQueue)
    prvInitialiseNewQueue                    0x08003721   Thumb Code    34  queue.o(i.prvInitialiseNewQueue)
    i.prvInitialiseNewTask                   0x08003742   Section        0  tasks.o(i.prvInitialiseNewTask)
    prvInitialiseNewTask                     0x08003743   Thumb Code   160  tasks.o(i.prvInitialiseNewTask)
    i.prvInitialiseNewTimer                  0x080037e2   Section        0  timers.o(i.prvInitialiseNewTimer)
    prvInitialiseNewTimer                    0x080037e3   Thumb Code    68  timers.o(i.prvInitialiseNewTimer)
    i.prvInsertBlockIntoFreeList             0x08003828   Section        0  heap_4.o(i.prvInsertBlockIntoFreeList)
    prvInsertBlockIntoFreeList               0x08003829   Thumb Code    72  heap_4.o(i.prvInsertBlockIntoFreeList)
    i.prvInsertTimerInActiveList             0x08003874   Section        0  timers.o(i.prvInsertTimerInActiveList)
    prvInsertTimerInActiveList               0x08003875   Thumb Code    52  timers.o(i.prvInsertTimerInActiveList)
    i.prvIsQueueEmpty                        0x080038ac   Section        0  queue.o(i.prvIsQueueEmpty)
    prvIsQueueEmpty                          0x080038ad   Thumb Code    28  queue.o(i.prvIsQueueEmpty)
    i.prvProcessReceivedCommands             0x080038c8   Section        0  timers.o(i.prvProcessReceivedCommands)
    prvProcessReceivedCommands               0x080038c9   Thumb Code   198  timers.o(i.prvProcessReceivedCommands)
    i.prvProcessTimerOrBlockTask             0x08003994   Section        0  timers.o(i.prvProcessTimerOrBlockTask)
    prvProcessTimerOrBlockTask               0x08003995   Thumb Code   172  timers.o(i.prvProcessTimerOrBlockTask)
    i.prvResetNextTaskUnblockTime            0x08003a48   Section        0  tasks.o(i.prvResetNextTaskUnblockTime)
    prvResetNextTaskUnblockTime              0x08003a49   Thumb Code    26  tasks.o(i.prvResetNextTaskUnblockTime)
    i.prvSampleTimeNow                       0x08003a68   Section        0  timers.o(i.prvSampleTimeNow)
    prvSampleTimeNow                         0x08003a69   Thumb Code    36  timers.o(i.prvSampleTimeNow)
    i.prvSwitchTimerLists                    0x08003a90   Section        0  timers.o(i.prvSwitchTimerLists)
    prvSwitchTimerLists                      0x08003a91   Thumb Code   102  timers.o(i.prvSwitchTimerLists)
    i.prvTaskExitError                       0x08003afc   Section        0  port.o(i.prvTaskExitError)
    prvTaskExitError                         0x08003afd   Thumb Code    36  port.o(i.prvTaskExitError)
    i.prvTestWaitCondition                   0x08003b24   Section        0  event_groups.o(i.prvTestWaitCondition)
    prvTestWaitCondition                     0x08003b25   Thumb Code    20  event_groups.o(i.prvTestWaitCondition)
    i.prvTimerTask                           0x08003b38   Section        0  timers.o(i.prvTimerTask)
    prvTimerTask                             0x08003b39   Thumb Code    32  timers.o(i.prvTimerTask)
    i.prvUnlockQueue                         0x08003b5c   Section        0  queue.o(i.prvUnlockQueue)
    prvUnlockQueue                           0x08003b5d   Thumb Code   106  queue.o(i.prvUnlockQueue)
    i.pvPortMalloc                           0x08003bc8   Section        0  heap_4.o(i.pvPortMalloc)
    i.pxPortInitialiseStack                  0x08003ca0   Section        0  port.o(i.pxPortInitialiseStack)
    i.setalarm                               0x08003cc4   Section        0  main.o(i.setalarm)
    i.ssd1306_DrawPixel                      0x08003cf8   Section        0  ssd1306.o(i.ssd1306_DrawPixel)
    i.ssd1306_Fill                           0x08003d38   Section        0  ssd1306.o(i.ssd1306_Fill)
    i.ssd1306_Init                           0x08003d58   Section        0  ssd1306.o(i.ssd1306_Init)
    i.ssd1306_SetContrast                    0x08003e20   Section        0  ssd1306.o(i.ssd1306_SetContrast)
    i.ssd1306_SetCursor                      0x08003e34   Section        0  ssd1306.o(i.ssd1306_SetCursor)
    i.ssd1306_SetDisplayOn                   0x08003e40   Section        0  ssd1306.o(i.ssd1306_SetDisplayOn)
    i.ssd1306_UpdateScreen                   0x08003e58   Section        0  ssd1306.o(i.ssd1306_UpdateScreen)
    i.ssd1306_WriteChar                      0x08003e90   Section        0  ssd1306.o(i.ssd1306_WriteChar)
    i.ssd1306_WriteCommand                   0x08003f30   Section        0  ssd1306.o(i.ssd1306_WriteCommand)
    i.ssd1306_WriteData                      0x08003f54   Section        0  ssd1306.o(i.ssd1306_WriteData)
    i.ssd1306_WriteString                    0x08003f74   Section        0  ssd1306.o(i.ssd1306_WriteString)
    i.uxListRemove                           0x08003fa0   Section        0  list.o(i.uxListRemove)
    i.uxTaskResetEventItemValue              0x08003fc8   Section        0  tasks.o(i.uxTaskResetEventItemValue)
    i.vApplicationGetIdleTaskMemory          0x08003fe0   Section        0  cmsis_os2.o(i.vApplicationGetIdleTaskMemory)
    i.vApplicationGetTimerTaskMemory         0x08003ff4   Section        0  cmsis_os2.o(i.vApplicationGetTimerTaskMemory)
    i.vEventGroupClearBitsCallback           0x0800400c   Section        0  event_groups.o(i.vEventGroupClearBitsCallback)
    i.vEventGroupSetBitsCallback             0x08004010   Section        0  event_groups.o(i.vEventGroupSetBitsCallback)
    i.vListInitialise                        0x08004014   Section        0  list.o(i.vListInitialise)
    i.vListInitialiseItem                    0x0800402a   Section        0  list.o(i.vListInitialiseItem)
    i.vListInsert                            0x08004030   Section        0  list.o(i.vListInsert)
    i.vListInsertEnd                         0x08004060   Section        0  list.o(i.vListInsertEnd)
    i.vPortEnterCritical                     0x08004078   Section        0  port.o(i.vPortEnterCritical)
    i.vPortExitCritical                      0x080040b8   Section        0  port.o(i.vPortExitCritical)
    i.vPortFree                              0x080040e0   Section        0  heap_4.o(i.vPortFree)
    i.vPortSetupTimerInterrupt               0x0800413c   Section        0  port.o(i.vPortSetupTimerInterrupt)
    i.vPortValidateInterruptPriority         0x08004160   Section        0  port.o(i.vPortValidateInterruptPriority)
    i.vQueueAddToRegistry                    0x080041b4   Section        0  queue.o(i.vQueueAddToRegistry)
    i.vQueueWaitForMessageRestricted         0x080041dc   Section        0  queue.o(i.vQueueWaitForMessageRestricted)
    i.vSLEEP                                 0x08004220   Section        0  main.o(i.vSLEEP)
    i.vShowMenu                              0x080042a8   Section        0  main.o(i.vShowMenu)
    i.vShowTime                              0x080042d0   Section        0  main.o(i.vShowTime)
    i.vTaskDelay                             0x080042f8   Section        0  tasks.o(i.vTaskDelay)
    i.vTaskInternalSetTimeOutState           0x08004344   Section        0  tasks.o(i.vTaskInternalSetTimeOutState)
    i.vTaskMissedYield                       0x08004354   Section        0  tasks.o(i.vTaskMissedYield)
    i.vTaskPlaceOnEventList                  0x08004360   Section        0  tasks.o(i.vTaskPlaceOnEventList)
    i.vTaskPlaceOnEventListRestricted        0x08004390   Section        0  tasks.o(i.vTaskPlaceOnEventListRestricted)
    i.vTaskPlaceOnUnorderedEventList         0x080043c8   Section        0  tasks.o(i.vTaskPlaceOnUnorderedEventList)
    i.vTaskRemoveFromUnorderedEventList      0x08004418   Section        0  tasks.o(i.vTaskRemoveFromUnorderedEventList)
    i.vTaskStartScheduler                    0x08004488   Section        0  tasks.o(i.vTaskStartScheduler)
    i.vTaskSuspendAll                        0x08004510   Section        0  tasks.o(i.vTaskSuspendAll)
    i.vTaskSwitchContext                     0x08004520   Section        0  tasks.o(i.vTaskSwitchContext)
    i.xEventGroupClearBits                   0x08004584   Section        0  event_groups.o(i.xEventGroupClearBits)
    i.xEventGroupClearBitsFromISR            0x080045c4   Section        0  event_groups.o(i.xEventGroupClearBitsFromISR)
    i.xEventGroupCreate                      0x080045d4   Section        0  event_groups.o(i.xEventGroupCreate)
    i.xEventGroupGetBitsFromISR              0x080045f0   Section        0  event_groups.o(i.xEventGroupGetBitsFromISR)
    i.xEventGroupSetBits                     0x0800460a   Section        0  event_groups.o(i.xEventGroupSetBits)
    i.xEventGroupSetBitsFromISR              0x08004698   Section        0  event_groups.o(i.xEventGroupSetBitsFromISR)
    i.xEventGroupWaitBits                    0x080046a8   Section        0  event_groups.o(i.xEventGroupWaitBits)
    i.xPortStartScheduler                    0x080047b0   Section        0  port.o(i.xPortStartScheduler)
    i.xQueueGenericCreateStatic              0x08004858   Section        0  queue.o(i.xQueueGenericCreateStatic)
    i.xQueueGenericReset                     0x080048c0   Section        0  queue.o(i.xQueueGenericReset)
    i.xQueueGenericSend                      0x08004948   Section        0  queue.o(i.xQueueGenericSend)
    i.xQueueGenericSendFromISR               0x08004aa8   Section        0  queue.o(i.xQueueGenericSendFromISR)
    i.xQueueReceive                          0x08004b64   Section        0  queue.o(i.xQueueReceive)
    i.xTaskCheckForTimeOut                   0x08004c9c   Section        0  tasks.o(i.xTaskCheckForTimeOut)
    i.xTaskCreate                            0x08004d24   Section        0  tasks.o(i.xTaskCreate)
    i.xTaskCreateStatic                      0x08004d7e   Section        0  tasks.o(i.xTaskCreateStatic)
    i.xTaskGetSchedulerState                 0x08004dd4   Section        0  tasks.o(i.xTaskGetSchedulerState)
    i.xTaskGetTickCount                      0x08004df0   Section        0  tasks.o(i.xTaskGetTickCount)
    i.xTaskGetTickCountFromISR               0x08004dfc   Section        0  tasks.o(i.xTaskGetTickCountFromISR)
    i.xTaskIncrementTick                     0x08004e0c   Section        0  tasks.o(i.xTaskIncrementTick)
    i.xTaskPriorityDisinherit                0x08004ed4   Section        0  tasks.o(i.xTaskPriorityDisinherit)
    i.xTaskRemoveFromEventList               0x08004f54   Section        0  tasks.o(i.xTaskRemoveFromEventList)
    i.xTaskResumeAll                         0x08004fc4   Section        0  tasks.o(i.xTaskResumeAll)
    i.xTimerCreate                           0x08005088   Section        0  timers.o(i.xTimerCreate)
    i.xTimerCreateTimerTask                  0x080050bc   Section        0  timers.o(i.xTimerCreateTimerTask)
    i.xTimerGenericCommand                   0x0800511c   Section        0  timers.o(i.xTimerGenericCommand)
    i.xTimerPendFunctionCallFromISR          0x08005184   Section        0  timers.o(i.xTimerPendFunctionCallFromISR)
    .constdata                               0x080051ac   Section     1900  ssd1306_fonts.o(.constdata)
    Font7x10                                 0x080051ac   Data        1900  ssd1306_fonts.o(.constdata)
    .constdata                               0x08005918   Section     3420  ssd1306_fonts.o(.constdata)
    Font11x18                                0x08005918   Data        3420  ssd1306_fonts.o(.constdata)
    .constdata                               0x08006674   Section       36  freertos.o(.constdata)
    .constdata                               0x08006698   Section       16  system_stm32f1xx.o(.constdata)
    .constdata                               0x080066a8   Section        8  system_stm32f1xx.o(.constdata)
    .conststring                             0x080066b0   Section       12  freertos.o(.conststring)
    .data                                    0x20000000   Section        8  ssd1306.o(.data)
    SSD1306                                  0x20000000   Data           8  ssd1306.o(.data)
    .data                                    0x20000008   Section        8  ssd1306_fonts.o(.data)
    .data                                    0x20000010   Section        8  ssd1306_fonts.o(.data)
    .data                                    0x20000018   Section       48  main.o(.data)
    i                                        0x2000002c   Data           4  main.o(.data)
    .data                                    0x20000048   Section        4  freertos.o(.data)
    .data                                    0x2000004c   Section       12  stm32f1xx_hal.o(.data)
    .data                                    0x20000058   Section        4  system_stm32f1xx.o(.data)
    .data                                    0x2000005c   Section       60  tasks.o(.data)
    pxDelayedTaskList                        0x20000060   Data           4  tasks.o(.data)
    pxOverflowDelayedTaskList                0x20000064   Data           4  tasks.o(.data)
    uxDeletedTasksWaitingCleanUp             0x20000068   Data           4  tasks.o(.data)
    uxCurrentNumberOfTasks                   0x2000006c   Data           4  tasks.o(.data)
    xTickCount                               0x20000070   Data           4  tasks.o(.data)
    uxTopReadyPriority                       0x20000074   Data           4  tasks.o(.data)
    xSchedulerRunning                        0x20000078   Data           4  tasks.o(.data)
    uxPendedTicks                            0x2000007c   Data           4  tasks.o(.data)
    xYieldPending                            0x20000080   Data           4  tasks.o(.data)
    xNumOfOverflows                          0x20000084   Data           4  tasks.o(.data)
    uxTaskNumber                             0x20000088   Data           4  tasks.o(.data)
    xNextTaskUnblockTime                     0x2000008c   Data           4  tasks.o(.data)
    xIdleTaskHandle                          0x20000090   Data           4  tasks.o(.data)
    uxSchedulerSuspended                     0x20000094   Data           4  tasks.o(.data)
    .data                                    0x20000098   Section       20  timers.o(.data)
    pxCurrentTimerList                       0x20000098   Data           4  timers.o(.data)
    pxOverflowTimerList                      0x2000009c   Data           4  timers.o(.data)
    xTimerQueue                              0x200000a0   Data           4  timers.o(.data)
    xTimerTaskHandle                         0x200000a4   Data           4  timers.o(.data)
    xLastTime                                0x200000a8   Data           4  timers.o(.data)
    .data                                    0x200000ac   Section        4  cmsis_os2.o(.data)
    KernelState                              0x200000ac   Data           4  cmsis_os2.o(.data)
    .data                                    0x200000b0   Section       24  heap_4.o(.data)
    pxEnd                                    0x200000b0   Data           4  heap_4.o(.data)
    xFreeBytesRemaining                      0x200000b4   Data           4  heap_4.o(.data)
    xMinimumEverFreeBytesRemaining           0x200000b8   Data           4  heap_4.o(.data)
    xBlockAllocatedBit                       0x200000bc   Data           4  heap_4.o(.data)
    xStart                                   0x200000c0   Data           8  heap_4.o(.data)
    .data                                    0x200000c8   Section       12  port.o(.data)
    ucMaxSysCallPriority                     0x200000c8   Data           1  port.o(.data)
    uxCriticalNesting                        0x200000cc   Data           4  port.o(.data)
    ulMaxPRIGROUPValue                       0x200000d0   Data           4  port.o(.data)
    .bss                                     0x200000d4   Section     1024  ssd1306.o(.bss)
    SSD1306_Buffer                           0x200000d4   Data        1024  ssd1306.o(.bss)
    .bss                                     0x200004d4   Section       84  i2c.o(.bss)
    .bss                                     0x20000528   Section       20  rtc.o(.bss)
    .bss                                     0x2000053c   Section      144  tim.o(.bss)
    .bss                                     0x200005cc   Section       72  stm32f1xx_hal_timebase_tim.o(.bss)
    .bss                                     0x20000614   Section       64  queue.o(.bss)
    .bss                                     0x20000654   Section     1220  tasks.o(.bss)
    pxReadyTasksLists                        0x20000654   Data        1120  tasks.o(.bss)
    xDelayedTaskList1                        0x20000ab4   Data          20  tasks.o(.bss)
    xDelayedTaskList2                        0x20000ac8   Data          20  tasks.o(.bss)
    xPendingReadyList                        0x20000adc   Data          20  tasks.o(.bss)
    xTasksWaitingTermination                 0x20000af0   Data          20  tasks.o(.bss)
    xSuspendedTaskList                       0x20000b04   Data          20  tasks.o(.bss)
    .bss                                     0x20000b18   Section      280  timers.o(.bss)
    xActiveTimerList1                        0x20000b18   Data          20  timers.o(.bss)
    xActiveTimerList2                        0x20000b2c   Data          20  timers.o(.bss)
    xStaticTimerQueue                        0x20000b40   Data          80  timers.o(.bss)
    ucStaticTimerQueueStorage                0x20000b90   Data         160  timers.o(.bss)
    .bss                                     0x20000c30   Section     1720  cmsis_os2.o(.bss)
    Idle_TCB                                 0x20000c30   Data          92  cmsis_os2.o(.bss)
    Idle_Stack                               0x20000c8c   Data         512  cmsis_os2.o(.bss)
    Timer_TCB                                0x20000e8c   Data          92  cmsis_os2.o(.bss)
    Timer_Stack                              0x20000ee8   Data        1024  cmsis_os2.o(.bss)
    .bss                                     0x200012e8   Section     4096  heap_4.o(.bss)
    ucHeap                                   0x200012e8   Data        4096  heap_4.o(.bss)
    STACK                                    0x200022e8   Section     1024  startup_stm32f103xb.o(STACK)

    Global Symbols

    Symbol Name                              Value     Ov Type        Size  Object(Section)

    BuildAttributes$$THM_ISAv4$P$D$K$B$S$PE$A:L22UL41UL21$X:L11$S22US41US21$IEEE1$IW$USESV6$~STKCKD$USESV7$~SHL$OTIME$ROPI$IEEEX$EBA8$MICROLIB$REQ8$PRES8$EABIv2 0x00000000   Number         0  anon$$obj.o ABSOLUTE
    __ARM_use_no_argv                        0x00000000   Number         0  main.o ABSOLUTE
    _printf_a                                0x00000000   Number         0  stubs.o ABSOLUTE
    _printf_c                                0x00000000   Number         0  stubs.o ABSOLUTE
    _printf_charcount                        0x00000000   Number         0  stubs.o ABSOLUTE
    _printf_d                                0x00000000   Number         0  stubs.o ABSOLUTE
    _printf_e                                0x00000000   Number         0  stubs.o ABSOLUTE
    _printf_f                                0x00000000   Number         0  stubs.o ABSOLUTE
    _printf_flags                            0x00000000   Number         0  stubs.o ABSOLUTE
    _printf_fp_dec                           0x00000000   Number         0  stubs.o ABSOLUTE
    _printf_fp_hex                           0x00000000   Number         0  stubs.o ABSOLUTE
    _printf_g                                0x00000000   Number         0  stubs.o ABSOLUTE
    _printf_i                                0x00000000   Number         0  stubs.o ABSOLUTE
    _printf_int_dec                          0x00000000   Number         0  stubs.o ABSOLUTE
    _printf_l                                0x00000000   Number         0  stubs.o ABSOLUTE
    _printf_lc                               0x00000000   Number         0  stubs.o ABSOLUTE
    _printf_ll                               0x00000000   Number         0  stubs.o ABSOLUTE
    _printf_lld                              0x00000000   Number         0  stubs.o ABSOLUTE
    _printf_lli                              0x00000000   Number         0  stubs.o ABSOLUTE
    _printf_llo                              0x00000000   Number         0  stubs.o ABSOLUTE
    _printf_llu                              0x00000000   Number         0  stubs.o ABSOLUTE
    _printf_llx                              0x00000000   Number         0  stubs.o ABSOLUTE
    _printf_longlong_dec                     0x00000000   Number         0  stubs.o ABSOLUTE
    _printf_longlong_hex                     0x00000000   Number         0  stubs.o ABSOLUTE
    _printf_longlong_oct                     0x00000000   Number         0  stubs.o ABSOLUTE
    _printf_ls                               0x00000000   Number         0  stubs.o ABSOLUTE
    _printf_mbtowc                           0x00000000   Number         0  stubs.o ABSOLUTE
    _printf_n                                0x00000000   Number         0  stubs.o ABSOLUTE
    _printf_o                                0x00000000   Number         0  stubs.o ABSOLUTE
    _printf_p                                0x00000000   Number         0  stubs.o ABSOLUTE
    _printf_percent                          0x00000000   Number         0  stubs.o ABSOLUTE
    _printf_pre_padding                      0x00000000   Number         0  stubs.o ABSOLUTE
    _printf_return_value                     0x00000000   Number         0  stubs.o ABSOLUTE
    _printf_s                                0x00000000   Number         0  stubs.o ABSOLUTE
    _printf_sizespec                         0x00000000   Number         0  stubs.o ABSOLUTE
    _printf_str                              0x00000000   Number         0  stubs.o ABSOLUTE
    _printf_truncate_signed                  0x00000000   Number         0  stubs.o ABSOLUTE
    _printf_truncate_unsigned                0x00000000   Number         0  stubs.o ABSOLUTE
    _printf_u                                0x00000000   Number         0  stubs.o ABSOLUTE
    _printf_wc                               0x00000000   Number         0  stubs.o ABSOLUTE
    _printf_wctomb                           0x00000000   Number         0  stubs.o ABSOLUTE
    _printf_widthprec                        0x00000000   Number         0  stubs.o ABSOLUTE
    _printf_x                                0x00000000   Number         0  stubs.o ABSOLUTE
    __arm_fini_                               - Undefined Weak Reference
    __cpp_initialize__aeabi_                  - Undefined Weak Reference
    __cxa_finalize                            - Undefined Weak Reference
    __decompress                              - Undefined Weak Reference
    _clock_init                               - Undefined Weak Reference
    _microlib_exit                            - Undefined Weak Reference
    __Vectors_Size                           0x000000ec   Number         0  startup_stm32f103xb.o ABSOLUTE
    __Vectors                                0x08000000   Data           4  startup_stm32f103xb.o(RESET)
    __Vectors_End                            0x080000ec   Data           0  startup_stm32f103xb.o(RESET)
    __main                                   0x080000ed   Thumb Code     0  entry.o(.ARM.Collect$$$$00000000)
    _main_stk                                0x080000ed   Thumb Code     0  entry2.o(.ARM.Collect$$$$00000001)
    _main_scatterload                        0x080000f1   Thumb Code     0  entry5.o(.ARM.Collect$$$$00000004)
    __main_after_scatterload                 0x080000f5   Thumb Code     0  entry5.o(.ARM.Collect$$$$00000004)
    _main_clock                              0x080000f5   Thumb Code     0  entry7b.o(.ARM.Collect$$$$00000008)
    _main_cpp_init                           0x080000f5   Thumb Code     0  entry8b.o(.ARM.Collect$$$$0000000A)
    _main_init                               0x080000f5   Thumb Code     0  entry9a.o(.ARM.Collect$$$$0000000B)
    __rt_lib_shutdown_fini                   0x080000fd   Thumb Code     0  entry12b.o(.ARM.Collect$$$$0000000E)
    __rt_final_cpp                           0x08000101   Thumb Code     0  entry10a.o(.ARM.Collect$$$$0000000F)
    __rt_final_exit                          0x08000101   Thumb Code     0  entry11a.o(.ARM.Collect$$$$00000011)
    SVC_Handler                              0x08000105   Thumb Code    32  port.o(.emb_text)
    __asm___6_port_c_39a90d8d__prvStartFirstTask 0x08000129   Thumb Code    28  port.o(.emb_text)
    PendSV_Handler                           0x08000149   Thumb Code    72  port.o(.emb_text)
    vPortGetIPSR                             0x08000195   Thumb Code     6  port.o(.emb_text)
    Reset_Handler                            0x0800019d   Thumb Code     8  startup_stm32f103xb.o(.text)
    ADC1_2_IRQHandler                        0x080001b7   Thumb Code     0  startup_stm32f103xb.o(.text)
    CAN1_RX1_IRQHandler                      0x080001b7   Thumb Code     0  startup_stm32f103xb.o(.text)
    CAN1_SCE_IRQHandler                      0x080001b7   Thumb Code     0  startup_stm32f103xb.o(.text)
    DMA1_Channel1_IRQHandler                 0x080001b7   Thumb Code     0  startup_stm32f103xb.o(.text)
    DMA1_Channel2_IRQHandler                 0x080001b7   Thumb Code     0  startup_stm32f103xb.o(.text)
    DMA1_Channel3_IRQHandler                 0x080001b7   Thumb Code     0  startup_stm32f103xb.o(.text)
    DMA1_Channel4_IRQHandler                 0x080001b7   Thumb Code     0  startup_stm32f103xb.o(.text)
    DMA1_Channel5_IRQHandler                 0x080001b7   Thumb Code     0  startup_stm32f103xb.o(.text)
    DMA1_Channel6_IRQHandler                 0x080001b7   Thumb Code     0  startup_stm32f103xb.o(.text)
    DMA1_Channel7_IRQHandler                 0x080001b7   Thumb Code     0  startup_stm32f103xb.o(.text)
    EXTI0_IRQHandler                         0x080001b7   Thumb Code     0  startup_stm32f103xb.o(.text)
    EXTI1_IRQHandler                         0x080001b7   Thumb Code     0  startup_stm32f103xb.o(.text)
    EXTI2_IRQHandler                         0x080001b7   Thumb Code     0  startup_stm32f103xb.o(.text)
    EXTI3_IRQHandler                         0x080001b7   Thumb Code     0  startup_stm32f103xb.o(.text)
    EXTI4_IRQHandler                         0x080001b7   Thumb Code     0  startup_stm32f103xb.o(.text)
    EXTI9_5_IRQHandler                       0x080001b7   Thumb Code     0  startup_stm32f103xb.o(.text)
    FLASH_IRQHandler                         0x080001b7   Thumb Code     0  startup_stm32f103xb.o(.text)
    I2C1_ER_IRQHandler                       0x080001b7   Thumb Code     0  startup_stm32f103xb.o(.text)
    I2C1_EV_IRQHandler                       0x080001b7   Thumb Code     0  startup_stm32f103xb.o(.text)
    I2C2_ER_IRQHandler                       0x080001b7   Thumb Code     0  startup_stm32f103xb.o(.text)
    I2C2_EV_IRQHandler                       0x080001b7   Thumb Code     0  startup_stm32f103xb.o(.text)
    PVD_IRQHandler                           0x080001b7   Thumb Code     0  startup_stm32f103xb.o(.text)
    RCC_IRQHandler                           0x080001b7   Thumb Code     0  startup_stm32f103xb.o(.text)
    SPI1_IRQHandler                          0x080001b7   Thumb Code     0  startup_stm32f103xb.o(.text)
    SPI2_IRQHandler                          0x080001b7   Thumb Code     0  startup_stm32f103xb.o(.text)
    TAMPER_IRQHandler                        0x080001b7   Thumb Code     0  startup_stm32f103xb.o(.text)
    TIM1_BRK_IRQHandler                      0x080001b7   Thumb Code     0  startup_stm32f103xb.o(.text)
    TIM3_IRQHandler                          0x080001b7   Thumb Code     0  startup_stm32f103xb.o(.text)
    USART1_IRQHandler                        0x080001b7   Thumb Code     0  startup_stm32f103xb.o(.text)
    USART2_IRQHandler                        0x080001b7   Thumb Code     0  startup_stm32f103xb.o(.text)
    USART3_IRQHandler                        0x080001b7   Thumb Code     0  startup_stm32f103xb.o(.text)
    USBWakeUp_IRQHandler                     0x080001b7   Thumb Code     0  startup_stm32f103xb.o(.text)
    USB_HP_CAN1_TX_IRQHandler                0x080001b7   Thumb Code     0  startup_stm32f103xb.o(.text)
    USB_LP_CAN1_RX0_IRQHandler               0x080001b7   Thumb Code     0  startup_stm32f103xb.o(.text)
    WWDG_IRQHandler                          0x080001b7   Thumb Code     0  startup_stm32f103xb.o(.text)
    __aeabi_memcpy                           0x080001c1   Thumb Code    36  memcpya.o(.text)
    __aeabi_memcpy4                          0x080001c1   Thumb Code     0  memcpya.o(.text)
    __aeabi_memcpy8                          0x080001c1   Thumb Code     0  memcpya.o(.text)
    __aeabi_memset                           0x080001e5   Thumb Code    14  memseta.o(.text)
    __aeabi_memset4                          0x080001e5   Thumb Code     0  memseta.o(.text)
    __aeabi_memset8                          0x080001e5   Thumb Code     0  memseta.o(.text)
    __aeabi_memclr                           0x080001f3   Thumb Code     4  memseta.o(.text)
    __aeabi_memclr4                          0x080001f3   Thumb Code     0  memseta.o(.text)
    __aeabi_memclr8                          0x080001f3   Thumb Code     0  memseta.o(.text)
    memset                                   0x080001f7   Thumb Code    18  memseta.o(.text)
    __aeabi_uidiv                            0x08000209   Thumb Code     0  uidiv.o(.text)
    __aeabi_uidivmod                         0x08000209   Thumb Code    44  uidiv.o(.text)
    __scatterload                            0x08000235   Thumb Code    28  init.o(.text)
    __scatterload_rt2                        0x08000235   Thumb Code     0  init.o(.text)
    BusFault_Handler                         0x08000259   Thumb Code     2  stm32f1xx_it.o(i.BusFault_Handler)
    Button1_Callback                         0x0800025d   Thumb Code   492  main.o(i.Button1_Callback)
    Button2_Callback                         0x08000459   Thumb Code   336  main.o(i.Button2_Callback)
    Date                                     0x080005b5   Thumb Code   128  main.o(i.Date)
    Date_Callback                            0x08000659   Thumb Code    26  main.o(i.Date_Callback)
    DebugMon_Handler                         0x08000679   Thumb Code     2  stm32f1xx_it.o(i.DebugMon_Handler)
    EXTI15_10_IRQHandler                     0x0800067b   Thumb Code    22  stm32f1xx_it.o(i.EXTI15_10_IRQHandler)
    Error_Handler                            0x08000691   Thumb Code     4  main.o(i.Error_Handler)
    HAL_Delay                                0x08000695   Thumb Code    32  stm32f1xx_hal.o(i.HAL_Delay)
    HAL_GPIO_EXTI_Callback                   0x080006b9   Thumb Code    82  main.o(i.HAL_GPIO_EXTI_Callback)
    HAL_GPIO_EXTI_IRQHandler                 0x08000711   Thumb Code    18  stm32f1xx_hal_gpio.o(i.HAL_GPIO_EXTI_IRQHandler)
    HAL_GPIO_Init                            0x08000729   Thumb Code   446  stm32f1xx_hal_gpio.o(i.HAL_GPIO_Init)
    HAL_GPIO_ReadPin                         0x08000909   Thumb Code    10  stm32f1xx_hal_gpio.o(i.HAL_GPIO_ReadPin)
    HAL_GPIO_WritePin                        0x08000913   Thumb Code    10  stm32f1xx_hal_gpio.o(i.HAL_GPIO_WritePin)
    HAL_GetTick                              0x0800091d   Thumb Code     6  stm32f1xx_hal.o(i.HAL_GetTick)
    HAL_I2C_Init                             0x08000929   Thumb Code   376  stm32f1xx_hal_i2c.o(i.HAL_I2C_Init)
    HAL_I2C_Mem_Write                        0x08000ab1   Thumb Code   294  stm32f1xx_hal_i2c.o(i.HAL_I2C_Mem_Write)
    HAL_I2C_MspInit                          0x08000be1   Thumb Code    80  i2c.o(i.HAL_I2C_MspInit)
    HAL_IncTick                              0x08000c3d   Thumb Code    12  stm32f1xx_hal.o(i.HAL_IncTick)
    HAL_Init                                 0x08000c4d   Thumb Code    32  stm32f1xx_hal.o(i.HAL_Init)
    HAL_InitTick                             0x08000c71   Thumb Code    98  stm32f1xx_hal_timebase_tim.o(i.HAL_InitTick)
    HAL_MspInit                              0x08000ce5   Thumb Code    62  stm32f1xx_hal_msp.o(i.HAL_MspInit)
    HAL_NVIC_EnableIRQ                       0x08000d2d   Thumb Code    26  stm32f1xx_hal_cortex.o(i.HAL_NVIC_EnableIRQ)
    HAL_NVIC_SetPriority                     0x08000d49   Thumb Code    60  stm32f1xx_hal_cortex.o(i.HAL_NVIC_SetPriority)
    HAL_NVIC_SetPriorityGrouping             0x08000d89   Thumb Code    26  stm32f1xx_hal_cortex.o(i.HAL_NVIC_SetPriorityGrouping)
    HAL_PWR_EnableBkUpAccess                 0x08000dad   Thumb Code     8  stm32f1xx_hal_pwr.o(i.HAL_PWR_EnableBkUpAccess)
    HAL_RCCEx_GetPeriphCLKFreq               0x08000db9   Thumb Code   166  stm32f1xx_hal_rcc_ex.o(i.HAL_RCCEx_GetPeriphCLKFreq)
    HAL_RCCEx_PeriphCLKConfig                0x08000e81   Thumb Code   224  stm32f1xx_hal_rcc_ex.o(i.HAL_RCCEx_PeriphCLKConfig)
    HAL_RCC_ClockConfig                      0x08000f6d   Thumb Code   280  stm32f1xx_hal_rcc.o(i.HAL_RCC_ClockConfig)
    HAL_RCC_GetClockConfig                   0x08001099   Thumb Code    54  stm32f1xx_hal_rcc.o(i.HAL_RCC_GetClockConfig)
    HAL_RCC_GetPCLK1Freq                     0x080010d9   Thumb Code    20  stm32f1xx_hal_rcc.o(i.HAL_RCC_GetPCLK1Freq)
    HAL_RCC_GetPCLK2Freq                     0x080010f9   Thumb Code    20  stm32f1xx_hal_rcc.o(i.HAL_RCC_GetPCLK2Freq)
    HAL_RCC_GetSysClockFreq                  0x08001119   Thumb Code    74  stm32f1xx_hal_rcc.o(i.HAL_RCC_GetSysClockFreq)
    HAL_RCC_OscConfig                        0x08001185   Thumb Code   778  stm32f1xx_hal_rcc.o(i.HAL_RCC_OscConfig)
    HAL_RTCEx_BKUPWrite                      0x080014a5   Thumb Code    12  stm32f1xx_hal_rtc_ex.o(i.HAL_RTCEx_BKUPWrite)
    HAL_RTCEx_RTCEventCallback               0x080014b5   Thumb Code     2  stm32f1xx_hal_rtc_ex.o(i.HAL_RTCEx_RTCEventCallback)
    HAL_RTCEx_RTCEventErrorCallback          0x080014b7   Thumb Code     2  stm32f1xx_hal_rtc_ex.o(i.HAL_RTCEx_RTCEventErrorCallback)
    HAL_RTCEx_RTCIRQHandler                  0x080014b9   Thumb Code    60  stm32f1xx_hal_rtc_ex.o(i.HAL_RTCEx_RTCIRQHandler)
    HAL_RTC_AlarmAEventCallback              0x080014f5   Thumb Code   132  main.o(i.HAL_RTC_AlarmAEventCallback)
    HAL_RTC_AlarmIRQHandler                  0x08001599   Thumb Code    46  stm32f1xx_hal_rtc.o(i.HAL_RTC_AlarmIRQHandler)
    HAL_RTC_GetDate                          0x080015cd   Thumb Code    78  stm32f1xx_hal_rtc.o(i.HAL_RTC_GetDate)
    HAL_RTC_GetTime                          0x0800161b   Thumb Code   216  stm32f1xx_hal_rtc.o(i.HAL_RTC_GetTime)
    HAL_RTC_Init                             0x080016f5   Thumb Code   154  stm32f1xx_hal_rtc.o(i.HAL_RTC_Init)
    HAL_RTC_MspInit                          0x08001795   Thumb Code    76  rtc.o(i.HAL_RTC_MspInit)
    HAL_RTC_SetAlarm_IT                      0x080017ed   Thumb Code   224  stm32f1xx_hal_rtc.o(i.HAL_RTC_SetAlarm_IT)
    HAL_RTC_SetDate                          0x080018d5   Thumb Code   192  stm32f1xx_hal_rtc.o(i.HAL_RTC_SetDate)
    HAL_RTC_SetTime                          0x08001999   Thumb Code   168  stm32f1xx_hal_rtc.o(i.HAL_RTC_SetTime)
    HAL_RTC_WaitForSynchro                   0x08001a45   Thumb Code    58  stm32f1xx_hal_rtc.o(i.HAL_RTC_WaitForSynchro)
    HAL_ResumeTick                           0x08001a81   Thumb Code    14  stm32f1xx_hal_timebase_tim.o(i.HAL_ResumeTick)
    HAL_SuspendTick                          0x08001a95   Thumb Code    14  stm32f1xx_hal_timebase_tim.o(i.HAL_SuspendTick)
    HAL_TIMEx_BreakCallback                  0x08001aa9   Thumb Code     2  stm32f1xx_hal_tim_ex.o(i.HAL_TIMEx_BreakCallback)
    HAL_TIMEx_CommutCallback                 0x08001aab   Thumb Code     2  stm32f1xx_hal_tim_ex.o(i.HAL_TIMEx_CommutCallback)
    HAL_TIMEx_ConfigBreakDeadTime            0x08001aad   Thumb Code    84  stm32f1xx_hal_tim_ex.o(i.HAL_TIMEx_ConfigBreakDeadTime)
    HAL_TIMEx_MasterConfigSynchronization    0x08001b01   Thumb Code    92  stm32f1xx_hal_tim_ex.o(i.HAL_TIMEx_MasterConfigSynchronization)
    HAL_TIM_Base_Init                        0x08001b69   Thumb Code    90  stm32f1xx_hal_tim.o(i.HAL_TIM_Base_Init)
    HAL_TIM_Base_MspInit                     0x08001bc5   Thumb Code   118  tim.o(i.HAL_TIM_Base_MspInit)
    HAL_TIM_Base_Start_IT                    0x08001c45   Thumb Code    76  stm32f1xx_hal_tim.o(i.HAL_TIM_Base_Start_IT)
    HAL_TIM_ConfigClockSource                0x08001c9d   Thumb Code   214  stm32f1xx_hal_tim.o(i.HAL_TIM_ConfigClockSource)
    HAL_TIM_IC_CaptureCallback               0x08001d73   Thumb Code     2  stm32f1xx_hal_tim.o(i.HAL_TIM_IC_CaptureCallback)
    HAL_TIM_IRQHandler                       0x08001d75   Thumb Code   358  stm32f1xx_hal_tim.o(i.HAL_TIM_IRQHandler)
    HAL_TIM_MspPostInit                      0x08001edd   Thumb Code    88  tim.o(i.HAL_TIM_MspPostInit)
    HAL_TIM_OC_DelayElapsedCallback          0x08001f41   Thumb Code     2  stm32f1xx_hal_tim.o(i.HAL_TIM_OC_DelayElapsedCallback)
    HAL_TIM_PWM_ConfigChannel                0x08001f43   Thumb Code   198  stm32f1xx_hal_tim.o(i.HAL_TIM_PWM_ConfigChannel)
    HAL_TIM_PWM_Init                         0x08002009   Thumb Code    90  stm32f1xx_hal_tim.o(i.HAL_TIM_PWM_Init)
    HAL_TIM_PWM_MspInit                      0x08002063   Thumb Code     2  stm32f1xx_hal_tim.o(i.HAL_TIM_PWM_MspInit)
    HAL_TIM_PWM_PulseFinishedCallback        0x08002065   Thumb Code    70  main.o(i.HAL_TIM_PWM_PulseFinishedCallback)
    HAL_TIM_PWM_Start                        0x080020bd   Thumb Code   144  stm32f1xx_hal_tim.o(i.HAL_TIM_PWM_Start)
    HAL_TIM_PWM_Start_IT                     0x08002159   Thumb Code   184  stm32f1xx_hal_tim.o(i.HAL_TIM_PWM_Start_IT)
    HAL_TIM_PWM_Stop                         0x0800221d   Thumb Code   108  stm32f1xx_hal_tim.o(i.HAL_TIM_PWM_Stop)
    HAL_TIM_PeriodElapsedCallback            0x0800228d   Thumb Code    14  main.o(i.HAL_TIM_PeriodElapsedCallback)
    HAL_TIM_TriggerCallback                  0x080022a1   Thumb Code     2  stm32f1xx_hal_tim.o(i.HAL_TIM_TriggerCallback)
    HardFault_Handler                        0x080022a3   Thumb Code     2  stm32f1xx_it.o(i.HardFault_Handler)
    MX_FREERTOS_Init                         0x08002515   Thumb Code    18  freertos.o(i.MX_FREERTOS_Init)
    MX_GPIO_Init                             0x08002535   Thumb Code   138  gpio.o(i.MX_GPIO_Init)
    MX_I2C1_Init                             0x080025d1   Thumb Code    50  i2c.o(i.MX_I2C1_Init)
    MX_RTC_Init                              0x08002611   Thumb Code   112  rtc.o(i.MX_RTC_Init)
    MX_TIM1_Init                             0x08002689   Thumb Code   190  tim.o(i.MX_TIM1_Init)
    MX_TIM2_Init                             0x08002751   Thumb Code   144  tim.o(i.MX_TIM2_Init)
    MemManage_Handler                        0x080027e5   Thumb Code     2  stm32f1xx_it.o(i.MemManage_Handler)
    Menu                                     0x080027e9   Thumb Code   112  main.o(i.Menu)
    NMI_Handler                              0x08002899   Thumb Code     2  stm32f1xx_it.o(i.NMI_Handler)
    RTC_Alarm_IRQHandler                     0x0800289d   Thumb Code     6  stm32f1xx_it.o(i.RTC_Alarm_IRQHandler)
    RTC_IRQHandler                           0x080029ed   Thumb Code     6  stm32f1xx_it.o(i.RTC_IRQHandler)
    SLEEP_Callback                           0x08002acd   Thumb Code    20  main.o(i.SLEEP_Callback)
    SetAlarm                                 0x08002ae5   Thumb Code    40  main.o(i.SetAlarm)
    SetDate                                  0x08002b11   Thumb Code    68  main.o(i.SetDate)
    SetTime                                  0x08002b5d   Thumb Code    68  main.o(i.SetTime)
    Show_Date                                0x08002ba9   Thumb Code    70  main.o(i.Show_Date)
    Show_Time                                0x08002c11   Thumb Code    72  main.o(i.Show_Time)
    StartDefaultTask                         0x08002c79   Thumb Code     8  freertos.o(i.StartDefaultTask)
    SysTick_Handler                          0x08002c81   Thumb Code    38  port.o(i.SysTick_Handler)
    SystemClock_Config                       0x08002cad   Thumb Code   110  main.o(i.SystemClock_Config)
    SystemInit                               0x08002d1b   Thumb Code     2  system_stm32f1xx.o(i.SystemInit)
    TIM1_CC_IRQHandler                       0x08002d1d   Thumb Code     6  stm32f1xx_it.o(i.TIM1_CC_IRQHandler)
    TIM1_TRG_COM_IRQHandler                  0x08002d29   Thumb Code     6  stm32f1xx_it.o(i.TIM1_TRG_COM_IRQHandler)
    TIM1_UP_IRQHandler                       0x08002d35   Thumb Code     6  stm32f1xx_it.o(i.TIM1_UP_IRQHandler)
    TIM2_IRQHandler                          0x08002d41   Thumb Code     6  stm32f1xx_it.o(i.TIM2_IRQHandler)
    TIM4_IRQHandler                          0x08002d4d   Thumb Code     6  stm32f1xx_it.o(i.TIM4_IRQHandler)
    TIM_Base_SetConfig                       0x08002d59   Thumb Code    94  stm32f1xx_hal_tim.o(i.TIM_Base_SetConfig)
    TIM_CCxChannelCmd                        0x08002dc5   Thumb Code    26  stm32f1xx_hal_tim.o(i.TIM_CCxChannelCmd)
    TIM_ETR_SetConfig                        0x08002ddf   Thumb Code    20  stm32f1xx_hal_tim.o(i.TIM_ETR_SetConfig)
    TIM_OC2_SetConfig                        0x08002e55   Thumb Code    84  stm32f1xx_hal_tim.o(i.TIM_OC2_SetConfig)
    UsageFault_Handler                       0x08002f8f   Thumb Code     2  stm32f1xx_it.o(i.UsageFault_Handler)
    __0sprintf$1                             0x08002f91   Thumb Code    34  printf1.o(i.__0sprintf$1)
    __1sprintf$1                             0x08002f91   Thumb Code     0  printf1.o(i.__0sprintf$1)
    __2sprintf                               0x08002f91   Thumb Code     0  printf1.o(i.__0sprintf$1)
    __scatterload_copy                       0x08002fd9   Thumb Code    14  handlers.o(i.__scatterload_copy)
    __scatterload_null                       0x08002fe7   Thumb Code     2  handlers.o(i.__scatterload_null)
    __scatterload_zeroinit                   0x08002fe9   Thumb Code    14  handlers.o(i.__scatterload_zeroinit)
    main                                     0x08003159   Thumb Code   228  main.o(i.main)
    osDelay                                  0x080032d1   Thumb Code    46  cmsis_os2.o(i.osDelay)
    osKernelInitialize                       0x08003305   Thumb Code    50  cmsis_os2.o(i.osKernelInitialize)
    osKernelStart                            0x0800333d   Thumb Code    58  cmsis_os2.o(i.osKernelStart)
    osThreadNew                              0x0800337d   Thumb Code   160  cmsis_os2.o(i.osThreadNew)
    pvPortMalloc                             0x08003bc9   Thumb Code   210  heap_4.o(i.pvPortMalloc)
    pxPortInitialiseStack                    0x08003ca1   Thumb Code    32  port.o(i.pxPortInitialiseStack)
    setalarm                                 0x08003cc5   Thumb Code    46  main.o(i.setalarm)
    ssd1306_DrawPixel                        0x08003cf9   Thumb Code    54  ssd1306.o(i.ssd1306_DrawPixel)
    ssd1306_Fill                             0x08003d39   Thumb Code    28  ssd1306.o(i.ssd1306_Fill)
    ssd1306_Init                             0x08003d59   Thumb Code   196  ssd1306.o(i.ssd1306_Init)
    ssd1306_SetContrast                      0x08003e21   Thumb Code    20  ssd1306.o(i.ssd1306_SetContrast)
    ssd1306_SetCursor                        0x08003e35   Thumb Code     8  ssd1306.o(i.ssd1306_SetCursor)
    ssd1306_SetDisplayOn                     0x08003e41   Thumb Code    20  ssd1306.o(i.ssd1306_SetDisplayOn)
    ssd1306_UpdateScreen                     0x08003e59   Thumb Code    50  ssd1306.o(i.ssd1306_UpdateScreen)
    ssd1306_WriteChar                        0x08003e91   Thumb Code   154  ssd1306.o(i.ssd1306_WriteChar)
    ssd1306_WriteCommand                     0x08003f31   Thumb Code    32  ssd1306.o(i.ssd1306_WriteCommand)
    ssd1306_WriteData                        0x08003f55   Thumb Code    26  ssd1306.o(i.ssd1306_WriteData)
    ssd1306_WriteString                      0x08003f75   Thumb Code    44  ssd1306.o(i.ssd1306_WriteString)
    uxListRemove                             0x08003fa1   Thumb Code    38  list.o(i.uxListRemove)
    uxTaskResetEventItemValue                0x08003fc9   Thumb Code    20  tasks.o(i.uxTaskResetEventItemValue)
    vApplicationGetIdleTaskMemory            0x08003fe1   Thumb Code    16  cmsis_os2.o(i.vApplicationGetIdleTaskMemory)
    vApplicationGetTimerTaskMemory           0x08003ff5   Thumb Code    18  cmsis_os2.o(i.vApplicationGetTimerTaskMemory)
    vEventGroupClearBitsCallback             0x0800400d   Thumb Code     4  event_groups.o(i.vEventGroupClearBitsCallback)
    vEventGroupSetBitsCallback               0x08004011   Thumb Code     4  event_groups.o(i.vEventGroupSetBitsCallback)
    vListInitialise                          0x08004015   Thumb Code    22  list.o(i.vListInitialise)
    vListInitialiseItem                      0x0800402b   Thumb Code     6  list.o(i.vListInitialiseItem)
    vListInsert                              0x08004031   Thumb Code    48  list.o(i.vListInsert)
    vListInsertEnd                           0x08004061   Thumb Code    24  list.o(i.vListInsertEnd)
    vPortEnterCritical                       0x08004079   Thumb Code    54  port.o(i.vPortEnterCritical)
    vPortExitCritical                        0x080040b9   Thumb Code    34  port.o(i.vPortExitCritical)
    vPortFree                                0x080040e1   Thumb Code    88  heap_4.o(i.vPortFree)
    vPortSetupTimerInterrupt                 0x0800413d   Thumb Code    32  port.o(i.vPortSetupTimerInterrupt)
    vPortValidateInterruptPriority           0x08004161   Thumb Code    74  port.o(i.vPortValidateInterruptPriority)
    vQueueAddToRegistry                      0x080041b5   Thumb Code    34  queue.o(i.vQueueAddToRegistry)
    vQueueWaitForMessageRestricted           0x080041dd   Thumb Code    68  queue.o(i.vQueueWaitForMessageRestricted)
    vSLEEP                                   0x08004221   Thumb Code   120  main.o(i.vSLEEP)
    vShowMenu                                0x080042a9   Thumb Code    34  main.o(i.vShowMenu)
    vShowTime                                0x080042d1   Thumb Code    34  main.o(i.vShowTime)
    vTaskDelay                               0x080042f9   Thumb Code    66  tasks.o(i.vTaskDelay)
    vTaskInternalSetTimeOutState             0x08004345   Thumb Code    12  tasks.o(i.vTaskInternalSetTimeOutState)
    vTaskMissedYield                         0x08004355   Thumb Code     8  tasks.o(i.vTaskMissedYield)
    vTaskPlaceOnEventList                    0x08004361   Thumb Code    44  tasks.o(i.vTaskPlaceOnEventList)
    vTaskPlaceOnEventListRestricted          0x08004391   Thumb Code    52  tasks.o(i.vTaskPlaceOnEventListRestricted)
    vTaskPlaceOnUnorderedEventList           0x080043c9   Thumb Code    76  tasks.o(i.vTaskPlaceOnUnorderedEventList)
    vTaskRemoveFromUnorderedEventList        0x08004419   Thumb Code   102  tasks.o(i.vTaskRemoveFromUnorderedEventList)
    vTaskStartScheduler                      0x08004489   Thumb Code   118  tasks.o(i.vTaskStartScheduler)
    vTaskSuspendAll                          0x08004511   Thumb Code    10  tasks.o(i.vTaskSuspendAll)
    vTaskSwitchContext                       0x08004521   Thumb Code    90  tasks.o(i.vTaskSwitchContext)
    xEventGroupClearBits                     0x08004585   Thumb Code    64  event_groups.o(i.xEventGroupClearBits)
    xEventGroupClearBitsFromISR              0x080045c5   Thumb Code    12  event_groups.o(i.xEventGroupClearBitsFromISR)
    xEventGroupCreate                        0x080045d5   Thumb Code    28  event_groups.o(i.xEventGroupCreate)
    xEventGroupGetBitsFromISR                0x080045f1   Thumb Code    26  event_groups.o(i.xEventGroupGetBitsFromISR)
    xEventGroupSetBits                       0x0800460b   Thumb Code   140  event_groups.o(i.xEventGroupSetBits)
    xEventGroupSetBitsFromISR                0x08004699   Thumb Code    12  event_groups.o(i.xEventGroupSetBitsFromISR)
    xEventGroupWaitBits                      0x080046a9   Thumb Code   260  event_groups.o(i.xEventGroupWaitBits)
    xPortStartScheduler                      0x080047b1   Thumb Code   154  port.o(i.xPortStartScheduler)
    xQueueGenericCreateStatic                0x08004859   Thumb Code   102  queue.o(i.xQueueGenericCreateStatic)
    xQueueGenericReset                       0x080048c1   Thumb Code   132  queue.o(i.xQueueGenericReset)
    xQueueGenericSend                        0x08004949   Thumb Code   346  queue.o(i.xQueueGenericSend)
    xQueueGenericSendFromISR                 0x08004aa9   Thumb Code   188  queue.o(i.xQueueGenericSendFromISR)
    xQueueReceive                            0x08004b65   Thumb Code   308  queue.o(i.xQueueReceive)
    xTaskCheckForTimeOut                     0x08004c9d   Thumb Code   132  tasks.o(i.xTaskCheckForTimeOut)
    xTaskCreate                              0x08004d25   Thumb Code    90  tasks.o(i.xTaskCreate)
    xTaskCreateStatic                        0x08004d7f   Thumb Code    86  tasks.o(i.xTaskCreateStatic)
    xTaskGetSchedulerState                   0x08004dd5   Thumb Code    22  tasks.o(i.xTaskGetSchedulerState)
    xTaskGetTickCount                        0x08004df1   Thumb Code     6  tasks.o(i.xTaskGetTickCount)
    xTaskGetTickCountFromISR                 0x08004dfd   Thumb Code    12  tasks.o(i.xTaskGetTickCountFromISR)
    xTaskIncrementTick                       0x08004e0d   Thumb Code   190  tasks.o(i.xTaskIncrementTick)
    xTaskPriorityDisinherit                  0x08004ed5   Thumb Code   118  tasks.o(i.xTaskPriorityDisinherit)
    xTaskRemoveFromEventList                 0x08004f55   Thumb Code    98  tasks.o(i.xTaskRemoveFromEventList)
    xTaskResumeAll                           0x08004fc5   Thumb Code   182  tasks.o(i.xTaskResumeAll)
    xTimerCreate                             0x08005089   Thumb Code    52  timers.o(i.xTimerCreate)
    xTimerCreateTimerTask                    0x080050bd   Thumb Code    78  timers.o(i.xTimerCreateTimerTask)
    xTimerGenericCommand                     0x0800511d   Thumb Code    98  timers.o(i.xTimerGenericCommand)
    xTimerPendFunctionCallFromISR            0x08005185   Thumb Code    34  timers.o(i.xTimerPendFunctionCallFromISR)
    defaultTask_attributes                   0x08006674   Data          36  freertos.o(.constdata)
    AHBPrescTable                            0x08006698   Data          16  system_stm32f1xx.o(.constdata)
    APBPrescTable                            0x080066a8   Data           8  system_stm32f1xx.o(.constdata)
    Region$$Table$$Base                      0x080066bc   Number         0  anon$$obj.o(Region$$Table)
    Region$$Table$$Limit                     0x080066dc   Number         0  anon$$obj.o(Region$$Table)
    Font_7x10                                0x20000008   Data           8  ssd1306_fonts.o(.data)
    Font_11x18                               0x20000010   Data           8  ssd1306_fonts.o(.data)
    Hours                                    0x20000018   Data           1  main.o(.data)
    Mins                                     0x20000019   Data           1  main.o(.data)
    Secs                                     0x2000001a   Data           1  main.o(.data)
    Day                                      0x2000001b   Data           1  main.o(.data)
    Month                                    0x2000001c   Data           1  main.o(.data)
    Year                                     0x2000001d   Data           1  main.o(.data)
    num_presses                              0x2000001e   Data           1  main.o(.data)
    Set_Time                                 0x2000001f   Data           1  main.o(.data)
    Set_Alarm                                0x20000020   Data           1  main.o(.data)
    Set_Date                                 0x20000021   Data           1  main.o(.data)
    In_Menu                                  0x20000022   Data           1  main.o(.data)
    Menu_choice                              0x20000023   Data           1  main.o(.data)
    idle                                     0x20000024   Data           4  main.o(.data)
    press_duration                           0x20000028   Data           4  main.o(.data)
    Button1                                  0x20000030   Data           4  main.o(.data)
    SLEEP                                    0x20000034   Data           4  main.o(.data)
    Button2                                  0x20000038   Data           4  main.o(.data)
    Date_                                    0x2000003c   Data           4  main.o(.data)
    Event_G                                  0x20000040   Data           4  main.o(.data)
    Event                                    0x20000044   Data           4  main.o(.data)
    defaultTaskHandle                        0x20000048   Data           4  freertos.o(.data)
    uwTickFreq                               0x2000004c   Data           1  stm32f1xx_hal.o(.data)
    uwTickPrio                               0x20000050   Data           4  stm32f1xx_hal.o(.data)
    uwTick                                   0x20000054   Data           4  stm32f1xx_hal.o(.data)
    SystemCoreClock                          0x20000058   Data           4  system_stm32f1xx.o(.data)
    pxCurrentTCB                             0x2000005c   Data           4  tasks.o(.data)
    hi2c1                                    0x200004d4   Data          84  i2c.o(.bss)
    hrtc                                     0x20000528   Data          20  rtc.o(.bss)
    htim1                                    0x2000053c   Data          72  tim.o(.bss)
    htim2                                    0x20000584   Data          72  tim.o(.bss)
    htim4                                    0x200005cc   Data          72  stm32f1xx_hal_timebase_tim.o(.bss)
    xQueueRegistry                           0x20000614   Data          64  queue.o(.bss)
    __initial_sp                             0x200026e8   Data           0  startup_stm32f103xb.o(STACK)



==============================================================================

Memory Map of the image

  Image Entry point : 0x080000ed

  Load Region LR_IROM1 (Base: 0x08000000, Size: 0x000067b0, Max: 0x00010000, ABSOLUTE)

    Execution Region ER_IROM1 (Exec base: 0x08000000, Load base: 0x08000000, Size: 0x000066dc, Max: 0x00010000, ABSOLUTE)

    Exec Addr    Load Addr    Size         Type   Attr      Idx    E Section Name        Object

    0x08000000   0x08000000   0x000000ec   Data   RO            3    RESET               startup_stm32f103xb.o
    0x080000ec   0x080000ec   0x00000000   Code   RO         5314  * .ARM.Collect$$$$00000000  mc_w.l(entry.o)
    0x080000ec   0x080000ec   0x00000004   Code   RO         5653    .ARM.Collect$$$$00000001  mc_w.l(entry2.o)
    0x080000f0   0x080000f0   0x00000004   Code   RO         5656    .ARM.Collect$$$$00000004  mc_w.l(entry5.o)
    0x080000f4   0x080000f4   0x00000000   Code   RO         5658    .ARM.Collect$$$$00000008  mc_w.l(entry7b.o)
    0x080000f4   0x080000f4   0x00000000   Code   RO         5660    .ARM.Collect$$$$0000000A  mc_w.l(entry8b.o)
    0x080000f4   0x080000f4   0x00000008   Code   RO         5661    .ARM.Collect$$$$0000000B  mc_w.l(entry9a.o)
    0x080000fc   0x080000fc   0x00000004   Code   RO         5668    .ARM.Collect$$$$0000000E  mc_w.l(entry12b.o)
    0x08000100   0x08000100   0x00000000   Code   RO         5663    .ARM.Collect$$$$0000000F  mc_w.l(entry10a.o)
    0x08000100   0x08000100   0x00000000   Code   RO         5665    .ARM.Collect$$$$00000011  mc_w.l(entry11a.o)
    0x08000100   0x08000100   0x00000004   Code   RO         5654    .ARM.Collect$$$$00002712  mc_w.l(entry2.o)
    0x08000104   0x08000104   0x00000096   Code   RO         5195    .emb_text           port.o
    0x0800019a   0x0800019a   0x00000002   PAD
    0x0800019c   0x0800019c   0x00000024   Code   RO            4    .text               startup_stm32f103xb.o
    0x080001c0   0x080001c0   0x00000024   Code   RO         5319    .text               mc_w.l(memcpya.o)
    0x080001e4   0x080001e4   0x00000024   Code   RO         5323    .text               mc_w.l(memseta.o)
    0x08000208   0x08000208   0x0000002c   Code   RO         5672    .text               mc_w.l(uidiv.o)
    0x08000234   0x08000234   0x00000024   Code   RO         5696    .text               mc_w.l(init.o)
    0x08000258   0x08000258   0x00000002   Code   RO          769    i.BusFault_Handler  stm32f1xx_it.o
    0x0800025a   0x0800025a   0x00000002   PAD
    0x0800025c   0x0800025c   0x000001fc   Code   RO          352    i.Button1_Callback  main.o
    0x08000458   0x08000458   0x0000015c   Code   RO          353    i.Button2_Callback  main.o
    0x080005b4   0x080005b4   0x000000a4   Code   RO          354    i.Date              main.o
    0x08000658   0x08000658   0x00000020   Code   RO          355    i.Date_Callback     main.o
    0x08000678   0x08000678   0x00000002   Code   RO          770    i.DebugMon_Handler  stm32f1xx_it.o
    0x0800067a   0x0800067a   0x00000016   Code   RO          771    i.EXTI15_10_IRQHandler  stm32f1xx_it.o
    0x08000690   0x08000690   0x00000004   Code   RO          356    i.Error_Handler     main.o
    0x08000694   0x08000694   0x00000024   Code   RO          981    i.HAL_Delay         stm32f1xx_hal.o
    0x080006b8   0x080006b8   0x00000058   Code   RO          357    i.HAL_GPIO_EXTI_Callback  main.o
    0x08000710   0x08000710   0x00000018   Code   RO         1288    i.HAL_GPIO_EXTI_IRQHandler  stm32f1xx_hal_gpio.o
    0x08000728   0x08000728   0x000001e0   Code   RO         1289    i.HAL_GPIO_Init     stm32f1xx_hal_gpio.o
    0x08000908   0x08000908   0x0000000a   Code   RO         1291    i.HAL_GPIO_ReadPin  stm32f1xx_hal_gpio.o
    0x08000912   0x08000912   0x0000000a   Code   RO         1293    i.HAL_GPIO_WritePin  stm32f1xx_hal_gpio.o
    0x0800091c   0x0800091c   0x0000000c   Code   RO          985    i.HAL_GetTick       stm32f1xx_hal.o
    0x08000928   0x08000928   0x00000188   Code   RO         1960    i.HAL_I2C_Init      stm32f1xx_hal_i2c.o
    0x08000ab0   0x08000ab0   0x00000130   Code   RO         1981    i.HAL_I2C_Mem_Write  stm32f1xx_hal_i2c.o
    0x08000be0   0x08000be0   0x0000005c   Code   RO          632    i.HAL_I2C_MspInit   i2c.o
    0x08000c3c   0x08000c3c   0x00000010   Code   RO          991    i.HAL_IncTick       stm32f1xx_hal.o
    0x08000c4c   0x08000c4c   0x00000024   Code   RO          992    i.HAL_Init          stm32f1xx_hal.o
    0x08000c70   0x08000c70   0x00000074   Code   RO          899    i.HAL_InitTick      stm32f1xx_hal_timebase_tim.o
    0x08000ce4   0x08000ce4   0x00000048   Code   RO          875    i.HAL_MspInit       stm32f1xx_hal_msp.o
    0x08000d2c   0x08000d2c   0x0000001a   Code   RO         1449    i.HAL_NVIC_EnableIRQ  stm32f1xx_hal_cortex.o
    0x08000d46   0x08000d46   0x00000002   PAD
    0x08000d48   0x08000d48   0x00000040   Code   RO         1455    i.HAL_NVIC_SetPriority  stm32f1xx_hal_cortex.o
    0x08000d88   0x08000d88   0x00000024   Code   RO         1456    i.HAL_NVIC_SetPriorityGrouping  stm32f1xx_hal_cortex.o
    0x08000dac   0x08000dac   0x0000000c   Code   RO         1571    i.HAL_PWR_EnableBkUpAccess  stm32f1xx_hal_pwr.o
    0x08000db8   0x08000db8   0x000000c8   Code   RO         1251    i.HAL_RCCEx_GetPeriphCLKFreq  stm32f1xx_hal_rcc_ex.o
    0x08000e80   0x08000e80   0x000000ec   Code   RO         1252    i.HAL_RCCEx_PeriphCLKConfig  stm32f1xx_hal_rcc_ex.o
    0x08000f6c   0x08000f6c   0x0000012c   Code   RO         1149    i.HAL_RCC_ClockConfig  stm32f1xx_hal_rcc.o
    0x08001098   0x08001098   0x00000040   Code   RO         1153    i.HAL_RCC_GetClockConfig  stm32f1xx_hal_rcc.o
    0x080010d8   0x080010d8   0x00000020   Code   RO         1156    i.HAL_RCC_GetPCLK1Freq  stm32f1xx_hal_rcc.o
    0x080010f8   0x080010f8   0x00000020   Code   RO         1157    i.HAL_RCC_GetPCLK2Freq  stm32f1xx_hal_rcc.o
    0x08001118   0x08001118   0x0000006c   Code   RO         1158    i.HAL_RCC_GetSysClockFreq  stm32f1xx_hal_rcc.o
    0x08001184   0x08001184   0x00000320   Code   RO         1161    i.HAL_RCC_OscConfig  stm32f1xx_hal_rcc.o
    0x080014a4   0x080014a4   0x00000010   Code   RO         2547    i.HAL_RTCEx_BKUPWrite  stm32f1xx_hal_rtc_ex.o
    0x080014b4   0x080014b4   0x00000002   Code   RO         2551    i.HAL_RTCEx_RTCEventCallback  stm32f1xx_hal_rtc_ex.o
    0x080014b6   0x080014b6   0x00000002   Code   RO         2552    i.HAL_RTCEx_RTCEventErrorCallback  stm32f1xx_hal_rtc_ex.o
    0x080014b8   0x080014b8   0x0000003c   Code   RO         2553    i.HAL_RTCEx_RTCIRQHandler  stm32f1xx_hal_rtc_ex.o
    0x080014f4   0x080014f4   0x000000a4   Code   RO          358    i.HAL_RTC_AlarmAEventCallback  main.o
    0x08001598   0x08001598   0x00000034   Code   RO         2377    i.HAL_RTC_AlarmIRQHandler  stm32f1xx_hal_rtc.o
    0x080015cc   0x080015cc   0x0000004e   Code   RO         2381    i.HAL_RTC_GetDate   stm32f1xx_hal_rtc.o
    0x0800161a   0x0800161a   0x000000d8   Code   RO         2383    i.HAL_RTC_GetTime   stm32f1xx_hal_rtc.o
    0x080016f2   0x080016f2   0x00000002   PAD
    0x080016f4   0x080016f4   0x000000a0   Code   RO         2384    i.HAL_RTC_Init      stm32f1xx_hal_rtc.o
    0x08001794   0x08001794   0x00000058   Code   RO          674    i.HAL_RTC_MspInit   rtc.o
    0x080017ec   0x080017ec   0x000000e8   Code   RO         2389    i.HAL_RTC_SetAlarm_IT  stm32f1xx_hal_rtc.o
    0x080018d4   0x080018d4   0x000000c4   Code   RO         2390    i.HAL_RTC_SetDate   stm32f1xx_hal_rtc.o
    0x08001998   0x08001998   0x000000ac   Code   RO         2391    i.HAL_RTC_SetTime   stm32f1xx_hal_rtc.o
    0x08001a44   0x08001a44   0x0000003a   Code   RO         2392    i.HAL_RTC_WaitForSynchro  stm32f1xx_hal_rtc.o
    0x08001a7e   0x08001a7e   0x00000002   PAD
    0x08001a80   0x08001a80   0x00000014   Code   RO          900    i.HAL_ResumeTick    stm32f1xx_hal_timebase_tim.o
    0x08001a94   0x08001a94   0x00000014   Code   RO          901    i.HAL_SuspendTick   stm32f1xx_hal_timebase_tim.o
    0x08001aa8   0x08001aa8   0x00000002   Code   RO         3354    i.HAL_TIMEx_BreakCallback  stm32f1xx_hal_tim_ex.o
    0x08001aaa   0x08001aaa   0x00000002   Code   RO         3355    i.HAL_TIMEx_CommutCallback  stm32f1xx_hal_tim_ex.o
    0x08001aac   0x08001aac   0x00000054   Code   RO         3357    i.HAL_TIMEx_ConfigBreakDeadTime  stm32f1xx_hal_tim_ex.o
    0x08001b00   0x08001b00   0x00000068   Code   RO         3373    i.HAL_TIMEx_MasterConfigSynchronization  stm32f1xx_hal_tim_ex.o
    0x08001b68   0x08001b68   0x0000005a   Code   RO         2650    i.HAL_TIM_Base_Init  stm32f1xx_hal_tim.o
    0x08001bc2   0x08001bc2   0x00000002   PAD
    0x08001bc4   0x08001bc4   0x00000080   Code   RO          716    i.HAL_TIM_Base_MspInit  tim.o
    0x08001c44   0x08001c44   0x00000058   Code   RO         2655    i.HAL_TIM_Base_Start_IT  stm32f1xx_hal_tim.o
    0x08001c9c   0x08001c9c   0x000000d6   Code   RO         2659    i.HAL_TIM_ConfigClockSource  stm32f1xx_hal_tim.o
    0x08001d72   0x08001d72   0x00000002   Code   RO         2684    i.HAL_TIM_IC_CaptureCallback  stm32f1xx_hal_tim.o
    0x08001d74   0x08001d74   0x00000166   Code   RO         2698    i.HAL_TIM_IRQHandler  stm32f1xx_hal_tim.o
    0x08001eda   0x08001eda   0x00000002   PAD
    0x08001edc   0x08001edc   0x00000064   Code   RO          717    i.HAL_TIM_MspPostInit  tim.o
    0x08001f40   0x08001f40   0x00000002   Code   RO         2701    i.HAL_TIM_OC_DelayElapsedCallback  stm32f1xx_hal_tim.o
    0x08001f42   0x08001f42   0x000000c6   Code   RO         2722    i.HAL_TIM_PWM_ConfigChannel  stm32f1xx_hal_tim.o
    0x08002008   0x08002008   0x0000005a   Code   RO         2725    i.HAL_TIM_PWM_Init  stm32f1xx_hal_tim.o
    0x08002062   0x08002062   0x00000002   Code   RO         2727    i.HAL_TIM_PWM_MspInit  stm32f1xx_hal_tim.o
    0x08002064   0x08002064   0x00000058   Code   RO          359    i.HAL_TIM_PWM_PulseFinishedCallback  main.o
    0x080020bc   0x080020bc   0x0000009c   Code   RO         2730    i.HAL_TIM_PWM_Start  stm32f1xx_hal_tim.o
    0x08002158   0x08002158   0x000000c4   Code   RO         2732    i.HAL_TIM_PWM_Start_IT  stm32f1xx_hal_tim.o
    0x0800221c   0x0800221c   0x00000070   Code   RO         2733    i.HAL_TIM_PWM_Stop  stm32f1xx_hal_tim.o
    0x0800228c   0x0800228c   0x00000014   Code   RO          360    i.HAL_TIM_PeriodElapsedCallback  main.o
    0x080022a0   0x080022a0   0x00000002   Code   RO         2741    i.HAL_TIM_TriggerCallback  stm32f1xx_hal_tim.o
    0x080022a2   0x080022a2   0x00000002   Code   RO          772    i.HardFault_Handler  stm32f1xx_it.o
    0x080022a4   0x080022a4   0x0000002e   Code   RO         2002    i.I2C_IsAcknowledgeFailed  stm32f1xx_hal_i2c.o
    0x080022d2   0x080022d2   0x00000002   PAD
    0x080022d4   0x080022d4   0x000000a8   Code   RO         2013    i.I2C_RequestMemoryWrite  stm32f1xx_hal_i2c.o
    0x0800237c   0x0800237c   0x0000004c   Code   RO         2016    i.I2C_WaitOnBTFFlagUntilTimeout  stm32f1xx_hal_i2c.o
    0x080023c8   0x080023c8   0x00000068   Code   RO         2017    i.I2C_WaitOnFlagUntilTimeout  stm32f1xx_hal_i2c.o
    0x08002430   0x08002430   0x00000096   Code   RO         2018    i.I2C_WaitOnMasterAddressFlagUntilTimeout  stm32f1xx_hal_i2c.o
    0x080024c6   0x080024c6   0x0000004c   Code   RO         2020    i.I2C_WaitOnTXEFlagUntilTimeout  stm32f1xx_hal_i2c.o
    0x08002512   0x08002512   0x00000002   PAD
    0x08002514   0x08002514   0x00000020   Code   RO          588    i.MX_FREERTOS_Init  freertos.o
    0x08002534   0x08002534   0x0000009c   Code   RO          564    i.MX_GPIO_Init      gpio.o
    0x080025d0   0x080025d0   0x00000040   Code   RO          633    i.MX_I2C1_Init      i2c.o
    0x08002610   0x08002610   0x00000078   Code   RO          675    i.MX_RTC_Init       rtc.o
    0x08002688   0x08002688   0x000000c8   Code   RO          718    i.MX_TIM1_Init      tim.o
    0x08002750   0x08002750   0x00000094   Code   RO          719    i.MX_TIM2_Init      tim.o
    0x080027e4   0x080027e4   0x00000002   Code   RO          773    i.MemManage_Handler  stm32f1xx_it.o
    0x080027e6   0x080027e6   0x00000002   PAD
    0x080027e8   0x080027e8   0x000000b0   Code   RO          361    i.Menu              main.o
    0x08002898   0x08002898   0x00000002   Code   RO          774    i.NMI_Handler       stm32f1xx_it.o
    0x0800289a   0x0800289a   0x00000002   PAD
    0x0800289c   0x0800289c   0x0000000c   Code   RO          775    i.RTC_Alarm_IRQHandler  stm32f1xx_it.o
    0x080028a8   0x080028a8   0x00000012   Code   RO         2393    i.RTC_Bcd2ToByte    stm32f1xx_hal_rtc.o
    0x080028ba   0x080028ba   0x00000016   Code   RO         2394    i.RTC_ByteToBcd2    stm32f1xx_hal_rtc.o
    0x080028d0   0x080028d0   0x000000ae   Code   RO         2395    i.RTC_DateUpdate    stm32f1xx_hal_rtc.o
    0x0800297e   0x0800297e   0x00000034   Code   RO         2396    i.RTC_EnterInitMode  stm32f1xx_hal_rtc.o
    0x080029b2   0x080029b2   0x00000002   PAD
    0x080029b4   0x080029b4   0x00000036   Code   RO         2397    i.RTC_ExitInitMode  stm32f1xx_hal_rtc.o
    0x080029ea   0x080029ea   0x00000002   PAD
    0x080029ec   0x080029ec   0x0000000c   Code   RO          776    i.RTC_IRQHandler    stm32f1xx_it.o
    0x080029f8   0x080029f8   0x0000000e   Code   RO         2398    i.RTC_ReadAlarmCounter  stm32f1xx_hal_rtc.o
    0x08002a06   0x08002a06   0x00000020   Code   RO         2399    i.RTC_ReadTimeCounter  stm32f1xx_hal_rtc.o
    0x08002a26   0x08002a26   0x00000056   Code   RO         2400    i.RTC_WeekDayNum    stm32f1xx_hal_rtc.o
    0x08002a7c   0x08002a7c   0x00000028   Code   RO         2401    i.RTC_WriteAlarmCounter  stm32f1xx_hal_rtc.o
    0x08002aa4   0x08002aa4   0x00000028   Code   RO         2402    i.RTC_WriteTimeCounter  stm32f1xx_hal_rtc.o
    0x08002acc   0x08002acc   0x00000018   Code   RO          362    i.SLEEP_Callback    main.o
    0x08002ae4   0x08002ae4   0x0000002c   Code   RO          363    i.SetAlarm          main.o
    0x08002b10   0x08002b10   0x0000004c   Code   RO          364    i.SetDate           main.o
    0x08002b5c   0x08002b5c   0x0000004c   Code   RO          365    i.SetTime           main.o
    0x08002ba8   0x08002ba8   0x00000068   Code   RO          366    i.Show_Date         main.o
    0x08002c10   0x08002c10   0x00000068   Code   RO          367    i.Show_Time         main.o
    0x08002c78   0x08002c78   0x00000008   Code   RO          589    i.StartDefaultTask  freertos.o
    0x08002c80   0x08002c80   0x0000002c   Code   RO         5196    i.SysTick_Handler   port.o
    0x08002cac   0x08002cac   0x0000006e   Code   RO          368    i.SystemClock_Config  main.o
    0x08002d1a   0x08002d1a   0x00000002   Code   RO         3622    i.SystemInit        system_stm32f1xx.o
    0x08002d1c   0x08002d1c   0x0000000c   Code   RO          777    i.TIM1_CC_IRQHandler  stm32f1xx_it.o
    0x08002d28   0x08002d28   0x0000000c   Code   RO          778    i.TIM1_TRG_COM_IRQHandler  stm32f1xx_it.o
    0x08002d34   0x08002d34   0x0000000c   Code   RO          779    i.TIM1_UP_IRQHandler  stm32f1xx_it.o
    0x08002d40   0x08002d40   0x0000000c   Code   RO          780    i.TIM2_IRQHandler   stm32f1xx_it.o
    0x08002d4c   0x08002d4c   0x0000000c   Code   RO          781    i.TIM4_IRQHandler   stm32f1xx_it.o
    0x08002d58   0x08002d58   0x0000006c   Code   RO         2743    i.TIM_Base_SetConfig  stm32f1xx_hal_tim.o
    0x08002dc4   0x08002dc4   0x0000001a   Code   RO         2744    i.TIM_CCxChannelCmd  stm32f1xx_hal_tim.o
    0x08002dde   0x08002dde   0x00000014   Code   RO         2754    i.TIM_ETR_SetConfig  stm32f1xx_hal_tim.o
    0x08002df2   0x08002df2   0x00000010   Code   RO         2755    i.TIM_ITRx_SetConfig  stm32f1xx_hal_tim.o
    0x08002e02   0x08002e02   0x00000002   PAD
    0x08002e04   0x08002e04   0x00000050   Code   RO         2756    i.TIM_OC1_SetConfig  stm32f1xx_hal_tim.o
    0x08002e54   0x08002e54   0x00000058   Code   RO         2757    i.TIM_OC2_SetConfig  stm32f1xx_hal_tim.o
    0x08002eac   0x08002eac   0x00000058   Code   RO         2758    i.TIM_OC3_SetConfig  stm32f1xx_hal_tim.o
    0x08002f04   0x08002f04   0x00000044   Code   RO         2759    i.TIM_OC4_SetConfig  stm32f1xx_hal_tim.o
    0x08002f48   0x08002f48   0x00000022   Code   RO         2761    i.TIM_TI1_ConfigInputStage  stm32f1xx_hal_tim.o
    0x08002f6a   0x08002f6a   0x00000024   Code   RO         2763    i.TIM_TI2_ConfigInputStage  stm32f1xx_hal_tim.o
    0x08002f8e   0x08002f8e   0x00000002   Code   RO          782    i.UsageFault_Handler  stm32f1xx_it.o
    0x08002f90   0x08002f90   0x00000028   Code   RO         5374    i.__0sprintf$1      mc_w.l(printf1.o)
    0x08002fb8   0x08002fb8   0x00000020   Code   RO         1462    i.__NVIC_SetPriority  stm32f1xx_hal_cortex.o
    0x08002fd8   0x08002fd8   0x0000000e   Code   RO         5702    i.__scatterload_copy  mc_w.l(handlers.o)
    0x08002fe6   0x08002fe6   0x00000002   Code   RO         5703    i.__scatterload_null  mc_w.l(handlers.o)
    0x08002fe8   0x08002fe8   0x0000000e   Code   RO         5704    i.__scatterload_zeroinit  mc_w.l(handlers.o)
    0x08002ff6   0x08002ff6   0x00000002   PAD
    0x08002ff8   0x08002ff8   0x00000154   Code   RO         5379    i._printf_core      mc_w.l(printf1.o)
    0x0800314c   0x0800314c   0x0000000a   Code   RO         5381    i._sputc            mc_w.l(printf1.o)
    0x08003156   0x08003156   0x00000002   PAD
    0x08003158   0x08003158   0x00000178   Code   RO          369    i.main              main.o
    0x080032d0   0x080032d0   0x00000034   Code   RO         4728    i.osDelay           cmsis_os2.o
    0x08003304   0x08003304   0x00000038   Code   RO         4742    i.osKernelInitialize  cmsis_os2.o
    0x0800333c   0x0800333c   0x00000040   Code   RO         4745    i.osKernelStart     cmsis_os2.o
    0x0800337c   0x0800337c   0x000000a4   Code   RO         4779    i.osThreadNew       cmsis_os2.o
    0x08003420   0x08003420   0x00000064   Code   RO         4218    i.prvAddCurrentTaskToDelayedList  tasks.o
    0x08003484   0x08003484   0x000000d0   Code   RO         4219    i.prvAddNewTaskToReadyList  tasks.o
    0x08003554   0x08003554   0x00000058   Code   RO         4574    i.prvCheckForValidListAndQueue  timers.o
    0x080035ac   0x080035ac   0x00000026   Code   RO         3824    i.prvCopyDataFromQueue  queue.o
    0x080035d2   0x080035d2   0x0000006c   Code   RO         3825    i.prvCopyDataToQueue  queue.o
    0x0800363e   0x0800363e   0x00000034   Code   RO         4220    i.prvDeleteTCB      tasks.o
    0x08003672   0x08003672   0x00000002   PAD
    0x08003674   0x08003674   0x0000004c   Code   RO         5146    i.prvHeapInit       heap_4.o
    0x080036c0   0x080036c0   0x00000060   Code   RO         4221    i.prvIdleTask       tasks.o
    0x08003720   0x08003720   0x00000022   Code   RO         3827    i.prvInitialiseNewQueue  queue.o
    0x08003742   0x08003742   0x000000a0   Code   RO         4222    i.prvInitialiseNewTask  tasks.o
    0x080037e2   0x080037e2   0x00000044   Code   RO         4575    i.prvInitialiseNewTimer  timers.o
    0x08003826   0x08003826   0x00000002   PAD
    0x08003828   0x08003828   0x0000004c   Code   RO         5147    i.prvInsertBlockIntoFreeList  heap_4.o
    0x08003874   0x08003874   0x00000038   Code   RO         4576    i.prvInsertTimerInActiveList  timers.o
    0x080038ac   0x080038ac   0x0000001c   Code   RO         3828    i.prvIsQueueEmpty   queue.o
    0x080038c8   0x080038c8   0x000000cc   Code   RO         4577    i.prvProcessReceivedCommands  timers.o
    0x08003994   0x08003994   0x000000b4   Code   RO         4578    i.prvProcessTimerOrBlockTask  timers.o
    0x08003a48   0x08003a48   0x00000020   Code   RO         4224    i.prvResetNextTaskUnblockTime  tasks.o
    0x08003a68   0x08003a68   0x00000028   Code   RO         4579    i.prvSampleTimeNow  timers.o
    0x08003a90   0x08003a90   0x0000006c   Code   RO         4580    i.prvSwitchTimerLists  timers.o
    0x08003afc   0x08003afc   0x00000028   Code   RO         5197    i.prvTaskExitError  port.o
    0x08003b24   0x08003b24   0x00000014   Code   RO         3665    i.prvTestWaitCondition  event_groups.o
    0x08003b38   0x08003b38   0x00000024   Code   RO         4581    i.prvTimerTask      timers.o
    0x08003b5c   0x08003b5c   0x0000006a   Code   RO         3829    i.prvUnlockQueue    queue.o
    0x08003bc6   0x08003bc6   0x00000002   PAD
    0x08003bc8   0x08003bc8   0x000000d8   Code   RO         5148    i.pvPortMalloc      heap_4.o
    0x08003ca0   0x08003ca0   0x00000024   Code   RO         5198    i.pxPortInitialiseStack  port.o
    0x08003cc4   0x08003cc4   0x00000034   Code   RO          370    i.setalarm          main.o
    0x08003cf8   0x08003cf8   0x00000040   Code   RO          180    i.ssd1306_DrawPixel  ssd1306.o
    0x08003d38   0x08003d38   0x00000020   Code   RO          182    i.ssd1306_Fill      ssd1306.o
    0x08003d58   0x08003d58   0x000000c8   Code   RO          185    i.ssd1306_Init      ssd1306.o
    0x08003e20   0x08003e20   0x00000014   Code   RO          190    i.ssd1306_SetContrast  ssd1306.o
    0x08003e34   0x08003e34   0x0000000c   Code   RO          191    i.ssd1306_SetCursor  ssd1306.o
    0x08003e40   0x08003e40   0x00000018   Code   RO          192    i.ssd1306_SetDisplayOn  ssd1306.o
    0x08003e58   0x08003e58   0x00000038   Code   RO          193    i.ssd1306_UpdateScreen  ssd1306.o
    0x08003e90   0x08003e90   0x000000a0   Code   RO          194    i.ssd1306_WriteChar  ssd1306.o
    0x08003f30   0x08003f30   0x00000024   Code   RO          195    i.ssd1306_WriteCommand  ssd1306.o
    0x08003f54   0x08003f54   0x00000020   Code   RO          196    i.ssd1306_WriteData  ssd1306.o
    0x08003f74   0x08003f74   0x0000002c   Code   RO          197    i.ssd1306_WriteString  ssd1306.o
    0x08003fa0   0x08003fa0   0x00000026   Code   RO         3784    i.uxListRemove      list.o
    0x08003fc6   0x08003fc6   0x00000002   PAD
    0x08003fc8   0x08003fc8   0x00000018   Code   RO         4235    i.uxTaskResetEventItemValue  tasks.o
    0x08003fe0   0x08003fe0   0x00000014   Code   RO         4791    i.vApplicationGetIdleTaskMemory  cmsis_os2.o
    0x08003ff4   0x08003ff4   0x00000018   Code   RO         4792    i.vApplicationGetTimerTaskMemory  cmsis_os2.o
    0x0800400c   0x0800400c   0x00000004   Code   RO         3667    i.vEventGroupClearBitsCallback  event_groups.o
    0x08004010   0x08004010   0x00000004   Code   RO         3669    i.vEventGroupSetBitsCallback  event_groups.o
    0x08004014   0x08004014   0x00000016   Code   RO         3785    i.vListInitialise   list.o
    0x0800402a   0x0800402a   0x00000006   Code   RO         3786    i.vListInitialiseItem  list.o
    0x08004030   0x08004030   0x00000030   Code   RO         3787    i.vListInsert       list.o
    0x08004060   0x08004060   0x00000018   Code   RO         3788    i.vListInsertEnd    list.o
    0x08004078   0x08004078   0x00000040   Code   RO         5200    i.vPortEnterCritical  port.o
    0x080040b8   0x080040b8   0x00000028   Code   RO         5201    i.vPortExitCritical  port.o
    0x080040e0   0x080040e0   0x0000005c   Code   RO         5149    i.vPortFree         heap_4.o
    0x0800413c   0x0800413c   0x00000024   Code   RO         5202    i.vPortSetupTimerInterrupt  port.o
    0x08004160   0x08004160   0x00000054   Code   RO         5203    i.vPortValidateInterruptPriority  port.o
    0x080041b4   0x080041b4   0x00000028   Code   RO         3835    i.vQueueAddToRegistry  queue.o
    0x080041dc   0x080041dc   0x00000044   Code   RO         3839    i.vQueueWaitForMessageRestricted  queue.o
    0x08004220   0x08004220   0x00000088   Code   RO          371    i.vSLEEP            main.o
    0x080042a8   0x080042a8   0x00000028   Code   RO          372    i.vShowMenu         main.o
    0x080042d0   0x080042d0   0x00000028   Code   RO          373    i.vShowTime         main.o
    0x080042f8   0x080042f8   0x0000004c   Code   RO         4236    i.vTaskDelay        tasks.o
    0x08004344   0x08004344   0x00000010   Code   RO         4241    i.vTaskInternalSetTimeOutState  tasks.o
    0x08004354   0x08004354   0x0000000c   Code   RO         4242    i.vTaskMissedYield  tasks.o
    0x08004360   0x08004360   0x00000030   Code   RO         4244    i.vTaskPlaceOnEventList  tasks.o
    0x08004390   0x08004390   0x00000038   Code   RO         4245    i.vTaskPlaceOnEventListRestricted  tasks.o
    0x080043c8   0x080043c8   0x00000050   Code   RO         4246    i.vTaskPlaceOnUnorderedEventList  tasks.o
    0x08004418   0x08004418   0x00000070   Code   RO         4249    i.vTaskRemoveFromUnorderedEventList  tasks.o
    0x08004488   0x08004488   0x00000088   Code   RO         4253    i.vTaskStartScheduler  tasks.o
    0x08004510   0x08004510   0x00000010   Code   RO         4255    i.vTaskSuspendAll   tasks.o
    0x08004520   0x08004520   0x00000064   Code   RO         4256    i.vTaskSwitchContext  tasks.o
    0x08004584   0x08004584   0x00000040   Code   RO         3671    i.xEventGroupClearBits  event_groups.o
    0x080045c4   0x080045c4   0x00000010   Code   RO         3672    i.xEventGroupClearBitsFromISR  event_groups.o
    0x080045d4   0x080045d4   0x0000001c   Code   RO         3673    i.xEventGroupCreate  event_groups.o
    0x080045f0   0x080045f0   0x0000001a   Code   RO         3675    i.xEventGroupGetBitsFromISR  event_groups.o
    0x0800460a   0x0800460a   0x0000008c   Code   RO         3676    i.xEventGroupSetBits  event_groups.o
    0x08004696   0x08004696   0x00000002   PAD
    0x08004698   0x08004698   0x00000010   Code   RO         3677    i.xEventGroupSetBitsFromISR  event_groups.o
    0x080046a8   0x080046a8   0x00000108   Code   RO         3679    i.xEventGroupWaitBits  event_groups.o
    0x080047b0   0x080047b0   0x000000a8   Code   RO         5204    i.xPortStartScheduler  port.o
    0x08004858   0x08004858   0x00000066   Code   RO         3845    i.xQueueGenericCreateStatic  queue.o
    0x080048be   0x080048be   0x00000002   PAD
    0x080048c0   0x080048c0   0x00000088   Code   RO         3846    i.xQueueGenericReset  queue.o
    0x08004948   0x08004948   0x00000160   Code   RO         3847    i.xQueueGenericSend  queue.o
    0x08004aa8   0x08004aa8   0x000000bc   Code   RO         3848    i.xQueueGenericSendFromISR  queue.o
    0x08004b64   0x08004b64   0x00000138   Code   RO         3857    i.xQueueReceive     queue.o
    0x08004c9c   0x08004c9c   0x00000088   Code   RO         4258    i.xTaskCheckForTimeOut  tasks.o
    0x08004d24   0x08004d24   0x0000005a   Code   RO         4259    i.xTaskCreate       tasks.o
    0x08004d7e   0x08004d7e   0x00000056   Code   RO         4260    i.xTaskCreateStatic  tasks.o
    0x08004dd4   0x08004dd4   0x0000001c   Code   RO         4264    i.xTaskGetSchedulerState  tasks.o
    0x08004df0   0x08004df0   0x0000000c   Code   RO         4265    i.xTaskGetTickCount  tasks.o
    0x08004dfc   0x08004dfc   0x00000010   Code   RO         4266    i.xTaskGetTickCountFromISR  tasks.o
    0x08004e0c   0x08004e0c   0x000000c8   Code   RO         4267    i.xTaskIncrementTick  tasks.o
    0x08004ed4   0x08004ed4   0x00000080   Code   RO         4270    i.xTaskPriorityDisinherit  tasks.o
    0x08004f54   0x08004f54   0x00000070   Code   RO         4272    i.xTaskRemoveFromEventList  tasks.o
    0x08004fc4   0x08004fc4   0x000000c4   Code   RO         4273    i.xTaskResumeAll    tasks.o
    0x08005088   0x08005088   0x00000034   Code   RO         4586    i.xTimerCreate      timers.o
    0x080050bc   0x080050bc   0x00000060   Code   RO         4588    i.xTimerCreateTimerTask  timers.o
    0x0800511c   0x0800511c   0x00000068   Code   RO         4589    i.xTimerGenericCommand  timers.o
    0x08005184   0x08005184   0x00000028   Code   RO         4595    i.xTimerPendFunctionCallFromISR  timers.o
    0x080051ac   0x080051ac   0x0000076c   Data   RO          334    .constdata          ssd1306_fonts.o
    0x08005918   0x08005918   0x00000d5c   Data   RO          335    .constdata          ssd1306_fonts.o
    0x08006674   0x08006674   0x00000024   Data   RO          590    .constdata          freertos.o
    0x08006698   0x08006698   0x00000010   Data   RO         3623    .constdata          system_stm32f1xx.o
    0x080066a8   0x080066a8   0x00000008   Data   RO         3624    .constdata          system_stm32f1xx.o
    0x080066b0   0x080066b0   0x0000000c   Data   RO          591    .conststring        freertos.o
    0x080066bc   0x080066bc   0x00000020   Data   RO         5700    Region$$Table       anon$$obj.o


    Execution Region RW_IRAM1 (Exec base: 0x20000000, Load base: 0x080066dc, Size: 0x000026e8, Max: 0x00005000, ABSOLUTE)

    Exec Addr    Load Addr    Size         Type   Attr      Idx    E Section Name        Object

    0x20000000   0x080066dc   0x00000008   Data   RW          199    .data               ssd1306.o
    0x20000008   0x080066e4   0x00000008   Data   RW          336    .data               ssd1306_fonts.o
    0x20000010   0x080066ec   0x00000008   Data   RW          337    .data               ssd1306_fonts.o
    0x20000018   0x080066f4   0x00000030   Data   RW          374    .data               main.o
    0x20000048   0x08006724   0x00000004   Data   RW          592    .data               freertos.o
    0x2000004c   0x08006728   0x0000000c   Data   RW          999    .data               stm32f1xx_hal.o
    0x20000058   0x08006734   0x00000004   Data   RW         3625    .data               system_stm32f1xx.o
    0x2000005c   0x08006738   0x0000003c   Data   RW         4276    .data               tasks.o
    0x20000098   0x08006774   0x00000014   Data   RW         4597    .data               timers.o
    0x200000ac   0x08006788   0x00000004   Data   RW         4794    .data               cmsis_os2.o
    0x200000b0   0x0800678c   0x00000018   Data   RW         5154    .data               heap_4.o
    0x200000c8   0x080067a4   0x0000000c   Data   RW         5205    .data               port.o
    0x200000d4        -       0x00000400   Zero   RW          198    .bss                ssd1306.o
    0x200004d4        -       0x00000054   Zero   RW          634    .bss                i2c.o
    0x20000528        -       0x00000014   Zero   RW          676    .bss                rtc.o
    0x2000053c        -       0x00000090   Zero   RW          720    .bss                tim.o
    0x200005cc        -       0x00000048   Zero   RW          902    .bss                stm32f1xx_hal_timebase_tim.o
    0x20000614        -       0x00000040   Zero   RW         3861    .bss                queue.o
    0x20000654        -       0x000004c4   Zero   RW         4275    .bss                tasks.o
    0x20000b18        -       0x00000118   Zero   RW         4596    .bss                timers.o
    0x20000c30        -       0x000006b8   Zero   RW         4793    .bss                cmsis_os2.o
    0x200012e8        -       0x00001000   Zero   RW         5153    .bss                heap_4.o
    0x200022e8        -       0x00000400   Zero   RW            1    STACK               startup_stm32f103xb.o


==============================================================================

Image component sizes


      Code (inc. data)   RO Data    RW Data    ZI Data      Debug   Object Name

       380         32          0          4       1720      14222   cmsis_os2.o
       582         12          0          0          0      27664   event_groups.o
        40         14         48          4          0       1617   freertos.o
       156         18          0          0          0        911   gpio.o
       460         24          0         24       4096       4603   heap_4.o
       156         26          0          0         84       1585   i2c.o
       138          0          0          0          0       3330   list.o
      2774        468          0         48          0      30190   main.o
         0          0          0          0          0     432176   mpu6050.o
       662         70          0         12          0      10669   port.o
      1512         20          0          0         64      14252   queue.o
       208         20          0          0         20       1595   rtc.o
       680         48          0          8       1024       8728   ssd1306.o
         0          0       5320         16          0       1039   ssd1306_fonts.o
        36          8        236          0       1024        792   startup_stm32f103xb.o
       100         18          0         12          0       5166   stm32f1xx_hal.o
       158         14          0          0          0      28130   stm32f1xx_hal_cortex.o
       524         40          0          0          0       4054   stm32f1xx_hal_gpio.o
      1316         32          0          0          0       9079   stm32f1xx_hal_i2c.o
        72         10          0          0          0        850   stm32f1xx_hal_msp.o
        12          4          0          0          0        503   stm32f1xx_hal_pwr.o
      1336        110          0          0          0       5737   stm32f1xx_hal_rcc.o
       436         46          0          0          0       2501   stm32f1xx_hal_rcc_ex.o
      1696         28          0          0          0      14140   stm32f1xx_hal_rtc.o
        80          4          0          0          0       2663   stm32f1xx_hal_rtc_ex.o
      2074         74          0          0          0      16656   stm32f1xx_hal_tim.o
       192         12          0          0          0       3101   stm32f1xx_hal_tim_ex.o
       156         30          0          0         72       2286   stm32f1xx_hal_timebase_tim.o
       118         42          0          0          0       5968   stm32f1xx_it.o
         0          0          0          0          0       8872   stream_buffer.o
         2          0         24          4          0       1083   system_stm32f1xx.o
      2328        192          0         60       1220      25992   tasks.o
       576         36          0          0        144       3149   tim.o
      1072         88          0         20        280      28438   timers.o

    ----------------------------------------------------------------------
     20072       1540       5660        212       9748     721741   Object Totals
         0          0         32          0          0          0   (incl. Generated)
        40          0          0          0          0          0   (incl. Padding)

    ----------------------------------------------------------------------

      Code (inc. data)   RO Data    RW Data    ZI Data      Debug   Library Member Name

         0          0          0          0          0          0   entry.o
         0          0          0          0          0          0   entry10a.o
         0          0          0          0          0          0   entry11a.o
         4          0          0          0          0          0   entry12b.o
         8          4          0          0          0          0   entry2.o
         4          0          0          0          0          0   entry5.o
         0          0          0          0          0          0   entry7b.o
         0          0          0          0          0          0   entry8b.o
         8          4          0          0          0          0   entry9a.o
        30          0          0          0          0          0   handlers.o
        36          8          0          0          0         68   init.o
        36          0          0          0          0         68   memcpya.o
        36          0          0          0          0        108   memseta.o
       390         10          0          0          0        252   printf1.o
        44          0          0          0          0         80   uidiv.o

    ----------------------------------------------------------------------
       600         26          0          0          0        576   Library Totals
         4          0          0          0          0          0   (incl. Padding)

    ----------------------------------------------------------------------

      Code (inc. data)   RO Data    RW Data    ZI Data      Debug   Library Name

       596         26          0          0          0        576   mc_w.l

    ----------------------------------------------------------------------
       600         26          0          0          0        576   Library Totals

    ----------------------------------------------------------------------

==============================================================================


      Code (inc. data)   RO Data    RW Data    ZI Data      Debug   

     20672       1566       5660        212       9748     710717   Grand Totals
     20672       1566       5660        212       9748     710717   ELF Image Totals
     20672       1566       5660        212          0          0   ROM Totals

==============================================================================

    Total RO  Size (Code + RO Data)                26332 (  25.71kB)
    Total RW  Size (RW Data + ZI Data)              9960 (   9.73kB)
    Total ROM Size (Code + RO Data + RW Data)      26544 (  25.92kB)

==============================================================================

